
Discarded input sections

 .group         0x00000000        0x8 uORBTest_UnitTest.cpp.o
 .group         0x00000000        0x8 uORBTest_UnitTest.cpp.o
 .group         0x00000000        0x8 uORBTest_UnitTest.cpp.o
 .group         0x00000000        0x8 uORBTest_UnitTest.cpp.o
 .group         0x00000000        0x8 uORBTest_UnitTest.cpp.o
 .group         0x00000000        0x8 uORBTest_UnitTest.cpp.o
 .group         0x00000000        0x8 uORBTest_UnitTest.cpp.o
 .group         0x00000000        0x8 uORBTest_UnitTest.cpp.o
 .group         0x00000000        0x8 uORBTest_UnitTest.cpp.o
 .group         0x00000000        0x8 uORBTest_UnitTest.cpp.o
 .group         0x00000000        0x8 uORBTest_UnitTest.cpp.o
 .group         0x00000000        0x8 uORBTest_UnitTest.cpp.o
 .group         0x00000000        0x8 uORBTest_UnitTest.cpp.o
 .group         0x00000000        0x8 uORBTest_UnitTest.cpp.o
 .group         0x00000000        0x8 uORBTest_UnitTest.cpp.o
 .group         0x00000000        0x8 uORBTest_UnitTest.cpp.o
 .group         0x00000000        0x8 uORBTest_UnitTest.cpp.o
 .group         0x00000000        0x8 uORBTest_UnitTest.cpp.o
 .group         0x00000000        0x8 uORBTest_UnitTest.cpp.o
 .group         0x00000000        0x8 uORBTest_UnitTest.cpp.o
 .group         0x00000000        0x8 uORBTest_UnitTest.cpp.o
 .group         0x00000000        0x8 uORBTest_UnitTest.cpp.o
 .group         0x00000000        0x8 uORBTest_UnitTest.cpp.o
 .group         0x00000000        0x8 uORBTest_UnitTest.cpp.o
 .group         0x00000000        0x8 uORBTest_UnitTest.cpp.o
 .group         0x00000000        0x8 uORBTest_UnitTest.cpp.o
 .group         0x00000000        0x8 uORBTest_UnitTest.cpp.o
 .group         0x00000000        0x8 uORBTest_UnitTest.cpp.o
 .group         0x00000000        0x8 uORBTest_UnitTest.cpp.o
 .group         0x00000000        0x8 uORBTest_UnitTest.cpp.o
 .group         0x00000000        0x8 uORBTest_UnitTest.cpp.o
 .group         0x00000000        0x8 uORBTest_UnitTest.cpp.o
 .group         0x00000000        0x8 uORBTest_UnitTest.cpp.o
 .group         0x00000000        0x8 uORBTest_UnitTest.cpp.o
 .group         0x00000000        0x8 uORBTest_UnitTest.cpp.o
 .group         0x00000000        0x8 uORBTest_UnitTest.cpp.o
 .group         0x00000000        0x8 uORBTest_UnitTest.cpp.o
 .group         0x00000000        0x8 uORBTest_UnitTest.cpp.o
 .group         0x00000000        0x8 uORBTest_UnitTest.cpp.o
 .group         0x00000000        0x8 uORBTest_UnitTest.cpp.o
 .group         0x00000000        0x8 uORBTest_UnitTest.cpp.o
 .group         0x00000000        0x8 uORBTest_UnitTest.cpp.o
 .group         0x00000000        0x8 uORBTest_UnitTest.cpp.o
 .group         0x00000000        0x8 uORBTest_UnitTest.cpp.o
 .group         0x00000000        0x8 uORBTest_UnitTest.cpp.o
 .group         0x00000000        0x8 uORBTest_UnitTest.cpp.o
 .group         0x00000000        0x8 uORBTest_UnitTest.cpp.o
 .debug_macro   0x00000000      0x93a uORBTest_UnitTest.cpp.o
 .debug_macro   0x00000000       0x22 uORBTest_UnitTest.cpp.o
 .debug_macro   0x00000000      0x8a6 uORBTest_UnitTest.cpp.o
 .debug_macro   0x00000000       0x16 uORBTest_UnitTest.cpp.o
 .debug_macro   0x00000000       0x58 uORBTest_UnitTest.cpp.o
 .debug_macro   0x00000000       0x1c uORBTest_UnitTest.cpp.o
 .debug_macro   0x00000000       0x22 uORBTest_UnitTest.cpp.o
 .debug_macro   0x00000000       0xc9 uORBTest_UnitTest.cpp.o
 .debug_macro   0x00000000       0x10 uORBTest_UnitTest.cpp.o
 .debug_macro   0x00000000       0x88 uORBTest_UnitTest.cpp.o
 .debug_macro   0x00000000      0x14e uORBTest_UnitTest.cpp.o
 .debug_macro   0x00000000      0x125 uORBTest_UnitTest.cpp.o
 .debug_macro   0x00000000       0x29 uORBTest_UnitTest.cpp.o
 .debug_macro   0x00000000       0x2b uORBTest_UnitTest.cpp.o
 .debug_macro   0x00000000      0x167 uORBTest_UnitTest.cpp.o
 .debug_macro   0x00000000       0x4c uORBTest_UnitTest.cpp.o
 .debug_macro   0x00000000       0x49 uORBTest_UnitTest.cpp.o
 .debug_macro   0x00000000      0x106 uORBTest_UnitTest.cpp.o
 .debug_macro   0x00000000       0x23 uORBTest_UnitTest.cpp.o
 .debug_macro   0x00000000       0x28 uORBTest_UnitTest.cpp.o
 .debug_macro   0x00000000       0xd1 uORBTest_UnitTest.cpp.o
 .debug_macro   0x00000000       0x98 uORBTest_UnitTest.cpp.o
 .debug_macro   0x00000000       0x16 uORBTest_UnitTest.cpp.o
 .debug_macro   0x00000000       0x59 uORBTest_UnitTest.cpp.o
 .debug_macro   0x00000000      0x11b uORBTest_UnitTest.cpp.o
 .debug_macro   0x00000000       0x46 uORBTest_UnitTest.cpp.o
 .debug_macro   0x00000000      0x27f uORBTest_UnitTest.cpp.o
 .debug_macro   0x00000000       0x10 uORBTest_UnitTest.cpp.o
 .debug_macro   0x00000000      0x195 uORBTest_UnitTest.cpp.o
 .debug_macro   0x00000000       0x8a uORBTest_UnitTest.cpp.o
 .debug_macro   0x00000000       0x10 uORBTest_UnitTest.cpp.o
 .debug_macro   0x00000000       0x10 uORBTest_UnitTest.cpp.o
 .debug_macro   0x00000000       0x39 uORBTest_UnitTest.cpp.o
[...]
Memory Configuration

Name             Origin             Length             Attributes
*default*        0x00000000         0xffffffff

Linker script and memory map

LOAD uORBDevices_nuttx.cpp.o
LOAD uORBTest_UnitTest.cpp.o
LOAD uORBManager_nuttx.cpp.o
LOAD objects_common.cpp.o
LOAD Publication.cpp.o
LOAD Subscription.cpp.o
LOAD uORBUtils.cpp.o
LOAD uORB.cpp.o
LOAD uORBMain.cpp.o

.interp
 *(.interp)

.note.gnu.build-id
 *(.note.gnu.build-id)

.hash
 *(.hash)

.gnu.hash
 *(.gnu.hash)

.dynsym
 *(.dynsym)

.dynstr
 *(.dynstr)

.gnu.version
 *(.gnu.version)

.gnu.version_d
 *(.gnu.version_d)

.gnu.version_r
 *(.gnu.version_r)

.rel.init
 *(.rel.init)

.rela.init
 *(.rela.init)

.rel.text
 *(.rel.text)

.rela.text
 *(.rela.text)

.rel.fini
 *(.rel.fini)

.rela.fini
 *(.rela.fini)

.rel.rodata
 *(.rel.rodata)

.rela.rodata
 *(.rela.rodata)

.rel.data.rel.ro
 *(.rel.data.rel.ro)

.rela.data.rel.ro
 *(.rela.data.rel.ro)

.rel.data
 *(.rel.data)

.rela.data
 *(.rela.data)

.rel.tdata
 *(.rel.tdata)

.rela.tdata
 *(.rela.tdata)

.rel.tbss
 *(.rel.tbss)

.rela.tbss
 *(.rela.tbss)

.rel.ctors
 *(.rel.ctors)

.rela.ctors
 *(.rela.ctors)

.rel.dtors
 *(.rel.dtors)

.rela.dtors
 *(.rela.dtors)

.rel.got
 *(.rel.got)

.rela.got
 *(.rela.got)

.rel.bss
 *(.rel.bss)

.rela.bss
 *(.rela.bss)

.rel.iplt
 *(.rel.iplt)

.rela.iplt
 *(.rela.iplt)

.rel.plt
 *(.rel.plt)

.rela.plt
 *(.rela.plt)

.init
 *(SORT(.init))

.plt
 *(.plt)

.iplt
 *(.iplt)

.text           0x00000000        0x0
 *(.text .stub)
 .text          0x00000000        0x0 uORBDevices_nuttx.cpp.o
 .text          0x00000000        0x0 uORBTest_UnitTest.cpp.o
 .text          0x00000000        0x0 uORBManager_nuttx.cpp.o
 .text          0x00000000        0x0 objects_common.cpp.o
 .text          0x00000000        0x0 Publication.cpp.o
 .text          0x00000000        0x0 Subscription.cpp.o
 .text          0x00000000        0x0 uORBUtils.cpp.o
 .text          0x00000000        0x0 uORB.cpp.o
 .text          0x00000000        0x0 uORBMain.cpp.o
 *(.gnu.warning)

.text._ZN4uORB10DeviceNodeD2Ev
                0x00000000       0x20
 .text._ZN4uORB10DeviceNodeD2Ev
                0x00000000       0x20 uORBDevices_nuttx.cpp.o
                0x00000000                uORB::DeviceNode::~DeviceNode()
                0x00000000                uORB::DeviceNode::~DeviceNode()

.text._ZN4uORB12DeviceMasterD2Ev
                0x00000000       0x14
 .text._ZN4uORB12DeviceMasterD2Ev
                0x00000000       0x14 uORBDevices_nuttx.cpp.o
                0x00000000                uORB::DeviceMaster::~DeviceMaster()
                0x00000000                uORB::DeviceMaster::~DeviceMaster()

.text._ZN4uORB10DeviceNodeD0Ev
                0x00000000       0x12
 .text._ZN4uORB10DeviceNodeD0Ev
                0x00000000       0x12 uORBDevices_nuttx.cpp.o
                0x00000000                uORB::DeviceNode::~DeviceNode()

.text._ZN4uORB12DeviceMasterD0Ev
                0x00000000       0x12
 .text._ZN4uORB12DeviceMasterD0Ev
                0x00000000       0x12 uORBDevices_nuttx.cpp.o
                0x00000000                uORB::DeviceMaster::~DeviceMaster()

.text._ZN4uORB10DeviceNode5closeEP4file
                0x00000000       0x38
 .text._ZN4uORB10DeviceNode5closeEP4file
                0x00000000       0x38 uORBDevices_nuttx.cpp.o
                0x00000000                uORB::DeviceNode::close(file*)

.text._ZN4uORB10DeviceNode4readEP4filePcj
                0x00000000       0x4e
 .text._ZN4uORB10DeviceNode4readEP4filePcj
                0x00000000       0x4e uORBDevices_nuttx.cpp.o
                0x00000000                uORB::DeviceNode::read(file*, char*, unsigned int)

.text._ZN6device6Device4lockEv
                0x00000000       0x12
 .text._ZN6device6Device4lockEv
                0x00000000       0x12 uORBDevices_nuttx.cpp.o
                0x00000000                device::Device::lock()

.text._ZN4uORB10DeviceNode4openEP4file
                0x00000000       0x7a
 .text._ZN4uORB10DeviceNode4openEP4file
                0x00000000       0x7a uORBDevices_nuttx.cpp.o
                0x00000000                uORB::DeviceNode::open(file*)

.text._ZN4uORB10DeviceNode5writeEP4filePKcj
                0x00000000       0x82
 .text._ZN4uORB10DeviceNode5writeEP4filePKcj
                0x00000000       0x82 uORBDevices_nuttx.cpp.o
                0x00000000                uORB::DeviceNode::write(file*, char const*, unsigned int)

.text._ZN4uORB10DeviceNodeC2EPK12orb_metadataPKcS5_i
                0x00000000       0x38
 .text._ZN4uORB10DeviceNodeC2EPK12orb_metadataPKcS5_i
                0x00000000       0x38 uORBDevices_nuttx.cpp.o
                0x00000000                uORB::DeviceNode::DeviceNode(orb_metadata const*, char const*, char const*, int)
                0x00000000                uORB::DeviceNode::DeviceNode(orb_metadata const*, char const*, char const*, int)

.text._ZN4uORB10DeviceNode7publishEPK12orb_metadataPvPKv
                0x00000000       0x38
 .text._ZN4uORB10DeviceNode7publishEPK12orb_metadataPvPKv
                0x00000000       0x38 uORBDevices_nuttx.cpp.o
                0x00000000                uORB::DeviceNode::publish(orb_metadata const*, void*, void const*)

.text._ZN4uORB10DeviceNode15appears_updatedEPNS0_14SubscriberDataE
                0x00000000       0x64
 .text._ZN4uORB10DeviceNode15appears_updatedEPNS0_14SubscriberDataE
                0x00000000       0x64 uORBDevices_nuttx.cpp.o
                0x00000000                uORB::DeviceNode::appears_updated(uORB::DeviceNode::SubscriberData*)

.text._ZN4uORB10DeviceNode10poll_stateEP4file
                0x00000000        0x6
 .text._ZN4uORB10DeviceNode10poll_stateEP4file
                0x00000000        0x6 uORBDevices_nuttx.cpp.o
                0x00000000                uORB::DeviceNode::poll_state(file*)

.text._ZN4uORB10DeviceNode15poll_notify_oneEP6pollfdh
                0x00000000       0x22
 .text._ZN4uORB10DeviceNode15poll_notify_oneEP6pollfdh
                0x00000000       0x22 uORBDevices_nuttx.cpp.o
                0x00000000                uORB::DeviceNode::poll_notify_one(pollfd*, unsigned char)

.text._ZN4uORB10DeviceNode15update_deferredEv
                0x00000000        0x8
 .text._ZN4uORB10DeviceNode15update_deferredEv
                0x00000000        0x8 uORBDevices_nuttx.cpp.o
                0x00000000                uORB::DeviceNode::update_deferred()

.text._ZN4uORB10DeviceNode26update_deferred_trampolineEPv
                0x00000000        0x4
 .text._ZN4uORB10DeviceNode26update_deferred_trampolineEPv
                0x00000000        0x4 uORBDevices_nuttx.cpp.o
                0x00000000                uORB::DeviceNode::update_deferred_trampoline(void*)

.text._ZN4uORB12DeviceMasterC2ENS_6FlavorE
                0x00000000       0x40
 .text._ZN4uORB12DeviceMasterC2ENS_6FlavorE
                0x00000000       0x40 uORBDevices_nuttx.cpp.o
                0x00000000                uORB::DeviceMaster::DeviceMaster(uORB::Flavor)
                0x00000000                uORB::DeviceMaster::DeviceMaster(uORB::Flavor)

.text._ZN4uORB10DeviceNode5ioctlEP4fileim
                0x00000000       0x4a
 .text._ZN4uORB10DeviceNode5ioctlEP4fileim
                0x00000000       0x4a uORBDevices_nuttx.cpp.o
                0x00000000                uORB::DeviceNode::ioctl(file*, int, unsigned long)

.text._ZN4uORB12DeviceMaster5ioctlEP4fileim
                0x00000000       0xde
 .text._ZN4uORB12DeviceMaster5ioctlEP4fileim
                0x00000000       0xde uORBDevices_nuttx.cpp.o
                0x00000000                uORB::DeviceMaster::ioctl(file*, int, unsigned long)

.text._ZN8uORBTest8UnitTestD2Ev
                0x00000000        0x2
 .text._ZN8uORBTest8UnitTestD2Ev
                0x00000000        0x2 uORBTest_UnitTest.cpp.o
                0x00000000                uORBTest::UnitTest::~UnitTest()
                0x00000000                uORBTest::UnitTest::~UnitTest()

.text._ZN8uORBTest8UnitTest8instanceEv
                0x00000000       0x34
 .text._ZN8uORBTest8UnitTest8instanceEv
                0x00000000       0x34 uORBTest_UnitTest.cpp.o
                0x00000000                uORBTest::UnitTest::instance()

.text._ZN8uORBTest8UnitTest18pubsublatency_mainEv
                0x00000000      0x1c4
 .text._ZN8uORBTest8UnitTest18pubsublatency_mainEv
                0x00000000      0x1c4 uORBTest_UnitTest.cpp.o
                0x00000000                uORBTest::UnitTest::pubsublatency_main()

.text._ZN8uORBTest8UnitTest22pubsubtest_threadEntryEPKPc
                0x00000000        0xe
 .text._ZN8uORBTest8UnitTest22pubsubtest_threadEntryEPKPc
                0x00000000        0xe uORBTest_UnitTest.cpp.o
                0x00000000                uORBTest::UnitTest::pubsubtest_threadEntry(char* const*)

.text._ZN8uORBTest8UnitTest4infoEv
                0x00000000        0x4
 .text._ZN8uORBTest8UnitTest4infoEv
                0x00000000        0x4 uORBTest_UnitTest.cpp.o
                0x00000000                uORBTest::UnitTest::info()

.text._ZN8uORBTest8UnitTest9test_failEPKcz
                0x00000000       0x54
 .text._ZN8uORBTest8UnitTest9test_failEPKcz
                0x00000000       0x54 uORBTest_UnitTest.cpp.o
                0x00000000                uORBTest::UnitTest::test_fail(char const*, ...)

.text._ZN8uORBTest8UnitTest9test_noteEPKcz
                0x00000000       0x50
 .text._ZN8uORBTest8UnitTest9test_noteEPKcz
                0x00000000       0x50 uORBTest_UnitTest.cpp.o
                0x00000000                uORBTest::UnitTest::test_note(char const*, ...)

.text._ZN8uORBTest8UnitTest12latency_testI8orb_testEEiPK12orb_metadatab
                0x00000000       0xa0
 .text._ZN8uORBTest8UnitTest12latency_testI8orb_testEEiPK12orb_metadatab
                0x00000000       0xa0 uORBTest_UnitTest.cpp.o
                0x00000000                int uORBTest::UnitTest::latency_test<orb_test>(orb_metadata const*, bool)

.text._ZN8uORBTest8UnitTest4testEv
                0x00000000      0x2b8
 .text._ZN8uORBTest8UnitTest4testEv
                0x00000000      0x2b8 uORBTest_UnitTest.cpp.o
                0x00000000                uORBTest::UnitTest::test()

.text._ZN4uORB7Manager12get_instanceEv
                0x00000000        0x8
 .text._ZN4uORB7Manager12get_instanceEv
                0x00000000        0x8 uORBManager_nuttx.cpp.o
                0x00000000                uORB::Manager::get_instance()

.text._ZN4uORB7ManagerC2Ev
                0x00000000        0x2
 .text._ZN4uORB7ManagerC2Ev
                0x00000000        0x2 uORBManager_nuttx.cpp.o
                0x00000000                uORB::Manager::Manager()
                0x00000000                uORB::Manager::Manager()

.text._ZN4uORB7Manager10orb_existsEPK12orb_metadatai
                0x00000000       0x32
 .text._ZN4uORB7Manager10orb_existsEPK12orb_metadatai
                0x00000000       0x32 uORBManager_nuttx.cpp.o
                0x00000000                uORB::Manager::orb_exists(orb_metadata const*, int)

.text._ZN4uORB7Manager15orb_unsubscribeEi
                0x00000000        0x6
 .text._ZN4uORB7Manager15orb_unsubscribeEi
                0x00000000        0x6 uORBManager_nuttx.cpp.o
                0x00000000                uORB::Manager::orb_unsubscribe(int)

.text._ZN4uORB7Manager11orb_publishEPK12orb_metadataPvPKv
                0x00000000        0xa
 .text._ZN4uORB7Manager11orb_publishEPK12orb_metadataPvPKv
                0x00000000        0xa uORBManager_nuttx.cpp.o
                0x00000000                uORB::Manager::orb_publish(orb_metadata const*, void*, void const*)

.text._ZN4uORB7Manager8orb_copyEPK12orb_metadataiPv
                0x00000000       0x2a
 .text._ZN4uORB7Manager8orb_copyEPK12orb_metadataiPv
                0x00000000       0x2a uORBManager_nuttx.cpp.o
                0x00000000                uORB::Manager::orb_copy(orb_metadata const*, int, void*)

.text._ZN4uORB7Manager9orb_checkEiPb
                0x00000000        0xa
 .text._ZN4uORB7Manager9orb_checkEiPb
                0x00000000        0xa uORBManager_nuttx.cpp.o
                0x00000000                uORB::Manager::orb_check(int, bool*)

.text._ZN4uORB7Manager8orb_statEiPy
                0x00000000        0xa
 .text._ZN4uORB7Manager8orb_statEiPy
                0x00000000        0xa uORBManager_nuttx.cpp.o
                0x00000000                uORB::Manager::orb_stat(int, unsigned long long*)

.text._ZN4uORB7Manager12orb_priorityEiPi
                0x00000000        0xa
 .text._ZN4uORB7Manager12orb_priorityEiPi
                0x00000000        0xa uORBManager_nuttx.cpp.o
                0x00000000                uORB::Manager::orb_priority(int, int*)

.text._ZN4uORB7Manager16orb_set_intervalEij
                0x00000000       0x10
 .text._ZN4uORB7Manager16orb_set_intervalEij
                0x00000000       0x10 uORBManager_nuttx.cpp.o
                0x00000000                uORB::Manager::orb_set_interval(int, unsigned int)

.text._ZN4uORB7Manager14node_advertiseEPK12orb_metadataPii
                0x00000000       0x48
 .text._ZN4uORB7Manager14node_advertiseEPK12orb_metadataPii
                0x00000000       0x48 uORBManager_nuttx.cpp.o
                0x00000000                uORB::Manager::node_advertise(orb_metadata const*, int*, int)

.text._ZN4uORB7Manager9node_openENS_6FlavorEPK12orb_metadataPKvbPii
                0x00000000       0xb0
 .text._ZN4uORB7Manager9node_openENS_6FlavorEPK12orb_metadataPKvbPii
                0x00000000       0xb0 uORBManager_nuttx.cpp.o
                0x00000000                uORB::Manager::node_open(uORB::Flavor, orb_metadata const*, void const*, bool, int*, int)

.text._ZN4uORB7Manager19orb_advertise_multiEPK12orb_metadataPKvPii
                0x00000000       0x50
 .text._ZN4uORB7Manager19orb_advertise_multiEPK12orb_metadataPKvPii
                0x00000000       0x50 uORBManager_nuttx.cpp.o
                0x00000000                uORB::Manager::orb_advertise_multi(orb_metadata const*, void const*, int*, int)

.text._ZN4uORB7Manager13orb_advertiseEPK12orb_metadataPKv
                0x00000000       0x12
 .text._ZN4uORB7Manager13orb_advertiseEPK12orb_metadataPKv
                0x00000000       0x12 uORBManager_nuttx.cpp.o
                0x00000000                uORB::Manager::orb_advertise(orb_metadata const*, void const*)

.text._ZN4uORB7Manager13orb_subscribeEPK12orb_metadata
                0x00000000       0x1a
 .text._ZN4uORB7Manager13orb_subscribeEPK12orb_metadata
                0x00000000       0x1a uORBManager_nuttx.cpp.o
                0x00000000                uORB::Manager::orb_subscribe(orb_metadata const*)

.text._ZN4uORB7Manager19orb_subscribe_multiEPK12orb_metadataj
                0x00000000       0x22
 .text._ZN4uORB7Manager19orb_subscribe_multiEPK12orb_metadataj
                0x00000000       0x22 uORBManager_nuttx.cpp.o
                0x00000000                uORB::Manager::orb_subscribe_multi(orb_metadata const*, unsigned int)

.text._ZN4uORB15PublicationBaseD2Ev
                0x00000000        0x2
 .text._ZN4uORB15PublicationBaseD2Ev
                0x00000000        0x2 Publication.cpp.o
                0x00000000                uORB::PublicationBase::~PublicationBase()
                0x00000000                uORB::PublicationBase::~PublicationBase()

.text._ZN4uORB11PublicationI18vehicle_attitude_sED2Ev
                0x00000000        0x2
 .text._ZN4uORB11PublicationI18vehicle_attitude_sED2Ev
                0x00000000        0x2 Publication.cpp.o
                0x00000000                uORB::Publication<vehicle_attitude_s>::~Publication()
                0x00000000                uORB::Publication<vehicle_attitude_s>::~Publication()

.text._ZN4uORB11PublicationI18vehicle_attitude_sED1Ev
                0x00000000        0x8
 .text._ZN4uORB11PublicationI18vehicle_attitude_sED1Ev
                0x00000000        0x8 Publication.cpp.o
                0x00000000                non-virtual thunk to uORB::Publication<vehicle_attitude_s>::~Publication()

.text._ZN4uORB11PublicationI24vehicle_local_position_sED2Ev
                0x00000000        0x2
 .text._ZN4uORB11PublicationI24vehicle_local_position_sED2Ev
                0x00000000        0x2 Publication.cpp.o
                0x00000000                uORB::Publication<vehicle_local_position_s>::~Publication()
                0x00000000                uORB::Publication<vehicle_local_position_s>::~Publication()

.text._ZN4uORB11PublicationI24vehicle_local_position_sED1Ev
                0x00000000        0x8
 .text._ZN4uORB11PublicationI24vehicle_local_position_sED1Ev
                0x00000000        0x8 Publication.cpp.o
                0x00000000                non-virtual thunk to uORB::Publication<vehicle_local_position_s>::~Publication()

.text._ZN4uORB11PublicationI25vehicle_global_position_sED2Ev
                0x00000000        0x2
 .text._ZN4uORB11PublicationI25vehicle_global_position_sED2Ev
                0x00000000        0x2 Publication.cpp.o
                0x00000000                uORB::Publication<vehicle_global_position_s>::~Publication()
                0x00000000                uORB::Publication<vehicle_global_position_s>::~Publication()

.text._ZN4uORB11PublicationI25vehicle_global_position_sED1Ev
                0x00000000        0x8
 .text._ZN4uORB11PublicationI25vehicle_global_position_sED1Ev
                0x00000000        0x8 Publication.cpp.o
                0x00000000                non-virtual thunk to uORB::Publication<vehicle_global_position_s>::~Publication()

.text._ZN4uORB11PublicationI17debug_key_value_sED2Ev
                0x00000000        0x2
 .text._ZN4uORB11PublicationI17debug_key_value_sED2Ev
                0x00000000        0x2 Publication.cpp.o
                0x00000000                uORB::Publication<debug_key_value_s>::~Publication()
                0x00000000                uORB::Publication<debug_key_value_s>::~Publication()

.text._ZN4uORB11PublicationI17debug_key_value_sED1Ev
                0x00000000        0x8
 .text._ZN4uORB11PublicationI17debug_key_value_sED1Ev
                0x00000000        0x8 Publication.cpp.o
                0x00000000                non-virtual thunk to uORB::Publication<debug_key_value_s>::~Publication()

.text._ZN4uORB11PublicationI19actuator_controls_sED2Ev
                0x00000000        0x2
 .text._ZN4uORB11PublicationI19actuator_controls_sED2Ev
                0x00000000        0x2 Publication.cpp.o
                0x00000000                uORB::Publication<actuator_controls_s>::~Publication()
                0x00000000                uORB::Publication<actuator_controls_s>::~Publication()

.text._ZN4uORB11PublicationI19actuator_controls_sED1Ev
                0x00000000        0x8
 .text._ZN4uORB11PublicationI19actuator_controls_sED1Ev
                0x00000000        0x8 Publication.cpp.o
                0x00000000                non-virtual thunk to uORB::Publication<actuator_controls_s>::~Publication()

.text._ZN4uORB11PublicationI34vehicle_global_velocity_setpoint_sED2Ev
                0x00000000        0x2
 .text._ZN4uORB11PublicationI34vehicle_global_velocity_setpoint_sED2Ev
                0x00000000        0x2 Publication.cpp.o
                0x00000000                uORB::Publication<vehicle_global_velocity_setpoint_s>::~Publication()
                0x00000000                uORB::Publication<vehicle_global_velocity_setpoint_s>::~Publication()

.text._ZN4uORB11PublicationI34vehicle_global_velocity_setpoint_sED1Ev
                0x00000000        0x8
 .text._ZN4uORB11PublicationI34vehicle_global_velocity_setpoint_sED1Ev
                0x00000000        0x8 Publication.cpp.o
                0x00000000                non-virtual thunk to uORB::Publication<vehicle_global_velocity_setpoint_s>::~Publication()

.text._ZN4uORB11PublicationI27vehicle_attitude_setpoint_sED2Ev
                0x00000000        0x2
 .text._ZN4uORB11PublicationI27vehicle_attitude_setpoint_sED2Ev
                0x00000000        0x2 Publication.cpp.o
                0x00000000                uORB::Publication<vehicle_attitude_setpoint_s>::~Publication()
                0x00000000                uORB::Publication<vehicle_attitude_setpoint_s>::~Publication()

.text._ZN4uORB11PublicationI27vehicle_attitude_setpoint_sED1Ev
                0x00000000        0x8
 .text._ZN4uORB11PublicationI27vehicle_attitude_setpoint_sED1Ev
                0x00000000        0x8 Publication.cpp.o
                0x00000000                non-virtual thunk to uORB::Publication<vehicle_attitude_setpoint_s>::~Publication()

.text._ZN4uORB11PublicationI24vehicle_rates_setpoint_sED2Ev
                0x00000000        0x2
 .text._ZN4uORB11PublicationI24vehicle_rates_setpoint_sED2Ev
                0x00000000        0x2 Publication.cpp.o
                0x00000000                uORB::Publication<vehicle_rates_setpoint_s>::~Publication()
                0x00000000                uORB::Publication<vehicle_rates_setpoint_s>::~Publication()

.text._ZN4uORB11PublicationI24vehicle_rates_setpoint_sED1Ev
                0x00000000        0x8
 .text._ZN4uORB11PublicationI24vehicle_rates_setpoint_sED1Ev
                0x00000000        0x8 Publication.cpp.o
                0x00000000                non-virtual thunk to uORB::Publication<vehicle_rates_setpoint_s>::~Publication()

.text._ZN4uORB11PublicationI18actuator_outputs_sED2Ev
                0x00000000        0x2
 .text._ZN4uORB11PublicationI18actuator_outputs_sED2Ev
                0x00000000        0x2 Publication.cpp.o
                0x00000000                uORB::Publication<actuator_outputs_s>::~Publication()
                0x00000000                uORB::Publication<actuator_outputs_s>::~Publication()

.text._ZN4uORB11PublicationI18actuator_outputs_sED1Ev
                0x00000000        0x8
 .text._ZN4uORB11PublicationI18actuator_outputs_sED1Ev
                0x00000000        0x8 Publication.cpp.o
                0x00000000                non-virtual thunk to uORB::Publication<actuator_outputs_s>::~Publication()

.text._ZN4uORB11PublicationI17actuator_direct_sED2Ev
                0x00000000        0x2
 .text._ZN4uORB11PublicationI17actuator_direct_sED2Ev
                0x00000000        0x2 Publication.cpp.o
                0x00000000                uORB::Publication<actuator_direct_s>::~Publication()
                0x00000000                uORB::Publication<actuator_direct_s>::~Publication()

.text._ZN4uORB11PublicationI17actuator_direct_sED1Ev
                0x00000000        0x8
 .text._ZN4uORB11PublicationI17actuator_direct_sED1Ev
                0x00000000        0x8 Publication.cpp.o
                0x00000000                non-virtual thunk to uORB::Publication<actuator_direct_s>::~Publication()

.text._ZN4uORB11PublicationI10encoders_sED2Ev
                0x00000000        0x2
 .text._ZN4uORB11PublicationI10encoders_sED2Ev
                0x00000000        0x2 Publication.cpp.o
                0x00000000                uORB::Publication<encoders_s>::~Publication()
                0x00000000                uORB::Publication<encoders_s>::~Publication()

.text._ZN4uORB11PublicationI10encoders_sED1Ev
                0x00000000        0x8
 .text._ZN4uORB11PublicationI10encoders_sED1Ev
                0x00000000        0x8 Publication.cpp.o
                0x00000000                non-virtual thunk to uORB::Publication<encoders_s>::~Publication()

.text._ZN4uORB11PublicationI13tecs_status_sED2Ev
                0x00000000        0x2
 .text._ZN4uORB11PublicationI13tecs_status_sED2Ev
                0x00000000        0x2 Publication.cpp.o
                0x00000000                uORB::Publication<tecs_status_s>::~Publication()
                0x00000000                uORB::Publication<tecs_status_s>::~Publication()

.text._ZN4uORB11PublicationI13tecs_status_sED1Ev
                0x00000000        0x8
 .text._ZN4uORB11PublicationI13tecs_status_sED1Ev
                0x00000000        0x8 Publication.cpp.o
                0x00000000                non-virtual thunk to uORB::Publication<tecs_status_s>::~Publication()

.text._ZN4uORB11PublicationI13rc_channels_sED2Ev
                0x00000000        0x2
 .text._ZN4uORB11PublicationI13rc_channels_sED2Ev
                0x00000000        0x2 Publication.cpp.o
                0x00000000                uORB::Publication<rc_channels_s>::~Publication()
                0x00000000                uORB::Publication<rc_channels_s>::~Publication()

.text._ZN4uORB11PublicationI13rc_channels_sED1Ev
                0x00000000        0x8
 .text._ZN4uORB11PublicationI13rc_channels_sED1Ev
                0x00000000        0x8 Publication.cpp.o
                0x00000000                non-virtual thunk to uORB::Publication<rc_channels_s>::~Publication()

.text._ZN8ListNodeIPN4uORB15PublicationNodeEED2Ev
                0x00000000        0x2
 .text._ZN8ListNodeIPN4uORB15PublicationNodeEED2Ev
                0x00000000        0x2 Publication.cpp.o
                0x00000000                ListNode<uORB::PublicationNode*>::~ListNode()
                0x00000000                ListNode<uORB::PublicationNode*>::~ListNode()

.text._ZN4uORB15PublicationBaseD0Ev
                0x00000000        0xc
 .text._ZN4uORB15PublicationBaseD0Ev
                0x00000000        0xc Publication.cpp.o
                0x00000000                uORB::PublicationBase::~PublicationBase()

.text._ZN8ListNodeIPN4uORB15PublicationNodeEED0Ev
                0x00000000        0xc
 .text._ZN8ListNodeIPN4uORB15PublicationNodeEED0Ev
                0x00000000        0xc Publication.cpp.o
                0x00000000                ListNode<uORB::PublicationNode*>::~ListNode()

.text._ZN4uORB11PublicationI18vehicle_attitude_sED0Ev
                0x00000000       0x12
 .text._ZN4uORB11PublicationI18vehicle_attitude_sED0Ev
                0x00000000       0x12 Publication.cpp.o
                0x00000000                uORB::Publication<vehicle_attitude_s>::~Publication()
                0x0000000c                non-virtual thunk to uORB::Publication<vehicle_attitude_s>::~Publication()

.text._ZN4uORB11PublicationI24vehicle_local_position_sED0Ev
                0x00000000       0x12
 .text._ZN4uORB11PublicationI24vehicle_local_position_sED0Ev
                0x00000000       0x12 Publication.cpp.o
                0x00000000                uORB::Publication<vehicle_local_position_s>::~Publication()
                0x0000000c                non-virtual thunk to uORB::Publication<vehicle_local_position_s>::~Publication()

.text._ZN4uORB11PublicationI25vehicle_global_position_sED0Ev
                0x00000000       0x12
 .text._ZN4uORB11PublicationI25vehicle_global_position_sED0Ev
                0x00000000       0x12 Publication.cpp.o
                0x00000000                uORB::Publication<vehicle_global_position_s>::~Publication()
                0x0000000c                non-virtual thunk to uORB::Publication<vehicle_global_position_s>::~Publication()

.text._ZN4uORB11PublicationI17debug_key_value_sED0Ev
                0x00000000       0x12
 .text._ZN4uORB11PublicationI17debug_key_value_sED0Ev
                0x00000000       0x12 Publication.cpp.o
                0x00000000                uORB::Publication<debug_key_value_s>::~Publication()
                0x0000000c                non-virtual thunk to uORB::Publication<debug_key_value_s>::~Publication()

.text._ZN4uORB11PublicationI19actuator_controls_sED0Ev
                0x00000000       0x12
 .text._ZN4uORB11PublicationI19actuator_controls_sED0Ev
                0x00000000       0x12 Publication.cpp.o
                0x00000000                uORB::Publication<actuator_controls_s>::~Publication()
                0x0000000c                non-virtual thunk to uORB::Publication<actuator_controls_s>::~Publication()

.text._ZN4uORB11PublicationI34vehicle_global_velocity_setpoint_sED0Ev
                0x00000000       0x12
 .text._ZN4uORB11PublicationI34vehicle_global_velocity_setpoint_sED0Ev
                0x00000000       0x12 Publication.cpp.o
                0x00000000                uORB::Publication<vehicle_global_velocity_setpoint_s>::~Publication()
                0x0000000c                non-virtual thunk to uORB::Publication<vehicle_global_velocity_setpoint_s>::~Publication()

.text._ZN4uORB11PublicationI27vehicle_attitude_setpoint_sED0Ev
                0x00000000       0x12
 .text._ZN4uORB11PublicationI27vehicle_attitude_setpoint_sED0Ev
                0x00000000       0x12 Publication.cpp.o
                0x00000000                uORB::Publication<vehicle_attitude_setpoint_s>::~Publication()
                0x0000000c                non-virtual thunk to uORB::Publication<vehicle_attitude_setpoint_s>::~Publication()

.text._ZN4uORB11PublicationI24vehicle_rates_setpoint_sED0Ev
                0x00000000       0x12
 .text._ZN4uORB11PublicationI24vehicle_rates_setpoint_sED0Ev
                0x00000000       0x12 Publication.cpp.o
                0x00000000                uORB::Publication<vehicle_rates_setpoint_s>::~Publication()
                0x0000000c                non-virtual thunk to uORB::Publication<vehicle_rates_setpoint_s>::~Publication()

.text._ZN4uORB11PublicationI18actuator_outputs_sED0Ev
                0x00000000       0x12
 .text._ZN4uORB11PublicationI18actuator_outputs_sED0Ev
                0x00000000       0x12 Publication.cpp.o
                0x00000000                uORB::Publication<actuator_outputs_s>::~Publication()
                0x0000000c                non-virtual thunk to uORB::Publication<actuator_outputs_s>::~Publication()

.text._ZN4uORB11PublicationI17actuator_direct_sED0Ev
                0x00000000       0x12
 .text._ZN4uORB11PublicationI17actuator_direct_sED0Ev
                0x00000000       0x12 Publication.cpp.o
                0x00000000                uORB::Publication<actuator_direct_s>::~Publication()
                0x0000000c                non-virtual thunk to uORB::Publication<actuator_direct_s>::~Publication()

.text._ZN4uORB11PublicationI10encoders_sED0Ev
                0x00000000       0x12
 .text._ZN4uORB11PublicationI10encoders_sED0Ev
                0x00000000       0x12 Publication.cpp.o
                0x00000000                uORB::Publication<encoders_s>::~Publication()
                0x0000000c                non-virtual thunk to uORB::Publication<encoders_s>::~Publication()

.text._ZN4uORB11PublicationI13tecs_status_sED0Ev
                0x00000000       0x12
 .text._ZN4uORB11PublicationI13tecs_status_sED0Ev
                0x00000000       0x12 Publication.cpp.o
                0x00000000                uORB::Publication<tecs_status_s>::~Publication()
                0x0000000c                non-virtual thunk to uORB::Publication<tecs_status_s>::~Publication()

.text._ZN4uORB11PublicationI13rc_channels_sED0Ev
                0x00000000       0x12
 .text._ZN4uORB11PublicationI13rc_channels_sED0Ev
                0x00000000       0x12 Publication.cpp.o
                0x00000000                uORB::Publication<rc_channels_s>::~Publication()
                0x0000000c                non-virtual thunk to uORB::Publication<rc_channels_s>::~Publication()

.text._ZN4uORB15PublicationBase6updateEPv
                0x00000000       0x1e
 .text._ZN4uORB15PublicationBase6updateEPv
                0x00000000       0x1e Publication.cpp.o
                0x00000000                uORB::PublicationBase::update(void*)

.text._ZN4uORB11PublicationI18vehicle_attitude_sE6updateEv
                0x00000000        0xc
 .text._ZN4uORB11PublicationI18vehicle_attitude_sE6updateEv
                0x00000000        0xc Publication.cpp.o
                0x00000000                uORB::Publication<vehicle_attitude_s>::update()

.text._ZN4uORB11PublicationI24vehicle_local_position_sE6updateEv
                0x00000000        0xc
 .text._ZN4uORB11PublicationI24vehicle_local_position_sE6updateEv
                0x00000000        0xc Publication.cpp.o
                0x00000000                uORB::Publication<vehicle_local_position_s>::update()

.text._ZN4uORB11PublicationI25vehicle_global_position_sE6updateEv
                0x00000000        0xc
 .text._ZN4uORB11PublicationI25vehicle_global_position_sE6updateEv
                0x00000000        0xc Publication.cpp.o
                0x00000000                uORB::Publication<vehicle_global_position_s>::update()

.text._ZN4uORB11PublicationI17debug_key_value_sE6updateEv
                0x00000000        0xc
 .text._ZN4uORB11PublicationI17debug_key_value_sE6updateEv
                0x00000000        0xc Publication.cpp.o
                0x00000000                uORB::Publication<debug_key_value_s>::update()

.text._ZN4uORB11PublicationI19actuator_controls_sE6updateEv
                0x00000000        0xc
 .text._ZN4uORB11PublicationI19actuator_controls_sE6updateEv
                0x00000000        0xc Publication.cpp.o
                0x00000000                uORB::Publication<actuator_controls_s>::update()

.text._ZN4uORB11PublicationI34vehicle_global_velocity_setpoint_sE6updateEv
                0x00000000        0xc
 .text._ZN4uORB11PublicationI34vehicle_global_velocity_setpoint_sE6updateEv
                0x00000000        0xc Publication.cpp.o
                0x00000000                uORB::Publication<vehicle_global_velocity_setpoint_s>::update()

.text._ZN4uORB11PublicationI27vehicle_attitude_setpoint_sE6updateEv
                0x00000000        0xc
 .text._ZN4uORB11PublicationI27vehicle_attitude_setpoint_sE6updateEv
                0x00000000        0xc Publication.cpp.o
                0x00000000                uORB::Publication<vehicle_attitude_setpoint_s>::update()

.text._ZN4uORB11PublicationI24vehicle_rates_setpoint_sE6updateEv
                0x00000000        0xc
 .text._ZN4uORB11PublicationI24vehicle_rates_setpoint_sE6updateEv
                0x00000000        0xc Publication.cpp.o
                0x00000000                uORB::Publication<vehicle_rates_setpoint_s>::update()

.text._ZN4uORB11PublicationI18actuator_outputs_sE6updateEv
                0x00000000        0xc
 .text._ZN4uORB11PublicationI18actuator_outputs_sE6updateEv
                0x00000000        0xc Publication.cpp.o
                0x00000000                uORB::Publication<actuator_outputs_s>::update()

.text._ZN4uORB11PublicationI17actuator_direct_sE6updateEv
                0x00000000        0xc
 .text._ZN4uORB11PublicationI17actuator_direct_sE6updateEv
                0x00000000        0xc Publication.cpp.o
                0x00000000                uORB::Publication<actuator_direct_s>::update()

.text._ZN4uORB11PublicationI10encoders_sE6updateEv
                0x00000000        0xc
 .text._ZN4uORB11PublicationI10encoders_sE6updateEv
                0x00000000        0xc Publication.cpp.o
                0x00000000                uORB::Publication<encoders_s>::update()

.text._ZN4uORB11PublicationI13tecs_status_sE6updateEv
                0x00000000        0xc
 .text._ZN4uORB11PublicationI13tecs_status_sE6updateEv
                0x00000000        0xc Publication.cpp.o
                0x00000000                uORB::Publication<tecs_status_s>::update()

.text._ZN4uORB11PublicationI13rc_channels_sE6updateEv
                0x00000000        0xc
 .text._ZN4uORB11PublicationI13rc_channels_sE6updateEv
                0x00000000        0xc Publication.cpp.o
                0x00000000                uORB::Publication<rc_channels_s>::update()

.text._ZN4uORB15PublicationNodeC2EPK12orb_metadataP4ListIPS0_E
                0x00000000       0x20
 .text._ZN4uORB15PublicationNodeC2EPK12orb_metadataP4ListIPS0_E
                0x00000000       0x20 Publication.cpp.o
                0x00000000                uORB::PublicationNode::PublicationNode(orb_metadata const*, List<uORB::PublicationNode*>*)
                0x00000000                uORB::PublicationNode::PublicationNode(orb_metadata const*, List<uORB::PublicationNode*>*)

.text._ZN4uORB11PublicationI18vehicle_attitude_sEC2EPK12orb_metadataP4ListIPNS_15PublicationNodeEE
                0x00000000       0x2c
 .text._ZN4uORB11PublicationI18vehicle_attitude_sEC2EPK12orb_metadataP4ListIPNS_15PublicationNodeEE
                0x00000000       0x2c Publication.cpp.o
                0x00000000                uORB::Publication<vehicle_attitude_s>::Publication(orb_metadata const*, List<uORB::PublicationNode*>*)
                0x00000000                uORB::Publication<vehicle_attitude_s>::Publication(orb_metadata const*, List<uORB::PublicationNode*>*)

.text._ZN4uORB11PublicationI18vehicle_attitude_sE14getDataVoidPtrEv
                0x00000000        0x4
 .text._ZN4uORB11PublicationI18vehicle_attitude_sE14getDataVoidPtrEv
                0x00000000        0x4 Publication.cpp.o
                0x00000000                uORB::Publication<vehicle_attitude_s>::getDataVoidPtr()

.text._ZN4uORB11PublicationI24vehicle_local_position_sEC2EPK12orb_metadataP4ListIPNS_15PublicationNodeEE
                0x00000000       0x2c
 .text._ZN4uORB11PublicationI24vehicle_local_position_sEC2EPK12orb_metadataP4ListIPNS_15PublicationNodeEE
                0x00000000       0x2c Publication.cpp.o
                0x00000000                uORB::Publication<vehicle_local_position_s>::Publication(orb_metadata const*, List<uORB::PublicationNode*>*)
                0x00000000                uORB::Publication<vehicle_local_position_s>::Publication(orb_metadata const*, List<uORB::PublicationNode*>*)

.text._ZN4uORB11PublicationI24vehicle_local_position_sE14getDataVoidPtrEv
                0x00000000        0x4
 .text._ZN4uORB11PublicationI24vehicle_local_position_sE14getDataVoidPtrEv
                0x00000000        0x4 Publication.cpp.o
                0x00000000                uORB::Publication<vehicle_local_position_s>::getDataVoidPtr()

.text._ZN4uORB11PublicationI25vehicle_global_position_sEC2EPK12orb_metadataP4ListIPNS_15PublicationNodeEE
                0x00000000       0x2c
 .text._ZN4uORB11PublicationI25vehicle_global_position_sEC2EPK12orb_metadataP4ListIPNS_15PublicationNodeEE
                0x00000000       0x2c Publication.cpp.o
                0x00000000                uORB::Publication<vehicle_global_position_s>::Publication(orb_metadata const*, List<uORB::PublicationNode*>*)
                0x00000000                uORB::Publication<vehicle_global_position_s>::Publication(orb_metadata const*, List<uORB::PublicationNode*>*)

.text._ZN4uORB11PublicationI25vehicle_global_position_sE14getDataVoidPtrEv
                0x00000000        0x4
 .text._ZN4uORB11PublicationI25vehicle_global_position_sE14getDataVoidPtrEv
                0x00000000        0x4 Publication.cpp.o
                0x00000000                uORB::Publication<vehicle_global_position_s>::getDataVoidPtr()

.text._ZN4uORB11PublicationI17debug_key_value_sEC2EPK12orb_metadataP4ListIPNS_15PublicationNodeEE
                0x00000000       0x2c
 .text._ZN4uORB11PublicationI17debug_key_value_sEC2EPK12orb_metadataP4ListIPNS_15PublicationNodeEE
                0x00000000       0x2c Publication.cpp.o
                0x00000000                uORB::Publication<debug_key_value_s>::Publication(orb_metadata const*, List<uORB::PublicationNode*>*)
                0x00000000                uORB::Publication<debug_key_value_s>::Publication(orb_metadata const*, List<uORB::PublicationNode*>*)

.text._ZN4uORB11PublicationI17debug_key_value_sE14getDataVoidPtrEv
                0x00000000        0x4
 .text._ZN4uORB11PublicationI17debug_key_value_sE14getDataVoidPtrEv
                0x00000000        0x4 Publication.cpp.o
                0x00000000                uORB::Publication<debug_key_value_s>::getDataVoidPtr()

.text._ZN4uORB11PublicationI19actuator_controls_sEC2EPK12orb_metadataP4ListIPNS_15PublicationNodeEE
                0x00000000       0x2c
 .text._ZN4uORB11PublicationI19actuator_controls_sEC2EPK12orb_metadataP4ListIPNS_15PublicationNodeEE
                0x00000000       0x2c Publication.cpp.o
                0x00000000                uORB::Publication<actuator_controls_s>::Publication(orb_metadata const*, List<uORB::PublicationNode*>*)
                0x00000000                uORB::Publication<actuator_controls_s>::Publication(orb_metadata const*, List<uORB::PublicationNode*>*)

.text._ZN4uORB11PublicationI19actuator_controls_sE14getDataVoidPtrEv
                0x00000000        0x4
 .text._ZN4uORB11PublicationI19actuator_controls_sE14getDataVoidPtrEv
                0x00000000        0x4 Publication.cpp.o
                0x00000000                uORB::Publication<actuator_controls_s>::getDataVoidPtr()

.text._ZN4uORB11PublicationI34vehicle_global_velocity_setpoint_sEC2EPK12orb_metadataP4ListIPNS_15PublicationNodeEE
                0x00000000       0x20
 .text._ZN4uORB11PublicationI34vehicle_global_velocity_setpoint_sEC2EPK12orb_metadataP4ListIPNS_15PublicationNodeEE
                0x00000000       0x20 Publication.cpp.o
                0x00000000                uORB::Publication<vehicle_global_velocity_setpoint_s>::Publication(orb_metadata const*, List<uORB::PublicationNode*>*)
                0x00000000                uORB::Publication<vehicle_global_velocity_setpoint_s>::Publication(orb_metadata const*, List<uORB::PublicationNode*>*)

.text._ZN4uORB11PublicationI34vehicle_global_velocity_setpoint_sE14getDataVoidPtrEv
                0x00000000        0x4
 .text._ZN4uORB11PublicationI34vehicle_global_velocity_setpoint_sE14getDataVoidPtrEv
                0x00000000        0x4 Publication.cpp.o
                0x00000000                uORB::Publication<vehicle_global_velocity_setpoint_s>::getDataVoidPtr()

.text._ZN4uORB11PublicationI27vehicle_attitude_setpoint_sEC2EPK12orb_metadataP4ListIPNS_15PublicationNodeEE
                0x00000000       0x2c
 .text._ZN4uORB11PublicationI27vehicle_attitude_setpoint_sEC2EPK12orb_metadataP4ListIPNS_15PublicationNodeEE
                0x00000000       0x2c Publication.cpp.o
                0x00000000                uORB::Publication<vehicle_attitude_setpoint_s>::Publication(orb_metadata const*, List<uORB::PublicationNode*>*)
                0x00000000                uORB::Publication<vehicle_attitude_setpoint_s>::Publication(orb_metadata const*, List<uORB::PublicationNode*>*)

.text._ZN4uORB11PublicationI27vehicle_attitude_setpoint_sE14getDataVoidPtrEv
                0x00000000        0x4
 .text._ZN4uORB11PublicationI27vehicle_attitude_setpoint_sE14getDataVoidPtrEv
                0x00000000        0x4 Publication.cpp.o
                0x00000000                uORB::Publication<vehicle_attitude_setpoint_s>::getDataVoidPtr()

.text._ZN4uORB11PublicationI24vehicle_rates_setpoint_sEC2EPK12orb_metadataP4ListIPNS_15PublicationNodeEE
                0x00000000       0x2c
 .text._ZN4uORB11PublicationI24vehicle_rates_setpoint_sEC2EPK12orb_metadataP4ListIPNS_15PublicationNodeEE
                0x00000000       0x2c Publication.cpp.o
                0x00000000                uORB::Publication<vehicle_rates_setpoint_s>::Publication(orb_metadata const*, List<uORB::PublicationNode*>*)
                0x00000000                uORB::Publication<vehicle_rates_setpoint_s>::Publication(orb_metadata const*, List<uORB::PublicationNode*>*)

.text._ZN4uORB11PublicationI24vehicle_rates_setpoint_sE14getDataVoidPtrEv
                0x00000000        0x4
 .text._ZN4uORB11PublicationI24vehicle_rates_setpoint_sE14getDataVoidPtrEv
                0x00000000        0x4 Publication.cpp.o
                0x00000000                uORB::Publication<vehicle_rates_setpoint_s>::getDataVoidPtr()

.text._ZN4uORB11PublicationI18actuator_outputs_sEC2EPK12orb_metadataP4ListIPNS_15PublicationNodeEE
                0x00000000       0x2c
 .text._ZN4uORB11PublicationI18actuator_outputs_sEC2EPK12orb_metadataP4ListIPNS_15PublicationNodeEE
                0x00000000       0x2c Publication.cpp.o
                0x00000000                uORB::Publication<actuator_outputs_s>::Publication(orb_metadata const*, List<uORB::PublicationNode*>*)
                0x00000000                uORB::Publication<actuator_outputs_s>::Publication(orb_metadata const*, List<uORB::PublicationNode*>*)

.text._ZN4uORB11PublicationI18actuator_outputs_sE14getDataVoidPtrEv
                0x00000000        0x4
 .text._ZN4uORB11PublicationI18actuator_outputs_sE14getDataVoidPtrEv
                0x00000000        0x4 Publication.cpp.o
                0x00000000                uORB::Publication<actuator_outputs_s>::getDataVoidPtr()

.text._ZN4uORB11PublicationI17actuator_direct_sEC2EPK12orb_metadataP4ListIPNS_15PublicationNodeEE
                0x00000000       0x2c
 .text._ZN4uORB11PublicationI17actuator_direct_sEC2EPK12orb_metadataP4ListIPNS_15PublicationNodeEE
                0x00000000       0x2c Publication.cpp.o
                0x00000000                uORB::Publication<actuator_direct_s>::Publication(orb_metadata const*, List<uORB::PublicationNode*>*)
                0x00000000                uORB::Publication<actuator_direct_s>::Publication(orb_metadata const*, List<uORB::PublicationNode*>*)

.text._ZN4uORB11PublicationI17actuator_direct_sE14getDataVoidPtrEv
                0x00000000        0x4
 .text._ZN4uORB11PublicationI17actuator_direct_sE14getDataVoidPtrEv
                0x00000000        0x4 Publication.cpp.o
                0x00000000                uORB::Publication<actuator_direct_s>::getDataVoidPtr()

.text._ZN4uORB11PublicationI10encoders_sEC2EPK12orb_metadataP4ListIPNS_15PublicationNodeEE
                0x00000000       0x2c
 .text._ZN4uORB11PublicationI10encoders_sEC2EPK12orb_metadataP4ListIPNS_15PublicationNodeEE
                0x00000000       0x2c Publication.cpp.o
                0x00000000                uORB::Publication<encoders_s>::Publication(orb_metadata const*, List<uORB::PublicationNode*>*)
                0x00000000                uORB::Publication<encoders_s>::Publication(orb_metadata const*, List<uORB::PublicationNode*>*)

.text._ZN4uORB11PublicationI10encoders_sE14getDataVoidPtrEv
                0x00000000        0x4
 .text._ZN4uORB11PublicationI10encoders_sE14getDataVoidPtrEv
                0x00000000        0x4 Publication.cpp.o
                0x00000000                uORB::Publication<encoders_s>::getDataVoidPtr()

.text._ZN4uORB11PublicationI13tecs_status_sEC2EPK12orb_metadataP4ListIPNS_15PublicationNodeEE
                0x00000000       0x2c
 .text._ZN4uORB11PublicationI13tecs_status_sEC2EPK12orb_metadataP4ListIPNS_15PublicationNodeEE
                0x00000000       0x2c Publication.cpp.o
                0x00000000                uORB::Publication<tecs_status_s>::Publication(orb_metadata const*, List<uORB::PublicationNode*>*)
                0x00000000                uORB::Publication<tecs_status_s>::Publication(orb_metadata const*, List<uORB::PublicationNode*>*)

.text._ZN4uORB11PublicationI13tecs_status_sE14getDataVoidPtrEv
                0x00000000        0x4
 .text._ZN4uORB11PublicationI13tecs_status_sE14getDataVoidPtrEv
                0x00000000        0x4 Publication.cpp.o
                0x00000000                uORB::Publication<tecs_status_s>::getDataVoidPtr()

.text._ZN4uORB11PublicationI13rc_channels_sEC2EPK12orb_metadataP4ListIPNS_15PublicationNodeEE
                0x00000000       0x2c
 .text._ZN4uORB11PublicationI13rc_channels_sEC2EPK12orb_metadataP4ListIPNS_15PublicationNodeEE
                0x00000000       0x2c Publication.cpp.o
                0x00000000                uORB::Publication<rc_channels_s>::Publication(orb_metadata const*, List<uORB::PublicationNode*>*)
                0x00000000                uORB::Publication<rc_channels_s>::Publication(orb_metadata const*, List<uORB::PublicationNode*>*)

.text._ZN4uORB11PublicationI13rc_channels_sE14getDataVoidPtrEv
                0x00000000        0x4
 .text._ZN4uORB11PublicationI13rc_channels_sE14getDataVoidPtrEv
                0x00000000        0x4 Publication.cpp.o
                0x00000000                uORB::Publication<rc_channels_s>::getDataVoidPtr()

.text._ZN8ListNodeIPN4uORB16SubscriptionNodeEED2Ev
                0x00000000        0x2
 .text._ZN8ListNodeIPN4uORB16SubscriptionNodeEED2Ev
                0x00000000        0x2 Subscription.cpp.o
                0x00000000                ListNode<uORB::SubscriptionNode*>::~ListNode()
                0x00000000                ListNode<uORB::SubscriptionNode*>::~ListNode()

.text._ZN8ListNodeIPN4uORB16SubscriptionNodeEED0Ev
                0x00000000        0xc
 .text._ZN8ListNodeIPN4uORB16SubscriptionNodeEED0Ev
                0x00000000        0xc Subscription.cpp.o
                0x00000000                ListNode<uORB::SubscriptionNode*>::~ListNode()

.text._ZN4uORB16SubscriptionBaseD2Ev
                0x00000000       0x18
 .text._ZN4uORB16SubscriptionBaseD2Ev
                0x00000000       0x18 Subscription.cpp.o
                0x00000000                uORB::SubscriptionBase::~SubscriptionBase()
                0x00000000                uORB::SubscriptionBase::~SubscriptionBase()

.text._ZN4uORB16SubscriptionBaseD0Ev
                0x00000000       0x12
 .text._ZN4uORB16SubscriptionBaseD0Ev
                0x00000000       0x12 Subscription.cpp.o
                0x00000000                uORB::SubscriptionBase::~SubscriptionBase()

.text._ZN4uORB16SubscriptionBase6updateEPv
                0x00000000       0x28
 .text._ZN4uORB16SubscriptionBase6updateEPv
                0x00000000       0x28 Subscription.cpp.o
                0x00000000                uORB::SubscriptionBase::update(void*)

.text._ZN4uORB12SubscriptionI18parameter_update_sE6updateEv
                0x00000000        0xc
 .text._ZN4uORB12SubscriptionI18parameter_update_sE6updateEv
                0x00000000        0xc Subscription.cpp.o
                0x00000000                uORB::Subscription<parameter_update_s>::update()

.text._ZN4uORB12SubscriptionI19actuator_controls_sE6updateEv
                0x00000000        0xc
 .text._ZN4uORB12SubscriptionI19actuator_controls_sE6updateEv
                0x00000000        0xc Subscription.cpp.o
                0x00000000                uORB::Subscription<actuator_controls_s>::update()

.text._ZN4uORB12SubscriptionI22vehicle_gps_position_sE6updateEv
                0x00000000        0xc
 .text._ZN4uORB12SubscriptionI22vehicle_gps_position_sE6updateEv
                0x00000000        0xc Subscription.cpp.o
                0x00000000                uORB::Subscription<vehicle_gps_position_s>::update()

.text._ZN4uORB12SubscriptionI16satellite_info_sE6updateEv
                0x00000000        0xc
 .text._ZN4uORB12SubscriptionI16satellite_info_sE6updateEv
                0x00000000        0xc Subscription.cpp.o
                0x00000000                uORB::Subscription<satellite_info_s>::update()

.text._ZN4uORB12SubscriptionI17sensor_combined_sE6updateEv
                0x00000000        0xc
 .text._ZN4uORB12SubscriptionI17sensor_combined_sE6updateEv
                0x00000000        0xc Subscription.cpp.o
                0x00000000                uORB::Subscription<sensor_combined_s>::update()

.text._ZN4uORB12SubscriptionI18vehicle_attitude_sE6updateEv
                0x00000000        0xc
 .text._ZN4uORB12SubscriptionI18vehicle_attitude_sE6updateEv
                0x00000000        0xc Subscription.cpp.o
                0x00000000                uORB::Subscription<vehicle_attitude_s>::update()

.text._ZN4uORB12SubscriptionI25vehicle_global_position_sE6updateEv
                0x00000000        0xc
 .text._ZN4uORB12SubscriptionI25vehicle_global_position_sE6updateEv
                0x00000000        0xc Subscription.cpp.o
                0x00000000                uORB::Subscription<vehicle_global_position_s>::update()

.text._ZN4uORB12SubscriptionI10encoders_sE6updateEv
                0x00000000        0xc
 .text._ZN4uORB12SubscriptionI10encoders_sE6updateEv
                0x00000000        0xc Subscription.cpp.o
                0x00000000                uORB::Subscription<encoders_s>::update()

.text._ZN4uORB12SubscriptionI27position_setpoint_triplet_sE6updateEv
                0x00000000        0xc
 .text._ZN4uORB12SubscriptionI27position_setpoint_triplet_sE6updateEv
                0x00000000        0xc Subscription.cpp.o
                0x00000000                uORB::Subscription<position_setpoint_triplet_s>::update()

.text._ZN4uORB12SubscriptionI16vehicle_status_sE6updateEv
                0x00000000        0xc
 .text._ZN4uORB12SubscriptionI16vehicle_status_sE6updateEv
                0x00000000        0xc Subscription.cpp.o
                0x00000000                uORB::Subscription<vehicle_status_s>::update()

.text._ZN4uORB12SubscriptionI25manual_control_setpoint_sE6updateEv
                0x00000000        0xc
 .text._ZN4uORB12SubscriptionI25manual_control_setpoint_sE6updateEv
                0x00000000        0xc Subscription.cpp.o
                0x00000000                uORB::Subscription<manual_control_setpoint_s>::update()

.text._ZN4uORB12SubscriptionI33vehicle_local_position_setpoint_sE6updateEv
                0x00000000        0xc
 .text._ZN4uORB12SubscriptionI33vehicle_local_position_setpoint_sE6updateEv
                0x00000000        0xc Subscription.cpp.o
                0x00000000                uORB::Subscription<vehicle_local_position_setpoint_s>::update()

.text._ZN4uORB12SubscriptionI24vehicle_local_position_sE6updateEv
                0x00000000        0xc
 .text._ZN4uORB12SubscriptionI24vehicle_local_position_sE6updateEv
                0x00000000        0xc Subscription.cpp.o
                0x00000000                uORB::Subscription<vehicle_local_position_s>::update()

.text._ZN4uORB12SubscriptionI27vehicle_attitude_setpoint_sE6updateEv
                0x00000000        0xc
 .text._ZN4uORB12SubscriptionI27vehicle_attitude_setpoint_sE6updateEv
                0x00000000        0xc Subscription.cpp.o
                0x00000000                uORB::Subscription<vehicle_attitude_setpoint_s>::update()

.text._ZN4uORB12SubscriptionI24vehicle_rates_setpoint_sE6updateEv
                0x00000000        0xc
 .text._ZN4uORB12SubscriptionI24vehicle_rates_setpoint_sE6updateEv
                0x00000000        0xc Subscription.cpp.o
                0x00000000                uORB::Subscription<vehicle_rates_setpoint_s>::update()

.text._ZN4uORB12SubscriptionI13rc_channels_sE6updateEv
                0x00000000        0xc
 .text._ZN4uORB12SubscriptionI13rc_channels_sE6updateEv
                0x00000000        0xc Subscription.cpp.o
                0x00000000                uORB::Subscription<rc_channels_s>::update()

.text._ZN4uORB12SubscriptionI22vehicle_control_mode_sE6updateEv
                0x00000000        0xc
 .text._ZN4uORB12SubscriptionI22vehicle_control_mode_sE6updateEv
                0x00000000        0xc Subscription.cpp.o
                0x00000000                uORB::Subscription<vehicle_control_mode_s>::update()

.text._ZN4uORB12SubscriptionI16actuator_armed_sE6updateEv
                0x00000000        0xc
 .text._ZN4uORB12SubscriptionI16actuator_armed_sE6updateEv
                0x00000000        0xc Subscription.cpp.o
                0x00000000                uORB::Subscription<actuator_armed_s>::update()

.text._ZN4uORB16SubscriptionNodeC2EPK12orb_metadatajP4ListIPS0_E
                0x00000000       0x40
 .text._ZN4uORB16SubscriptionNodeC2EPK12orb_metadatajP4ListIPS0_E
                0x00000000       0x40 Subscription.cpp.o
                0x00000000                uORB::SubscriptionNode::SubscriptionNode(orb_metadata const*, unsigned int, List<uORB::SubscriptionNode*>*)
                0x00000000                uORB::SubscriptionNode::SubscriptionNode(orb_metadata const*, unsigned int, List<uORB::SubscriptionNode*>*)

.text._ZN4uORB12SubscriptionI18parameter_update_sEC2EPK12orb_metadatajP4ListIPNS_16SubscriptionNodeEE
                0x00000000       0x20
 .text._ZN4uORB12SubscriptionI18parameter_update_sEC2EPK12orb_metadatajP4ListIPNS_16SubscriptionNodeEE
                0x00000000       0x20 Subscription.cpp.o
                0x00000000                uORB::Subscription<parameter_update_s>::Subscription(orb_metadata const*, unsigned int, List<uORB::SubscriptionNode*>*)
                0x00000000                uORB::Subscription<parameter_update_s>::Subscription(orb_metadata const*, unsigned int, List<uORB::SubscriptionNode*>*)

.text._ZN4uORB12SubscriptionI18parameter_update_sE14getDataVoidPtrEv
                0x00000000        0x4
 .text._ZN4uORB12SubscriptionI18parameter_update_sE14getDataVoidPtrEv
                0x00000000        0x4 Subscription.cpp.o
                0x00000000                uORB::Subscription<parameter_update_s>::getDataVoidPtr()

.text._ZN4uORB12SubscriptionI18parameter_update_sE7getDataEv
                0x00000000        0xa
 .text._ZN4uORB12SubscriptionI18parameter_update_sE7getDataEv
                0x00000000        0xa Subscription.cpp.o
                0x00000000                uORB::Subscription<parameter_update_s>::getData()

.text._ZN4uORB12SubscriptionI19actuator_controls_sEC2EPK12orb_metadatajP4ListIPNS_16SubscriptionNodeEE
                0x00000000       0x30
 .text._ZN4uORB12SubscriptionI19actuator_controls_sEC2EPK12orb_metadatajP4ListIPNS_16SubscriptionNodeEE
                0x00000000       0x30 Subscription.cpp.o
                0x00000000                uORB::Subscription<actuator_controls_s>::Subscription(orb_metadata const*, unsigned int, List<uORB::SubscriptionNode*>*)
                0x00000000                uORB::Subscription<actuator_controls_s>::Subscription(orb_metadata const*, unsigned int, List<uORB::SubscriptionNode*>*)

.text._ZN4uORB12SubscriptionI19actuator_controls_sE14getDataVoidPtrEv
                0x00000000        0x4
 .text._ZN4uORB12SubscriptionI19actuator_controls_sE14getDataVoidPtrEv
                0x00000000        0x4 Subscription.cpp.o
                0x00000000                uORB::Subscription<actuator_controls_s>::getDataVoidPtr()

.text._ZN4uORB12SubscriptionI19actuator_controls_sE7getDataEv
                0x00000000       0x1e
 .text._ZN4uORB12SubscriptionI19actuator_controls_sE7getDataEv
                0x00000000       0x1e Subscription.cpp.o
                0x00000000                uORB::Subscription<actuator_controls_s>::getData()

.text._ZN4uORB12SubscriptionI22vehicle_gps_position_sEC2EPK12orb_metadatajP4ListIPNS_16SubscriptionNodeEE
                0x00000000       0x30
 .text._ZN4uORB12SubscriptionI22vehicle_gps_position_sEC2EPK12orb_metadatajP4ListIPNS_16SubscriptionNodeEE
                0x00000000       0x30 Subscription.cpp.o
                0x00000000                uORB::Subscription<vehicle_gps_position_s>::Subscription(orb_metadata const*, unsigned int, List<uORB::SubscriptionNode*>*)
                0x00000000                uORB::Subscription<vehicle_gps_position_s>::Subscription(orb_metadata const*, unsigned int, List<uORB::SubscriptionNode*>*)

.text._ZN4uORB12SubscriptionI22vehicle_gps_position_sE14getDataVoidPtrEv
                0x00000000        0x4
 .text._ZN4uORB12SubscriptionI22vehicle_gps_position_sE14getDataVoidPtrEv
                0x00000000        0x4 Subscription.cpp.o
                0x00000000                uORB::Subscription<vehicle_gps_position_s>::getDataVoidPtr()

.text._ZN4uORB12SubscriptionI22vehicle_gps_position_sE7getDataEv
                0x00000000        0xc
 .text._ZN4uORB12SubscriptionI22vehicle_gps_position_sE7getDataEv
                0x00000000        0xc Subscription.cpp.o
                0x00000000                uORB::Subscription<vehicle_gps_position_s>::getData()

.text._ZN4uORB12SubscriptionI16satellite_info_sEC2EPK12orb_metadatajP4ListIPNS_16SubscriptionNodeEE
                0x00000000       0x30
 .text._ZN4uORB12SubscriptionI16satellite_info_sEC2EPK12orb_metadatajP4ListIPNS_16SubscriptionNodeEE
                0x00000000       0x30 Subscription.cpp.o
                0x00000000                uORB::Subscription<satellite_info_s>::Subscription(orb_metadata const*, unsigned int, List<uORB::SubscriptionNode*>*)
                0x00000000                uORB::Subscription<satellite_info_s>::Subscription(orb_metadata const*, unsigned int, List<uORB::SubscriptionNode*>*)

.text._ZN4uORB12SubscriptionI16satellite_info_sE14getDataVoidPtrEv
                0x00000000        0x4
 .text._ZN4uORB12SubscriptionI16satellite_info_sE14getDataVoidPtrEv
                0x00000000        0x4 Subscription.cpp.o
                0x00000000                uORB::Subscription<satellite_info_s>::getDataVoidPtr()

.text._ZN4uORB12SubscriptionI16satellite_info_sE7getDataEv
                0x00000000        0xc
 .text._ZN4uORB12SubscriptionI16satellite_info_sE7getDataEv
                0x00000000        0xc Subscription.cpp.o
                0x00000000                uORB::Subscription<satellite_info_s>::getData()

.text._ZN4uORB12SubscriptionI17sensor_combined_sEC2EPK12orb_metadatajP4ListIPNS_16SubscriptionNodeEE
                0x00000000       0x34
 .text._ZN4uORB12SubscriptionI17sensor_combined_sEC2EPK12orb_metadatajP4ListIPNS_16SubscriptionNodeEE
                0x00000000       0x34 Subscription.cpp.o
                0x00000000                uORB::Subscription<sensor_combined_s>::Subscription(orb_metadata const*, unsigned int, List<uORB::SubscriptionNode*>*)
                0x00000000                uORB::Subscription<sensor_combined_s>::Subscription(orb_metadata const*, unsigned int, List<uORB::SubscriptionNode*>*)

.text._ZN4uORB12SubscriptionI17sensor_combined_sE14getDataVoidPtrEv
                0x00000000        0x4
 .text._ZN4uORB12SubscriptionI17sensor_combined_sE14getDataVoidPtrEv
                0x00000000        0x4 Subscription.cpp.o
                0x00000000                uORB::Subscription<sensor_combined_s>::getDataVoidPtr()

.text._ZN4uORB12SubscriptionI17sensor_combined_sE7getDataEv
                0x00000000        0xe
 .text._ZN4uORB12SubscriptionI17sensor_combined_sE7getDataEv
                0x00000000        0xe Subscription.cpp.o
                0x00000000                uORB::Subscription<sensor_combined_s>::getData()

.text._ZN4uORB12SubscriptionI18vehicle_attitude_sEC2EPK12orb_metadatajP4ListIPNS_16SubscriptionNodeEE
                0x00000000       0x30
 .text._ZN4uORB12SubscriptionI18vehicle_attitude_sEC2EPK12orb_metadatajP4ListIPNS_16SubscriptionNodeEE
                0x00000000       0x30 Subscription.cpp.o
                0x00000000                uORB::Subscription<vehicle_attitude_s>::Subscription(orb_metadata const*, unsigned int, List<uORB::SubscriptionNode*>*)
                0x00000000                uORB::Subscription<vehicle_attitude_s>::Subscription(orb_metadata const*, unsigned int, List<uORB::SubscriptionNode*>*)

.text._ZN4uORB12SubscriptionI18vehicle_attitude_sE14getDataVoidPtrEv
                0x00000000        0x4
 .text._ZN4uORB12SubscriptionI18vehicle_attitude_sE14getDataVoidPtrEv
                0x00000000        0x4 Subscription.cpp.o
                0x00000000                uORB::Subscription<vehicle_attitude_s>::getDataVoidPtr()

.text._ZN4uORB12SubscriptionI18vehicle_attitude_sE7getDataEv
                0x00000000        0xc
 .text._ZN4uORB12SubscriptionI18vehicle_attitude_sE7getDataEv
                0x00000000        0xc Subscription.cpp.o
                0x00000000                uORB::Subscription<vehicle_attitude_s>::getData()

.text._ZN4uORB12SubscriptionI25vehicle_global_position_sEC2EPK12orb_metadatajP4ListIPNS_16SubscriptionNodeEE
                0x00000000       0x30
 .text._ZN4uORB12SubscriptionI25vehicle_global_position_sEC2EPK12orb_metadatajP4ListIPNS_16SubscriptionNodeEE
                0x00000000       0x30 Subscription.cpp.o
                0x00000000                uORB::Subscription<vehicle_global_position_s>::Subscription(orb_metadata const*, unsigned int, List<uORB::SubscriptionNode*>*)
                0x00000000                uORB::Subscription<vehicle_global_position_s>::Subscription(orb_metadata const*, unsigned int, List<uORB::SubscriptionNode*>*)

.text._ZN4uORB12SubscriptionI25vehicle_global_position_sE14getDataVoidPtrEv
                0x00000000        0x4
 .text._ZN4uORB12SubscriptionI25vehicle_global_position_sE14getDataVoidPtrEv
                0x00000000        0x4 Subscription.cpp.o
                0x00000000                uORB::Subscription<vehicle_global_position_s>::getDataVoidPtr()

.text._ZN4uORB12SubscriptionI25vehicle_global_position_sE7getDataEv
                0x00000000        0xc
 .text._ZN4uORB12SubscriptionI25vehicle_global_position_sE7getDataEv
                0x00000000        0xc Subscription.cpp.o
                0x00000000                uORB::Subscription<vehicle_global_position_s>::getData()

.text._ZN4uORB12SubscriptionI10encoders_sEC2EPK12orb_metadatajP4ListIPNS_16SubscriptionNodeEE
                0x00000000       0x30
 .text._ZN4uORB12SubscriptionI10encoders_sEC2EPK12orb_metadatajP4ListIPNS_16SubscriptionNodeEE
                0x00000000       0x30 Subscription.cpp.o
                0x00000000                uORB::Subscription<encoders_s>::Subscription(orb_metadata const*, unsigned int, List<uORB::SubscriptionNode*>*)
                0x00000000                uORB::Subscription<encoders_s>::Subscription(orb_metadata const*, unsigned int, List<uORB::SubscriptionNode*>*)

.text._ZN4uORB12SubscriptionI10encoders_sE14getDataVoidPtrEv
                0x00000000        0x4
 .text._ZN4uORB12SubscriptionI10encoders_sE14getDataVoidPtrEv
                0x00000000        0x4 Subscription.cpp.o
                0x00000000                uORB::Subscription<encoders_s>::getDataVoidPtr()

.text._ZN4uORB12SubscriptionI10encoders_sE7getDataEv
                0x00000000       0x22
 .text._ZN4uORB12SubscriptionI10encoders_sE7getDataEv
                0x00000000       0x22 Subscription.cpp.o
                0x00000000                uORB::Subscription<encoders_s>::getData()

.text._ZN4uORB12SubscriptionI27position_setpoint_triplet_sEC2EPK12orb_metadatajP4ListIPNS_16SubscriptionNodeEE
                0x00000000       0x34
 .text._ZN4uORB12SubscriptionI27position_setpoint_triplet_sEC2EPK12orb_metadatajP4ListIPNS_16SubscriptionNodeEE
                0x00000000       0x34 Subscription.cpp.o
                0x00000000                uORB::Subscription<position_setpoint_triplet_s>::Subscription(orb_metadata const*, unsigned int, List<uORB::SubscriptionNode*>*)
                0x00000000                uORB::Subscription<position_setpoint_triplet_s>::Subscription(orb_metadata const*, unsigned int, List<uORB::SubscriptionNode*>*)

.text._ZN4uORB12SubscriptionI27position_setpoint_triplet_sE14getDataVoidPtrEv
                0x00000000        0x4
 .text._ZN4uORB12SubscriptionI27position_setpoint_triplet_sE14getDataVoidPtrEv
                0x00000000        0x4 Subscription.cpp.o
                0x00000000                uORB::Subscription<position_setpoint_triplet_s>::getDataVoidPtr()

.text._ZN4uORB12SubscriptionI27position_setpoint_triplet_sE7getDataEv
                0x00000000        0xe
 .text._ZN4uORB12SubscriptionI27position_setpoint_triplet_sE7getDataEv
                0x00000000        0xe Subscription.cpp.o
                0x00000000                uORB::Subscription<position_setpoint_triplet_s>::getData()

.text._ZN4uORB12SubscriptionI16vehicle_status_sEC2EPK12orb_metadatajP4ListIPNS_16SubscriptionNodeEE
                0x00000000       0x30
 .text._ZN4uORB12SubscriptionI16vehicle_status_sEC2EPK12orb_metadatajP4ListIPNS_16SubscriptionNodeEE
                0x00000000       0x30 Subscription.cpp.o
                0x00000000                uORB::Subscription<vehicle_status_s>::Subscription(orb_metadata const*, unsigned int, List<uORB::SubscriptionNode*>*)
                0x00000000                uORB::Subscription<vehicle_status_s>::Subscription(orb_metadata const*, unsigned int, List<uORB::SubscriptionNode*>*)

.text._ZN4uORB12SubscriptionI16vehicle_status_sE14getDataVoidPtrEv
                0x00000000        0x4
 .text._ZN4uORB12SubscriptionI16vehicle_status_sE14getDataVoidPtrEv
                0x00000000        0x4 Subscription.cpp.o
                0x00000000                uORB::Subscription<vehicle_status_s>::getDataVoidPtr()

.text._ZN4uORB12SubscriptionI16vehicle_status_sE7getDataEv
                0x00000000        0xc
 .text._ZN4uORB12SubscriptionI16vehicle_status_sE7getDataEv
                0x00000000        0xc Subscription.cpp.o
                0x00000000                uORB::Subscription<vehicle_status_s>::getData()

.text._ZN4uORB12SubscriptionI25manual_control_setpoint_sEC2EPK12orb_metadatajP4ListIPNS_16SubscriptionNodeEE
                0x00000000       0x30
 .text._ZN4uORB12SubscriptionI25manual_control_setpoint_sEC2EPK12orb_metadatajP4ListIPNS_16SubscriptionNodeEE
                0x00000000       0x30 Subscription.cpp.o
                0x00000000                uORB::Subscription<manual_control_setpoint_s>::Subscription(orb_metadata const*, unsigned int, List<uORB::SubscriptionNode*>*)
                0x00000000                uORB::Subscription<manual_control_setpoint_s>::Subscription(orb_metadata const*, unsigned int, List<uORB::SubscriptionNode*>*)

.text._ZN4uORB12SubscriptionI25manual_control_setpoint_sE14getDataVoidPtrEv
                0x00000000        0x4
 .text._ZN4uORB12SubscriptionI25manual_control_setpoint_sE14getDataVoidPtrEv
                0x00000000        0x4 Subscription.cpp.o
                0x00000000                uORB::Subscription<manual_control_setpoint_s>::getDataVoidPtr()

.text._ZN4uORB12SubscriptionI25manual_control_setpoint_sE7getDataEv
                0x00000000       0x22
 .text._ZN4uORB12SubscriptionI25manual_control_setpoint_sE7getDataEv
                0x00000000       0x22 Subscription.cpp.o
                0x00000000                uORB::Subscription<manual_control_setpoint_s>::getData()

.text._ZN4uORB12SubscriptionI33vehicle_local_position_setpoint_sEC2EPK12orb_metadatajP4ListIPNS_16SubscriptionNodeEE
                0x00000000       0x30
 .text._ZN4uORB12SubscriptionI33vehicle_local_position_setpoint_sEC2EPK12orb_metadatajP4ListIPNS_16SubscriptionNodeEE
                0x00000000       0x30 Subscription.cpp.o
                0x00000000                uORB::Subscription<vehicle_local_position_setpoint_s>::Subscription(orb_metadata const*, unsigned int, List<uORB::SubscriptionNode*>*)
                0x00000000                uORB::Subscription<vehicle_local_position_setpoint_s>::Subscription(orb_metadata const*, unsigned int, List<uORB::SubscriptionNode*>*)

.text._ZN4uORB12SubscriptionI33vehicle_local_position_setpoint_sE14getDataVoidPtrEv
                0x00000000        0x4
 .text._ZN4uORB12SubscriptionI33vehicle_local_position_setpoint_sE14getDataVoidPtrEv
                0x00000000        0x4 Subscription.cpp.o
                0x00000000                uORB::Subscription<vehicle_local_position_setpoint_s>::getDataVoidPtr()

.text._ZN4uORB12SubscriptionI33vehicle_local_position_setpoint_sE7getDataEv
                0x00000000       0x1e
 .text._ZN4uORB12SubscriptionI33vehicle_local_position_setpoint_sE7getDataEv
                0x00000000       0x1e Subscription.cpp.o
                0x00000000                uORB::Subscription<vehicle_local_position_setpoint_s>::getData()

.text._ZN4uORB12SubscriptionI24vehicle_local_position_sEC2EPK12orb_metadatajP4ListIPNS_16SubscriptionNodeEE
                0x00000000       0x30
 .text._ZN4uORB12SubscriptionI24vehicle_local_position_sEC2EPK12orb_metadatajP4ListIPNS_16SubscriptionNodeEE
                0x00000000       0x30 Subscription.cpp.o
                0x00000000                uORB::Subscription<vehicle_local_position_s>::Subscription(orb_metadata const*, unsigned int, List<uORB::SubscriptionNode*>*)
                0x00000000                uORB::Subscription<vehicle_local_position_s>::Subscription(orb_metadata const*, unsigned int, List<uORB::SubscriptionNode*>*)

.text._ZN4uORB12SubscriptionI24vehicle_local_position_sE14getDataVoidPtrEv
                0x00000000        0x4
 .text._ZN4uORB12SubscriptionI24vehicle_local_position_sE14getDataVoidPtrEv
                0x00000000        0x4 Subscription.cpp.o
                0x00000000                uORB::Subscription<vehicle_local_position_s>::getDataVoidPtr()

.text._ZN4uORB12SubscriptionI24vehicle_local_position_sE7getDataEv
                0x00000000        0xc
 .text._ZN4uORB12SubscriptionI24vehicle_local_position_sE7getDataEv
                0x00000000        0xc Subscription.cpp.o
                0x00000000                uORB::Subscription<vehicle_local_position_s>::getData()

.text._ZN4uORB12SubscriptionI27vehicle_attitude_setpoint_sEC2EPK12orb_metadatajP4ListIPNS_16SubscriptionNodeEE
                0x00000000       0x30
 .text._ZN4uORB12SubscriptionI27vehicle_attitude_setpoint_sEC2EPK12orb_metadatajP4ListIPNS_16SubscriptionNodeEE
                0x00000000       0x30 Subscription.cpp.o
                0x00000000                uORB::Subscription<vehicle_attitude_setpoint_s>::Subscription(orb_metadata const*, unsigned int, List<uORB::SubscriptionNode*>*)
                0x00000000                uORB::Subscription<vehicle_attitude_setpoint_s>::Subscription(orb_metadata const*, unsigned int, List<uORB::SubscriptionNode*>*)

.text._ZN4uORB12SubscriptionI27vehicle_attitude_setpoint_sE14getDataVoidPtrEv
                0x00000000        0x4
 .text._ZN4uORB12SubscriptionI27vehicle_attitude_setpoint_sE14getDataVoidPtrEv
                0x00000000        0x4 Subscription.cpp.o
                0x00000000                uORB::Subscription<vehicle_attitude_setpoint_s>::getDataVoidPtr()

.text._ZN4uORB12SubscriptionI27vehicle_attitude_setpoint_sE7getDataEv
                0x00000000        0xc
 .text._ZN4uORB12SubscriptionI27vehicle_attitude_setpoint_sE7getDataEv
                0x00000000        0xc Subscription.cpp.o
                0x00000000                uORB::Subscription<vehicle_attitude_setpoint_s>::getData()

.text._ZN4uORB12SubscriptionI24vehicle_rates_setpoint_sEC2EPK12orb_metadatajP4ListIPNS_16SubscriptionNodeEE
                0x00000000       0x30
 .text._ZN4uORB12SubscriptionI24vehicle_rates_setpoint_sEC2EPK12orb_metadatajP4ListIPNS_16SubscriptionNodeEE
                0x00000000       0x30 Subscription.cpp.o
                0x00000000                uORB::Subscription<vehicle_rates_setpoint_s>::Subscription(orb_metadata const*, unsigned int, List<uORB::SubscriptionNode*>*)
                0x00000000                uORB::Subscription<vehicle_rates_setpoint_s>::Subscription(orb_metadata const*, unsigned int, List<uORB::SubscriptionNode*>*)

.text._ZN4uORB12SubscriptionI24vehicle_rates_setpoint_sE14getDataVoidPtrEv
                0x00000000        0x4
 .text._ZN4uORB12SubscriptionI24vehicle_rates_setpoint_sE14getDataVoidPtrEv
                0x00000000        0x4 Subscription.cpp.o
                0x00000000                uORB::Subscription<vehicle_rates_setpoint_s>::getDataVoidPtr()

.text._ZN4uORB12SubscriptionI24vehicle_rates_setpoint_sE7getDataEv
                0x00000000       0x1a
 .text._ZN4uORB12SubscriptionI24vehicle_rates_setpoint_sE7getDataEv
                0x00000000       0x1a Subscription.cpp.o
                0x00000000                uORB::Subscription<vehicle_rates_setpoint_s>::getData()

.text._ZN4uORB12SubscriptionI13rc_channels_sEC2EPK12orb_metadatajP4ListIPNS_16SubscriptionNodeEE
                0x00000000       0x30
 .text._ZN4uORB12SubscriptionI13rc_channels_sEC2EPK12orb_metadatajP4ListIPNS_16SubscriptionNodeEE
                0x00000000       0x30 Subscription.cpp.o
                0x00000000                uORB::Subscription<rc_channels_s>::Subscription(orb_metadata const*, unsigned int, List<uORB::SubscriptionNode*>*)
                0x00000000                uORB::Subscription<rc_channels_s>::Subscription(orb_metadata const*, unsigned int, List<uORB::SubscriptionNode*>*)

.text._ZN4uORB12SubscriptionI13rc_channels_sE14getDataVoidPtrEv
                0x00000000        0x4
 .text._ZN4uORB12SubscriptionI13rc_channels_sE14getDataVoidPtrEv
                0x00000000        0x4 Subscription.cpp.o
                0x00000000                uORB::Subscription<rc_channels_s>::getDataVoidPtr()

.text._ZN4uORB12SubscriptionI13rc_channels_sE7getDataEv
                0x00000000        0xc
 .text._ZN4uORB12SubscriptionI13rc_channels_sE7getDataEv
                0x00000000        0xc Subscription.cpp.o
                0x00000000                uORB::Subscription<rc_channels_s>::getData()

.text._ZN4uORB12SubscriptionI22vehicle_control_mode_sEC2EPK12orb_metadatajP4ListIPNS_16SubscriptionNodeEE
                0x00000000       0x30
 .text._ZN4uORB12SubscriptionI22vehicle_control_mode_sEC2EPK12orb_metadatajP4ListIPNS_16SubscriptionNodeEE
                0x00000000       0x30 Subscription.cpp.o
                0x00000000                uORB::Subscription<vehicle_control_mode_s>::Subscription(orb_metadata const*, unsigned int, List<uORB::SubscriptionNode*>*)
                0x00000000                uORB::Subscription<vehicle_control_mode_s>::Subscription(orb_metadata const*, unsigned int, List<uORB::SubscriptionNode*>*)

.text._ZN4uORB12SubscriptionI22vehicle_control_mode_sE14getDataVoidPtrEv
                0x00000000        0x4
 .text._ZN4uORB12SubscriptionI22vehicle_control_mode_sE14getDataVoidPtrEv
                0x00000000        0x4 Subscription.cpp.o
                0x00000000                uORB::Subscription<vehicle_control_mode_s>::getDataVoidPtr()

.text._ZN4uORB12SubscriptionI22vehicle_control_mode_sE7getDataEv
                0x00000000       0x1a
 .text._ZN4uORB12SubscriptionI22vehicle_control_mode_sE7getDataEv
                0x00000000       0x1a Subscription.cpp.o
                0x00000000                uORB::Subscription<vehicle_control_mode_s>::getData()

.text._ZN4uORB12SubscriptionI16actuator_armed_sEC2EPK12orb_metadatajP4ListIPNS_16SubscriptionNodeEE
                0x00000000       0x30
 .text._ZN4uORB12SubscriptionI16actuator_armed_sEC2EPK12orb_metadatajP4ListIPNS_16SubscriptionNodeEE
                0x00000000       0x30 Subscription.cpp.o
                0x00000000                uORB::Subscription<actuator_armed_s>::Subscription(orb_metadata const*, unsigned int, List<uORB::SubscriptionNode*>*)
                0x00000000                uORB::Subscription<actuator_armed_s>::Subscription(orb_metadata const*, unsigned int, List<uORB::SubscriptionNode*>*)

.text._ZN4uORB12SubscriptionI16actuator_armed_sE14getDataVoidPtrEv
                0x00000000        0x4
 .text._ZN4uORB12SubscriptionI16actuator_armed_sE14getDataVoidPtrEv
                0x00000000        0x4 Subscription.cpp.o
                0x00000000                uORB::Subscription<actuator_armed_s>::getDataVoidPtr()

.text._ZN4uORB12SubscriptionI16actuator_armed_sE7getDataEv
                0x00000000       0x10
 .text._ZN4uORB12SubscriptionI16actuator_armed_sE7getDataEv
                0x00000000       0x10 Subscription.cpp.o
                0x00000000                uORB::Subscription<actuator_armed_s>::getData()

.text._ZN4uORB16SubscriptionNodeD2Ev
                0x00000000       0x14
 .text._ZN4uORB16SubscriptionNodeD2Ev
                0x00000000       0x14 Subscription.cpp.o
                0x00000000                uORB::SubscriptionNode::~SubscriptionNode()
                0x00000000                uORB::SubscriptionNode::~SubscriptionNode()

.text._ZN4uORB16SubscriptionNodeD1Ev
                0x00000000        0x8
 .text._ZN4uORB16SubscriptionNodeD1Ev
                0x00000000        0x8 Subscription.cpp.o
                0x00000000                non-virtual thunk to uORB::SubscriptionNode::~SubscriptionNode()

.text._ZN4uORB12SubscriptionI18parameter_update_sED2Ev
                0x00000000       0x18
 .text._ZN4uORB12SubscriptionI18parameter_update_sED2Ev
                0x00000000       0x18 Subscription.cpp.o
                0x00000000                uORB::Subscription<parameter_update_s>::~Subscription()
                0x00000000                uORB::Subscription<parameter_update_s>::~Subscription()

.text._ZN4uORB12SubscriptionI18parameter_update_sED1Ev
                0x00000000        0x8
 .text._ZN4uORB12SubscriptionI18parameter_update_sED1Ev
                0x00000000        0x8 Subscription.cpp.o
                0x00000000                non-virtual thunk to uORB::Subscription<parameter_update_s>::~Subscription()

.text._ZN4uORB12SubscriptionI18parameter_update_sED0Ev
                0x00000000       0x18
 .text._ZN4uORB12SubscriptionI18parameter_update_sED0Ev
                0x00000000       0x18 Subscription.cpp.o
                0x00000000                uORB::Subscription<parameter_update_s>::~Subscription()
                0x00000012                non-virtual thunk to uORB::Subscription<parameter_update_s>::~Subscription()

.text._ZN4uORB12SubscriptionI19actuator_controls_sED2Ev
                0x00000000       0x18
 .text._ZN4uORB12SubscriptionI19actuator_controls_sED2Ev
                0x00000000       0x18 Subscription.cpp.o
                0x00000000                uORB::Subscription<actuator_controls_s>::~Subscription()
                0x00000000                uORB::Subscription<actuator_controls_s>::~Subscription()

.text._ZN4uORB12SubscriptionI19actuator_controls_sED1Ev
                0x00000000        0x8
 .text._ZN4uORB12SubscriptionI19actuator_controls_sED1Ev
                0x00000000        0x8 Subscription.cpp.o
                0x00000000                non-virtual thunk to uORB::Subscription<actuator_controls_s>::~Subscription()

.text._ZN4uORB12SubscriptionI19actuator_controls_sED0Ev
                0x00000000       0x18
 .text._ZN4uORB12SubscriptionI19actuator_controls_sED0Ev
                0x00000000       0x18 Subscription.cpp.o
                0x00000000                uORB::Subscription<actuator_controls_s>::~Subscription()
                0x00000012                non-virtual thunk to uORB::Subscription<actuator_controls_s>::~Subscription()

.text._ZN4uORB12SubscriptionI22vehicle_gps_position_sED2Ev
                0x00000000       0x18
 .text._ZN4uORB12SubscriptionI22vehicle_gps_position_sED2Ev
                0x00000000       0x18 Subscription.cpp.o
                0x00000000                uORB::Subscription<vehicle_gps_position_s>::~Subscription()
                0x00000000                uORB::Subscription<vehicle_gps_position_s>::~Subscription()

.text._ZN4uORB12SubscriptionI22vehicle_gps_position_sED1Ev
                0x00000000        0x8
 .text._ZN4uORB12SubscriptionI22vehicle_gps_position_sED1Ev
                0x00000000        0x8 Subscription.cpp.o
                0x00000000                non-virtual thunk to uORB::Subscription<vehicle_gps_position_s>::~Subscription()

.text._ZN4uORB12SubscriptionI22vehicle_gps_position_sED0Ev
                0x00000000       0x18
 .text._ZN4uORB12SubscriptionI22vehicle_gps_position_sED0Ev
                0x00000000       0x18 Subscription.cpp.o
                0x00000000                uORB::Subscription<vehicle_gps_position_s>::~Subscription()
                0x00000012                non-virtual thunk to uORB::Subscription<vehicle_gps_position_s>::~Subscription()

.text._ZN4uORB12SubscriptionI16satellite_info_sED2Ev
                0x00000000       0x18
 .text._ZN4uORB12SubscriptionI16satellite_info_sED2Ev
                0x00000000       0x18 Subscription.cpp.o
                0x00000000                uORB::Subscription<satellite_info_s>::~Subscription()
                0x00000000                uORB::Subscription<satellite_info_s>::~Subscription()

.text._ZN4uORB12SubscriptionI16satellite_info_sED1Ev
                0x00000000        0x8
 .text._ZN4uORB12SubscriptionI16satellite_info_sED1Ev
                0x00000000        0x8 Subscription.cpp.o
                0x00000000                non-virtual thunk to uORB::Subscription<satellite_info_s>::~Subscription()

.text._ZN4uORB12SubscriptionI16satellite_info_sED0Ev
                0x00000000       0x18
 .text._ZN4uORB12SubscriptionI16satellite_info_sED0Ev
                0x00000000       0x18 Subscription.cpp.o
                0x00000000                uORB::Subscription<satellite_info_s>::~Subscription()
                0x00000012                non-virtual thunk to uORB::Subscription<satellite_info_s>::~Subscription()

.text._ZN4uORB12SubscriptionI17sensor_combined_sED2Ev
                0x00000000       0x18
 .text._ZN4uORB12SubscriptionI17sensor_combined_sED2Ev
                0x00000000       0x18 Subscription.cpp.o
                0x00000000                uORB::Subscription<sensor_combined_s>::~Subscription()
                0x00000000                uORB::Subscription<sensor_combined_s>::~Subscription()

.text._ZN4uORB12SubscriptionI17sensor_combined_sED1Ev
                0x00000000        0x8
 .text._ZN4uORB12SubscriptionI17sensor_combined_sED1Ev
                0x00000000        0x8 Subscription.cpp.o
                0x00000000                non-virtual thunk to uORB::Subscription<sensor_combined_s>::~Subscription()

.text._ZN4uORB12SubscriptionI17sensor_combined_sED0Ev
                0x00000000       0x18
 .text._ZN4uORB12SubscriptionI17sensor_combined_sED0Ev
                0x00000000       0x18 Subscription.cpp.o
                0x00000000                uORB::Subscription<sensor_combined_s>::~Subscription()
                0x00000012                non-virtual thunk to uORB::Subscription<sensor_combined_s>::~Subscription()

.text._ZN4uORB12SubscriptionI18vehicle_attitude_sED2Ev
                0x00000000       0x18
 .text._ZN4uORB12SubscriptionI18vehicle_attitude_sED2Ev
                0x00000000       0x18 Subscription.cpp.o
                0x00000000                uORB::Subscription<vehicle_attitude_s>::~Subscription()
                0x00000000                uORB::Subscription<vehicle_attitude_s>::~Subscription()

.text._ZN4uORB12SubscriptionI18vehicle_attitude_sED1Ev
                0x00000000        0x8
 .text._ZN4uORB12SubscriptionI18vehicle_attitude_sED1Ev
                0x00000000        0x8 Subscription.cpp.o
                0x00000000                non-virtual thunk to uORB::Subscription<vehicle_attitude_s>::~Subscription()

.text._ZN4uORB12SubscriptionI18vehicle_attitude_sED0Ev
                0x00000000       0x18
 .text._ZN4uORB12SubscriptionI18vehicle_attitude_sED0Ev
                0x00000000       0x18 Subscription.cpp.o
                0x00000000                uORB::Subscription<vehicle_attitude_s>::~Subscription()
                0x00000012                non-virtual thunk to uORB::Subscription<vehicle_attitude_s>::~Subscription()

.text._ZN4uORB12SubscriptionI25vehicle_global_position_sED2Ev
                0x00000000       0x18
 .text._ZN4uORB12SubscriptionI25vehicle_global_position_sED2Ev
                0x00000000       0x18 Subscription.cpp.o
                0x00000000                uORB::Subscription<vehicle_global_position_s>::~Subscription()
                0x00000000                uORB::Subscription<vehicle_global_position_s>::~Subscription()

.text._ZN4uORB12SubscriptionI25vehicle_global_position_sED1Ev
                0x00000000        0x8
 .text._ZN4uORB12SubscriptionI25vehicle_global_position_sED1Ev
                0x00000000        0x8 Subscription.cpp.o
                0x00000000                non-virtual thunk to uORB::Subscription<vehicle_global_position_s>::~Subscription()

.text._ZN4uORB12SubscriptionI25vehicle_global_position_sED0Ev
                0x00000000       0x18
 .text._ZN4uORB12SubscriptionI25vehicle_global_position_sED0Ev
                0x00000000       0x18 Subscription.cpp.o
                0x00000000                uORB::Subscription<vehicle_global_position_s>::~Subscription()
                0x00000012                non-virtual thunk to uORB::Subscription<vehicle_global_position_s>::~Subscription()

.text._ZN4uORB12SubscriptionI10encoders_sED2Ev
                0x00000000       0x18
 .text._ZN4uORB12SubscriptionI10encoders_sED2Ev
                0x00000000       0x18 Subscription.cpp.o
                0x00000000                uORB::Subscription<encoders_s>::~Subscription()
                0x00000000                uORB::Subscription<encoders_s>::~Subscription()

.text._ZN4uORB12SubscriptionI10encoders_sED1Ev
                0x00000000        0x8
 .text._ZN4uORB12SubscriptionI10encoders_sED1Ev
                0x00000000        0x8 Subscription.cpp.o
                0x00000000                non-virtual thunk to uORB::Subscription<encoders_s>::~Subscription()

.text._ZN4uORB12SubscriptionI10encoders_sED0Ev
                0x00000000       0x18
 .text._ZN4uORB12SubscriptionI10encoders_sED0Ev
                0x00000000       0x18 Subscription.cpp.o
                0x00000000                uORB::Subscription<encoders_s>::~Subscription()
                0x00000012                non-virtual thunk to uORB::Subscription<encoders_s>::~Subscription()

.text._ZN4uORB12SubscriptionI27position_setpoint_triplet_sED2Ev
                0x00000000       0x18
 .text._ZN4uORB12SubscriptionI27position_setpoint_triplet_sED2Ev
                0x00000000       0x18 Subscription.cpp.o
                0x00000000                uORB::Subscription<position_setpoint_triplet_s>::~Subscription()
                0x00000000                uORB::Subscription<position_setpoint_triplet_s>::~Subscription()

.text._ZN4uORB12SubscriptionI27position_setpoint_triplet_sED1Ev
                0x00000000        0x8
 .text._ZN4uORB12SubscriptionI27position_setpoint_triplet_sED1Ev
                0x00000000        0x8 Subscription.cpp.o
                0x00000000                non-virtual thunk to uORB::Subscription<position_setpoint_triplet_s>::~Subscription()

.text._ZN4uORB12SubscriptionI27position_setpoint_triplet_sED0Ev
                0x00000000       0x18
 .text._ZN4uORB12SubscriptionI27position_setpoint_triplet_sED0Ev
                0x00000000       0x18 Subscription.cpp.o
                0x00000000                uORB::Subscription<position_setpoint_triplet_s>::~Subscription()
                0x00000012                non-virtual thunk to uORB::Subscription<position_setpoint_triplet_s>::~Subscription()

.text._ZN4uORB12SubscriptionI16vehicle_status_sED2Ev
                0x00000000       0x18
 .text._ZN4uORB12SubscriptionI16vehicle_status_sED2Ev
                0x00000000       0x18 Subscription.cpp.o
                0x00000000                uORB::Subscription<vehicle_status_s>::~Subscription()
                0x00000000                uORB::Subscription<vehicle_status_s>::~Subscription()

.text._ZN4uORB12SubscriptionI16vehicle_status_sED1Ev
                0x00000000        0x8
 .text._ZN4uORB12SubscriptionI16vehicle_status_sED1Ev
                0x00000000        0x8 Subscription.cpp.o
                0x00000000                non-virtual thunk to uORB::Subscription<vehicle_status_s>::~Subscription()

.text._ZN4uORB12SubscriptionI16vehicle_status_sED0Ev
                0x00000000       0x18
 .text._ZN4uORB12SubscriptionI16vehicle_status_sED0Ev
                0x00000000       0x18 Subscription.cpp.o
                0x00000000                uORB::Subscription<vehicle_status_s>::~Subscription()
                0x00000012                non-virtual thunk to uORB::Subscription<vehicle_status_s>::~Subscription()

.text._ZN4uORB12SubscriptionI25manual_control_setpoint_sED2Ev
                0x00000000       0x18
 .text._ZN4uORB12SubscriptionI25manual_control_setpoint_sED2Ev
                0x00000000       0x18 Subscription.cpp.o
                0x00000000                uORB::Subscription<manual_control_setpoint_s>::~Subscription()
                0x00000000                uORB::Subscription<manual_control_setpoint_s>::~Subscription()

.text._ZN4uORB12SubscriptionI25manual_control_setpoint_sED1Ev
                0x00000000        0x8
 .text._ZN4uORB12SubscriptionI25manual_control_setpoint_sED1Ev
                0x00000000        0x8 Subscription.cpp.o
                0x00000000                non-virtual thunk to uORB::Subscription<manual_control_setpoint_s>::~Subscription()

.text._ZN4uORB12SubscriptionI25manual_control_setpoint_sED0Ev
                0x00000000       0x18
 .text._ZN4uORB12SubscriptionI25manual_control_setpoint_sED0Ev
                0x00000000       0x18 Subscription.cpp.o
                0x00000000                uORB::Subscription<manual_control_setpoint_s>::~Subscription()
                0x00000012                non-virtual thunk to uORB::Subscription<manual_control_setpoint_s>::~Subscription()

.text._ZN4uORB12SubscriptionI33vehicle_local_position_setpoint_sED2Ev
                0x00000000       0x18
 .text._ZN4uORB12SubscriptionI33vehicle_local_position_setpoint_sED2Ev
                0x00000000       0x18 Subscription.cpp.o
                0x00000000                uORB::Subscription<vehicle_local_position_setpoint_s>::~Subscription()
                0x00000000                uORB::Subscription<vehicle_local_position_setpoint_s>::~Subscription()

.text._ZN4uORB12SubscriptionI33vehicle_local_position_setpoint_sED1Ev
                0x00000000        0x8
 .text._ZN4uORB12SubscriptionI33vehicle_local_position_setpoint_sED1Ev
                0x00000000        0x8 Subscription.cpp.o
                0x00000000                non-virtual thunk to uORB::Subscription<vehicle_local_position_setpoint_s>::~Subscription()

.text._ZN4uORB12SubscriptionI33vehicle_local_position_setpoint_sED0Ev
                0x00000000       0x18
 .text._ZN4uORB12SubscriptionI33vehicle_local_position_setpoint_sED0Ev
                0x00000000       0x18 Subscription.cpp.o
                0x00000000                uORB::Subscription<vehicle_local_position_setpoint_s>::~Subscription()
                0x00000012                non-virtual thunk to uORB::Subscription<vehicle_local_position_setpoint_s>::~Subscription()

.text._ZN4uORB12SubscriptionI24vehicle_local_position_sED2Ev
                0x00000000       0x18
 .text._ZN4uORB12SubscriptionI24vehicle_local_position_sED2Ev
                0x00000000       0x18 Subscription.cpp.o
                0x00000000                uORB::Subscription<vehicle_local_position_s>::~Subscription()
                0x00000000                uORB::Subscription<vehicle_local_position_s>::~Subscription()

.text._ZN4uORB12SubscriptionI24vehicle_local_position_sED1Ev
                0x00000000        0x8
 .text._ZN4uORB12SubscriptionI24vehicle_local_position_sED1Ev
                0x00000000        0x8 Subscription.cpp.o
                0x00000000                non-virtual thunk to uORB::Subscription<vehicle_local_position_s>::~Subscription()

.text._ZN4uORB12SubscriptionI24vehicle_local_position_sED0Ev
                0x00000000       0x18
 .text._ZN4uORB12SubscriptionI24vehicle_local_position_sED0Ev