Archive member included because of file (symbol)

/home/apmsel4/ardupilot/modules/PX4Firmware/Build/px4io-v2_default.build/nuttx-export/libs/libnuttx.a(sched-irq_attach.o)
                              /home/apmsel4/ardupilot/modules/PX4Firmware/Build/px4io-v2_default.build//home/apmsel4/ardupilot/modules/PX4Firmware/src/drivers/stm32/module.pre.o (irq_attach)
/home/apmsel4/ardupilot/modules/PX4Firmware/Build/px4io-v2_default.build/nuttx-export/libs/libnuttx.a(sched-irq_initialize.o)
                              /home/apmsel4/ardupilot/modules/PX4Firmware/Build/px4io-v2_default.build/nuttx-export/libs/libnuttx.a(sched-irq_attach.o) (g_irqvector)
/home/apmsel4/ardupilot/modules/PX4Firmware/Build/px4io-v2_default.build/nuttx-export/libs/libnuttx.a(sched-irq_unexpectedisr.o)
                              /home/apmsel4/ardupilot/modules/PX4Firmware/Build/px4io-v2_default.build/nuttx-export/libs/libnuttx.a(sched-irq_attach.o) (irq_unexpected_isr)
/home/apmsel4/ardupilot/modules/PX4Firmware/Build/px4io-v2_default.build/nuttx-export/libs/libnuttx.a(sched-sched_lock.o)
                              /home/apmsel4/ardupilot/modules/PX4Firmware/Build/px4io-v2_default.build//home/apmsel4/ardupilot/modules/PX4Firmware/src/platforms/nuttx/px4_layer/module.pre.o (sched_lock)
/home/apmsel4/ardupilot/modules/PX4Firmware/Build/px4io-v2_default.build/nuttx-export/libs/libnuttx.a(sched-sched_setscheduler.o)
                              /home/apmsel4/ardupilot/modules/PX4Firmware/Build/px4io-v2_default.build//home/apmsel4/ardupilot/modules/PX4Firmware/src/platforms/nuttx/px4_layer/module.pre.o (sched_setscheduler)
/home/apmsel4/ardupilot/modules/PX4Firmware/Build/px4io-v2_default.build/nuttx-export/libs/libnuttx.a(sched-sched_unlock.o)
                              /home/apmsel4/ardupilot/modules/PX4Firmware/Build/px4io-v2_default.build//home/apmsel4/ardupilot/modules/PX4Firmware/src/platforms/nuttx/px4_layer/module.pre.o (sched_unlock)
/home/apmsel4/ardupilot/modules/PX4Firmware/Build/px4io-v2_default.build/nuttx-export/libs/libnuttx.a(sched-task_create.o)
                              /home/apmsel4/ardupilot/modules/PX4Firmware/Build/px4io-v2_default.build//home/apmsel4/ardupilot/modules/PX4Firmware/src/platforms/nuttx/px4_layer/module.pre.o (task_create)
/home/apmsel4/ardupilot/modules/PX4Firmware/Build/px4io-v2_default.build/nuttx-export/libs/libnuttx.a(sched-task_delete.o)
                              /home/apmsel4/ardupilot/modules/PX4Firmware/Build/px4io-v2_default.build//home/apmsel4/ardupilot/modules/PX4Firmware/src/platforms/nuttx/px4_layer/module.pre.o (task_delete)
/home/apmsel4/ardupilot/modules/PX4Firmware/Build/px4io-v2_default.build/nuttx-export/libs/libnuttx.a(sched-task_setup.o)
                              /home/apmsel4/ardupilot/modules/PX4Firmware/Build/px4io-v2_default.build/nuttx-export/libs/libnuttx.a(sched-task_create.o) (task_schedsetup)
/home/apmsel4/ardupilot/modules/PX4Firmware/Build/px4io-v2_default.build/nuttx-export/libs/libnuttx.a(sched-task_start.o)
                              /home/apmsel4/ardupilot/modules/PX4Firmware/Build/px4io-v2_default.build/nuttx-export/libs/libnuttx.a(sched-task_create.o) (task_start)
/home/apmsel4/ardupilot/modules/PX4Firmware/Build/px4io-v2_default.build/nuttx-export/libs/libnuttx.a(sched-task_terminate.o)
                              /home/apmsel4/ardupilot/modules/PX4Firmware/Build/px4io-v2_default.build/nuttx-export/libs/libnuttx.a(sched-task_delete.o) (task_terminate)
/home/apmsel4/ardupilot/modules/PX4Firmware/Build/px4io-v2_default.build/nuttx-export/libs/libnuttx.a(c-dq_addfirst.o)
                              /home/apmsel4/ardupilot/modules/PX4Firmware/Build/px4io-v2_default.build/nuttx-export/libs/libnuttx.a(sched-task_setup.o) (dq_addfirst)
/home/apmsel4/ardupilot/modules/PX4Firmware/Build/px4io-v2_default.build/nuttx-export/libs/libnuttx.a(c-dq_rem.o)
                              /home/apmsel4/ardupilot/modules/PX4Firmware/Build/px4io-v2_default.build/nuttx-export/libs/libnuttx.a(sched-task_create.o) (dq_rem)
/home/apmsel4/ardupilot/modules/PX4Firmware/Build/px4io-v2_default.build/nuttx-export/libs/libnuttx.a(c-lib_abort.o)
                              (abort)
/home/apmsel4/ardupilot/modules/PX4Firmware/Build/px4io-v2_default.build/nuttx-export/libs/libnuttx.a(c-lib_cfsetspeed.o)
                              /home/apmsel4/ardupilot/modules/PX4Firmware/Build/px4io-v2_default.build//home/apmsel4/ardupilot/modules/PX4Firmware/src/modules/px4iofirmware/module.pre.o (cfsetspeed)
/home/apmsel4/ardupilot/modules/PX4Firmware/Build/px4io-v2_default.build/nuttx-export/libs/libnuttx.a(c-lib_crc32.o)
                              /home/apmsel4/ardupilot/modules/PX4Firmware/Build/px4io-v2_default.build//home/apmsel4/ardupilot/modules/PX4Firmware/src/modules/px4iofirmware/module.pre.o (crc32part)
/home/apmsel4/ardupilot/modules/PX4Firmware/Build/px4io-v2_default.build/nuttx-export/libs/libnuttx.a(c-lib_dprintf.o)
[...]
Memory Configuration

Name             Origin             Length             Attributes
flash            0x08001000         0x0000f000         xr
sram             0x20000000         0x00002000         xrw
*default*        0x00000000         0xffffffff

Linker script and memory map


.text           0x08001000     0xb569
                0x08001000                _stext = ABSOLUTE (.)
 *(.vectors)
 .vectors       0x08001000      0x134 /home/apmsel4/ardupilot/modules/PX4Firmware/Build/px4io-v2_default.build/nuttx-export/libs/libnuttx.a(arch-up_vectors.o)
                0x08001000                _vectors
 *(.text .text.*)
 .text.stm32_boardinitialize
                0x08001134      0x110 /home/apmsel4/ardupilot/modules/PX4Firmware/Build/px4io-v2_default.build//home/apmsel4/ardupilot/modules/PX4Firmware/src/drivers/boards/px4io-v2/module.pre.o
                0x08001134                stm32_boardinitialize
 .text.hrt_absolute_time
                0x08001244       0x48 /home/apmsel4/ardupilot/modules/PX4Firmware/Build/px4io-v2_default.build//home/apmsel4/ardupilot/modules/PX4Firmware/src/drivers/stm32/module.pre.o
                0x08001244                hrt_absolute_time
 .text.hrt_call_reschedule
                0x0800128c       0x58 /home/apmsel4/ardupilot/modules/PX4Firmware/Build/px4io-v2_default.build//home/apmsel4/ardupilot/modules/PX4Firmware/src/drivers/stm32/module.pre.o
 .text.hrt_call_enter
                0x080012e4       0x4c /home/apmsel4/ardupilot/modules/PX4Firmware/Build/px4io-v2_default.build//home/apmsel4/ardupilot/modules/PX4Firmware/src/drivers/stm32/module.pre.o
 .text.hrt_call_internal
                0x08001330       0x4c /home/apmsel4/ardupilot/modules/PX4Firmware/Build/px4io-v2_default.build//home/apmsel4/ardupilot/modules/PX4Firmware/src/drivers/stm32/module.pre.o
 .text.hrt_tim_isr
                0x0800137c      0x1e4 /home/apmsel4/ardupilot/modules/PX4Firmware/Build/px4io-v2_default.build//home/apmsel4/ardupilot/modules/PX4Firmware/src/drivers/stm32/module.pre.o
 .text.hrt_elapsed_time
                0x08001560       0x22 /home/apmsel4/ardupilot/modules/PX4Firmware/Build/px4io-v2_default.build//home/apmsel4/ardupilot/modules/PX4Firmware/src/drivers/stm32/module.pre.o
                0x08001560                hrt_elapsed_time
 *fill*         0x08001582        0x2 
 .text.hrt_init
                0x08001584       0x84 /home/apmsel4/ardupilot/modules/PX4Firmware/Build/px4io-v2_default.build//home/apmsel4/ardupilot/modules/PX4Firmware/src/drivers/stm32/module.pre.o
                0x08001584                hrt_init
 .text.hrt_call_every
                0x08001608       0x36 /home/apmsel4/ardupilot/modules/PX4Firmware/Build/px4io-v2_default.build//home/apmsel4/ardupilot/modules/PX4Firmware/src/drivers/stm32/module.pre.o
                0x08001608                hrt_call_every
 *fill*         0x0800163e        0x2 
 .text.up_pwm_servo_set
                0x08001640       0x54 /home/apmsel4/ardupilot/modules/PX4Firmware/Build/px4io-v2_default.build//home/apmsel4/ardupilot/modules/PX4Firmware/src/drivers/stm32/module.pre.o
                0x08001640                up_pwm_servo_set
 .text.up_pwm_servo_init
                0x08001694      0x124 /home/apmsel4/ardupilot/modules/PX4Firmware/Build/px4io-v2_default.build//home/apmsel4/ardupilot/modules/PX4Firmware/src/drivers/stm32/module.pre.o
                0x08001694                up_pwm_servo_init
 .text.up_pwm_servo_set_rate_group_update
                0x080017b8       0x3c /home/apmsel4/ardupilot/modules/PX4Firmware/Build/px4io-v2_default.build//home/apmsel4/ardupilot/modules/PX4Firmware/src/drivers/stm32/module.pre.o
                0x080017b8                up_pwm_servo_set_rate_group_update
 .text.up_pwm_servo_get_rate_group
                0x080017f4       0x2c /home/apmsel4/ardupilot/modules/PX4Firmware/Build/px4io-v2_default.build//home/apmsel4/ardupilot/modules/PX4Firmware/src/drivers/stm32/module.pre.o
                0x080017f4                up_pwm_servo_get_rate_group
 .text.up_pwm_servo_arm
                0x08001820       0x28 /home/apmsel4/ardupilot/modules/PX4Firmware/Build/px4io-v2_default.build//home/apmsel4/ardupilot/modules/PX4Firmware/src/drivers/stm32/module.pre.o
                0x08001820                up_pwm_servo_arm
 .text.adc_init
                0x08001848       0xa4 /home/apmsel4/ardupilot/modules/PX4Firmware/Build/px4io-v2_default.build//home/apmsel4/ardupilot/modules/PX4Firmware/src/modules/px4iofirmware/module.pre.o
 .text.adc_measure
                0x080018ec       0x80 /home/apmsel4/ardupilot/modules/PX4Firmware/Build/px4io-v2_default.build//home/apmsel4/ardupilot/modules/PX4Firmware/src/modules/px4iofirmware/module.pre.o
 .text.controls_init
                0x0800196c       0xa8 /home/apmsel4/ardupilot/modules/PX4Firmware/Build/px4io-v2_default.build//home/apmsel4/ardupilot/modules/PX4Firmware/src/modules/px4iofirmware/module.pre.o
 .text.controls_tick
                0x08001a14      0x724 /home/apmsel4/ardupilot/modules/PX4Firmware/Build/px4io-v2_default.build//home/apmsel4/ardupilot/modules/PX4Firmware/src/modules/px4iofirmware/module.pre.o
 .text.dsm_guess_format
                0x08002138      0x26c /home/apmsel4/ardupilot/modules/PX4Firmware/Build/px4io-v2_default.build//home/apmsel4/ardupilot/modules/PX4Firmware/src/modules/px4iofirmware/module.pre.o
 .text.dsm_init
                0x080023a4       0x78 /home/apmsel4/ardupilot/modules/PX4Firmware/Build/px4io-v2_default.build//home/apmsel4/ardupilot/modules/PX4Firmware/src/modules/px4iofirmware/module.pre.o
 .text.dsm_bind
                0x0800241c       0x8c /home/apmsel4/ardupilot/modules/PX4Firmware/Build/px4io-v2_default.build//home/apmsel4/ardupilot/modules/PX4Firmware/src/modules/px4iofirmware/module.pre.o
 .text.dsm_input
                0x080024a8      0x230 /home/apmsel4/ardupilot/modules/PX4Firmware/Build/px4io-v2_default.build//home/apmsel4/ardupilot/modules/PX4Firmware/src/modules/px4iofirmware/module.pre.o
 .text.isr_debug.constprop.0
                0x080026d8       0x64 /home/apmsel4/ardupilot/modules/PX4Firmware/Build/px4io-v2_default.build//home/apmsel4/ardupilot/modules/PX4Firmware/src/modules/px4iofirmware/module.pre.o
 .text.isr_debug
                0x0800273c       0x64 /home/apmsel4/ardupilot/modules/PX4Firmware/Build/px4io-v2_default.build//home/apmsel4/ardupilot/modules/PX4Firmware/src/modules/px4iofirmware/module.pre.o
 .text.schedule_reboot
                0x080027a0       0x1c /home/apmsel4/ardupilot/modules/PX4Firmware/Build/px4io-v2_default.build//home/apmsel4/ardupilot/modules/PX4Firmware/src/modules/px4iofirmware/module.pre.o
 .text.user_start
                0x080027bc      0x3a0 /home/apmsel4/ardupilot/modules/PX4Firmware/Build/px4io-v2_default.build//home/apmsel4/ardupilot/modules/PX4Firmware/src/modules/px4iofirmware/module.pre.o
                0x080027bc                user_start
 .text.pwm_configure_rates
                0x08002b5c       0x8c /home/apmsel4/ardupilot/modules/PX4Firmware/Build/px4io-v2_default.build//home/apmsel4/ardupilot/modules/PX4Firmware/src/modules/px4iofirmware/module.pre.o
 .text.registers_set
                0x08002be8      0xad8 /home/apmsel4/ardupilot/modules/PX4Firmware/Build/px4io-v2_default.build//home/apmsel4/ardupilot/modules/PX4Firmware/src/modules/px4iofirmware/module.pre.o
 .text.registers_get
                0x080036c0      0x288 /home/apmsel4/ardupilot/modules/PX4Firmware/Build/px4io-v2_default.build//home/apmsel4/ardupilot/modules/PX4Firmware/src/modules/px4iofirmware/module.pre.o
 .text.safety_check_button
                0x08003948       0xe8 /home/apmsel4/ardupilot/modules/PX4Firmware/Build/px4io-v2_default.build//home/apmsel4/ardupilot/modules/PX4Firmware/src/modules/px4iofirmware/module.pre.o
 .text.failsafe_blink
                0x08003a30       0x48 /home/apmsel4/ardupilot/modules/PX4Firmware/Build/px4io-v2_default.build//home/apmsel4/ardupilot/modules/PX4Firmware/src/modules/px4iofirmware/module.pre.o
 .text.safety_init
                0x08003a78       0x34 /home/apmsel4/ardupilot/modules/PX4Firmware/Build/px4io-v2_default.build//home/apmsel4/ardupilot/modules/PX4Firmware/src/modules/px4iofirmware/module.pre.o
 .text.failsafe_led_init
                0x08003aac       0x34 /home/apmsel4/ardupilot/modules/PX4Firmware/Build/px4io-v2_default.build//home/apmsel4/ardupilot/modules/PX4Firmware/src/modules/px4iofirmware/module.pre.o
 .text.sbus_init
                0x08003ae0       0x80 /home/apmsel4/ardupilot/modules/PX4Firmware/Build/px4io-v2_default.build//home/apmsel4/ardupilot/modules/PX4Firmware/src/modules/px4iofirmware/module.pre.o
 .text.sbus1_output
                0x08003b60      0x148 /home/apmsel4/ardupilot/modules/PX4Firmware/Build/px4io-v2_default.build//home/apmsel4/ardupilot/modules/PX4Firmware/src/modules/px4iofirmware/module.pre.o
 .text.sbus2_output
                0x08003ca8       0x20 /home/apmsel4/ardupilot/modules/PX4Firmware/Build/px4io-v2_default.build//home/apmsel4/ardupilot/modules/PX4Firmware/src/modules/px4iofirmware/module.pre.o
 .text.sbus_input
                0x08003cc8      0x1cc /home/apmsel4/ardupilot/modules/PX4Firmware/Build/px4io-v2_default.build//home/apmsel4/ardupilot/modules/PX4Firmware/src/modules/px4iofirmware/module.pre.o
 .text.up_cxxinitialize
                0x08003e94       0x38 /home/apmsel4/ardupilot/modules/PX4Firmware/Build/px4io-v2_default.build//home/apmsel4/ardupilot/modules/PX4Firmware/src/modules/px4iofirmware/module.pre.o
                0x08003e94                up_cxxinitialize
 .text.perf_alloc
                0x08003ecc       0x50 /home/apmsel4/ardupilot/modules/PX4Firmware/Build/px4io-v2_default.build//home/apmsel4/ardupilot/modules/PX4Firmware/src/modules/px4iofirmware/module.pre.o
                0x08003ecc                perf_alloc
 .text.perf_count
                0x08003f1c      0x100 /home/apmsel4/ardupilot/modules/PX4Firmware/Build/px4io-v2_default.build//home/apmsel4/ardupilot/modules/PX4Firmware/src/modules/px4iofirmware/module.pre.o
                0x08003f1c                perf_count
 .text.perf_begin
                0x0800401c       0x18 /home/apmsel4/ardupilot/modules/PX4Firmware/Build/px4io-v2_default.build//home/apmsel4/ardupilot/modules/PX4Firmware/src/modules/px4iofirmware/module.pre.o
                0x0800401c                perf_begin
 .text.perf_end
                0x08004034       0xe0 /home/apmsel4/ardupilot/modules/PX4Firmware/Build/px4io-v2_default.build//home/apmsel4/ardupilot/modules/PX4Firmware/src/modules/px4iofirmware/module.pre.o
                0x08004034                perf_end
 .text._ZL14mixer_callbackjhhRf
                0x08004114       0xac /home/apmsel4/ardupilot/modules/PX4Firmware/Build/px4io-v2_default.build//home/apmsel4/ardupilot/modules/PX4Firmware/src/modules/px4iofirmware/module.pre.o
 .text.startup._GLOBAL__sub_I_mixer_tick
                0x080041c0       0x2c /home/apmsel4/ardupilot/modules/PX4Firmware/Build/px4io-v2_default.build//home/apmsel4/ardupilot/modules/PX4Firmware/src/modules/px4iofirmware/module.pre.o
 .text.mixer_tick
                0x080041ec      0x518 /home/apmsel4/ardupilot/modules/PX4Firmware/Build/px4io-v2_default.build//home/apmsel4/ardupilot/modules/PX4Firmware/src/modules/px4iofirmware/module.pre.o
 .text.mixer_handle_text
                0x08004704      0x250 /home/apmsel4/ardupilot/modules/PX4Firmware/Build/px4io-v2_default.build//home/apmsel4/ardupilot/modules/PX4Firmware/src/modules/px4iofirmware/module.pre.o
 .text._ZN9NullMixerD2Ev
                0x08004954        0x4 /home/apmsel4/ardupilot/modules/PX4Firmware/Build/px4io-v2_default.build//home/apmsel4/ardupilot/modules/PX4Firmware/src/modules/px4iofirmware/module.pre.o
                0x08004954                NullMixer::~NullMixer()
                0x08004954                NullMixer::~NullMixer()
 .text._ZN9NullMixer3mixEPfjPt
                0x08004958       0x10 /home/apmsel4/ardupilot/modules/PX4Firmware/Build/px4io-v2_default.build//home/apmsel4/ardupilot/modules/PX4Firmware/src/modules/px4iofirmware/module.pre.o
                0x08004958                NullMixer::mix(float*, unsigned int, unsigned short*)
 .text._ZN9NullMixer15groups_requiredERj
                0x08004968        0x4 /home/apmsel4/ardupilot/modules/PX4Firmware/Build/px4io-v2_default.build//home/apmsel4/ardupilot/modules/PX4Firmware/src/modules/px4iofirmware/module.pre.o
                0x08004968                NullMixer::groups_required(unsigned int&)
 .text._ZN9NullMixerD0Ev
                0x0800496c        0xc /home/apmsel4/ardupilot/modules/PX4Firmware/Build/px4io-v2_default.build//home/apmsel4/ardupilot/modules/PX4Firmware/src/modules/px4iofirmware/module.pre.o
                0x0800496c                NullMixer::~NullMixer()
 .text._ZN5MixerC2EPFijhhRfEj
                0x08004978       0x18 /home/apmsel4/ardupilot/modules/PX4Firmware/Build/px4io-v2_default.build//home/apmsel4/ardupilot/modules/PX4Firmware/src/modules/px4iofirmware/module.pre.o
                0x08004978                Mixer::Mixer(int (*)(unsigned int, unsigned char, unsigned char, float&), unsigned int)
                0x08004978                Mixer::Mixer(int (*)(unsigned int, unsigned char, unsigned char, float&), unsigned int)
 .text._ZN5Mixer11get_controlEhh
                0x08004990       0x14 /home/apmsel4/ardupilot/modules/PX4Firmware/Build/px4io-v2_default.build//home/apmsel4/ardupilot/modules/PX4Firmware/src/modules/px4iofirmware/module.pre.o
                0x08004990                Mixer::get_control(unsigned char, unsigned char)
 .text._ZN5Mixer5scaleERK14mixer_scaler_sf
                0x080049a4       0x54 /home/apmsel4/ardupilot/modules/PX4Firmware/Build/px4io-v2_default.build//home/apmsel4/ardupilot/modules/PX4Firmware/src/modules/px4iofirmware/module.pre.o
                0x080049a4                Mixer::scale(mixer_scaler_s const&, float)
 .text._ZN5Mixer7findtagEPKcRjc
                0x080049f8       0x34 /home/apmsel4/ardupilot/modules/PX4Firmware/Build/px4io-v2_default.build//home/apmsel4/ardupilot/modules/PX4Firmware/src/modules/px4iofirmware/module.pre.o
                0x080049f8                Mixer::findtag(char const*, unsigned int&, char)
 .text._ZN5Mixer8skiplineEPKcRj
                0x08004a2c       0x30 /home/apmsel4/ardupilot/modules/PX4Firmware/Build/px4io-v2_default.build//home/apmsel4/ardupilot/modules/PX4Firmware/src/modules/px4iofirmware/module.pre.o
                0x08004a2c                Mixer::skipline(char const*, unsigned int&)
 .text._ZN9NullMixer9from_textEPKcRj
                0x08004a5c       0x60 /home/apmsel4/ardupilot/modules/PX4Firmware/Build/px4io-v2_default.build//home/apmsel4/ardupilot/modules/PX4Firmware/src/modules/px4iofirmware/module.pre.o
                0x08004a5c                NullMixer::from_text(char const*, unsigned int&)
 .text._ZN10MixerGroupD2Ev
                0x08004abc       0x28 /home/apmsel4/ardupilot/modules/PX4Firmware/Build/px4io-v2_default.build//home/apmsel4/ardupilot/modules/PX4Firmware/src/modules/px4iofirmware/module.pre.o
                0x08004abc                MixerGroup::~MixerGroup()
                0x08004abc                MixerGroup::~MixerGroup()
 .text._ZN10MixerGroup3mixEPfjPt
                0x08004ae4       0x40 /home/apmsel4/ardupilot/modules/PX4Firmware/Build/px4io-v2_default.build//home/apmsel4/ardupilot/modules/PX4Firmware/src/modules/px4iofirmware/module.pre.o
                0x08004ae4                MixerGroup::mix(float*, unsigned int, unsigned short*)
 .text._ZN10MixerGroup15groups_requiredERj
                0x08004b24       0x1c /home/apmsel4/ardupilot/modules/PX4Firmware/Build/px4io-v2_default.build//home/apmsel4/ardupilot/modules/PX4Firmware/src/modules/px4iofirmware/module.pre.o
                0x08004b24                MixerGroup::groups_required(unsigned int&)
 .text._ZN10MixerGroupD0Ev
                0x08004b40       0x2c /home/apmsel4/ardupilot/modules/PX4Firmware/Build/px4io-v2_default.build//home/apmsel4/ardupilot/modules/PX4Firmware/src/modules/px4iofirmware/module.pre.o
                0x08004b40                MixerGroup::~MixerGroup()
 .text._ZN10MixerGroupC2EPFijhhRfEj
                0x08004b6c       0x18 /home/apmsel4/ardupilot/modules/PX4Firmware/Build/px4io-v2_default.build//home/apmsel4/ardupilot/modules/PX4Firmware/src/modules/px4iofirmware/module.pre.o
                0x08004b6c                MixerGroup::MixerGroup(int (*)(unsigned int, unsigned char, unsigned char, float&), unsigned int)
                0x08004b6c                MixerGroup::MixerGroup(int (*)(unsigned int, unsigned char, unsigned char, float&), unsigned int)
 .text._ZN10MixerGroup5resetEv
                0x08004b84       0x1c /home/apmsel4/ardupilot/modules/PX4Firmware/Build/px4io-v2_default.build//home/apmsel4/ardupilot/modules/PX4Firmware/src/modules/px4iofirmware/module.pre.o
                0x08004b84                MixerGroup::reset()
 .text._ZN10MixerGroup13load_from_bufEPKcRj
                0x08004ba0       0x90 /home/apmsel4/ardupilot/modules/PX4Firmware/Build/px4io-v2_default.build//home/apmsel4/ardupilot/modules/PX4Firmware/src/modules/px4iofirmware/module.pre.o
                0x08004ba0                MixerGroup::load_from_buf(char const*, unsigned int&)
 .text._ZN15MultirotorMixerD2Ev
                0x08004c30        0x4 /home/apmsel4/ardupilot/modules/PX4Firmware/Build/px4io-v2_default.build//home/apmsel4/ardupilot/modules/PX4Firmware/src/modules/px4iofirmware/module.pre.o
                0x08004c30                MultirotorMixer::~MultirotorMixer()
                0x08004c30                MultirotorMixer::~MultirotorMixer()
 .text._ZN15MultirotorMixer15groups_requiredERj
                0x08004c34        0xc /home/apmsel4/ardupilot/modules/PX4Firmware/Build/px4io-v2_default.build//home/apmsel4/ardupilot/modules/PX4Firmware/src/modules/px4iofirmware/module.pre.o
                0x08004c34                MultirotorMixer::groups_required(unsigned int&)
 .text._ZN15MultirotorMixerD0Ev
                0x08004c40        0xc /home/apmsel4/ardupilot/modules/PX4Firmware/Build/px4io-v2_default.build//home/apmsel4/ardupilot/modules/PX4Firmware/src/modules/px4iofirmware/module.pre.o
                0x08004c40                MultirotorMixer::~MultirotorMixer()
 .text._ZN15MultirotorMixer3mixEPfjPt
                0x08004c4c      0x7dc /home/apmsel4/ardupilot/modules/PX4Firmware/Build/px4io-v2_default.build//home/apmsel4/ardupilot/modules/PX4Firmware/src/modules/px4iofirmware/module.pre.o
                0x08004c4c                MultirotorMixer::mix(float*, unsigned int, unsigned short*)
 .text._ZN15MultirotorMixer9from_textEPFijhhRfEjPKcRj
                0x08005428      0x220 /home/apmsel4/ardupilot/modules/PX4Firmware/Build/px4io-v2_default.build//home/apmsel4/ardupilot/modules/PX4Firmware/src/modules/px4iofirmware/module.pre.o
                0x08005428                MultirotorMixer::from_text(int (*)(unsigned int, unsigned char, unsigned char, float&), unsigned int, char const*, unsigned int&)
 .text._ZN11SimpleMixer15groups_requiredERj
                0x08005648       0x30 /home/apmsel4/ardupilot/modules/PX4Firmware/Build/px4io-v2_default.build//home/apmsel4/ardupilot/modules/PX4Firmware/src/modules/px4iofirmware/module.pre.o
                0x08005648                SimpleMixer::groups_required(unsigned int&)
 .text._ZN11SimpleMixerD2Ev
                0x08005678       0x18 /home/apmsel4/ardupilot/modules/PX4Firmware/Build/px4io-v2_default.build//home/apmsel4/ardupilot/modules/PX4Firmware/src/modules/px4iofirmware/module.pre.o
                0x08005678                SimpleMixer::~SimpleMixer()
                0x08005678                SimpleMixer::~SimpleMixer()
 .text._ZN11SimpleMixerD0Ev
                0x08005690       0x20 /home/apmsel4/ardupilot/modules/PX4Firmware/Build/px4io-v2_default.build//home/apmsel4/ardupilot/modules/PX4Firmware/src/modules/px4iofirmware/module.pre.o
                0x08005690                SimpleMixer::~SimpleMixer()
 .text._ZN11SimpleMixer3mixEPfjPt
                0x080056b0       0x78 /home/apmsel4/ardupilot/modules/PX4Firmware/Build/px4io-v2_default.build//home/apmsel4/ardupilot/modules/PX4Firmware/src/modules/px4iofirmware/module.pre.o
                0x080056b0                SimpleMixer::mix(float*, unsigned int, unsigned short*)
 .text._ZN11SimpleMixer19parse_output_scalerEPKcRjR14mixer_scaler_s
                0x08005728       0xa8 /home/apmsel4/ardupilot/modules/PX4Firmware/Build/px4io-v2_default.build//home/apmsel4/ardupilot/modules/PX4Firmware/src/modules/px4iofirmware/module.pre.o
                0x08005728                SimpleMixer::parse_output_scaler(char const*, unsigned int&, mixer_scaler_s&)
 .text._ZN11SimpleMixer9from_textEPFijhhRfEjPKcRj
                0x080057d0      0x154 /home/apmsel4/ardupilot/modules/PX4Firmware/Build/px4io-v2_default.build//home/apmsel4/ardupilot/modules/PX4Firmware/src/modules/px4iofirmware/module.pre.o
                0x080057d0                SimpleMixer::from_text(int (*)(unsigned int, unsigned char, unsigned char, float&), unsigned int, char const*, unsigned int&)
 .text.pwm_limit_init
                0x08005924       0x10 /home/apmsel4/ardupilot/modules/PX4Firmware/Build/px4io-v2_default.build//home/apmsel4/ardupilot/modules/PX4Firmware/src/modules/px4iofirmware/module.pre.o
                0x08005924                pwm_limit_init
 *fill*         0x08005934        0x4 
 .text.pwm_limit_calc
                0x08005938      0x2f4 /home/apmsel4/ardupilot/modules/PX4Firmware/Build/px4io-v2_default.build//home/apmsel4/ardupilot/modules/PX4Firmware/src/modules/px4iofirmware/module.pre.o
                0x08005938                pwm_limit_calc
 .text.st24_decode
                0x08005c2c      0x324 /home/apmsel4/ardupilot/modules/PX4Firmware/Build/px4io-v2_default.build//home/apmsel4/ardupilot/modules/PX4Firmware/src/modules/px4iofirmware/module.pre.o
                0x08005c2c                st24_decode
 .text.sumd_decode
                0x08005f50      0x698 /home/apmsel4/ardupilot/modules/PX4Firmware/Build/px4io-v2_default.build//home/apmsel4/ardupilot/modules/PX4Firmware/src/modules/px4iofirmware/module.pre.o
 .text.rx_dma_callback
                0x080065e8      0x1b8 /home/apmsel4/ardupilot/modules/PX4Firmware/Build/px4io-v2_default.build//home/apmsel4/ardupilot/modules/PX4Firmware/src/modules/px4iofirmware/module.pre.o
 .text.serial_interrupt
                0x080067a0      0x184 /home/apmsel4/ardupilot/modules/PX4Firmware/Build/px4io-v2_default.build//home/apmsel4/ardupilot/modules/PX4Firmware/src/modules/px4iofirmware/module.pre.o
 .text.interface_init
                0x08006924      0x198 /home/apmsel4/ardupilot/modules/PX4Firmware/Build/px4io-v2_default.build//home/apmsel4/ardupilot/modules/PX4Firmware/src/modules/px4iofirmware/module.pre.o
 .text.irq_attach
                0x08006abc       0x38 /home/apmsel4/ardupilot/modules/PX4Firmware/Build/px4io-v2_default.build/nuttx-export/libs/libnuttx.a(sched-irq_attach.o)
                0x08006abc                irq_attach
 .text.irq_initialize
                0x08006af4       0x1c /home/apmsel4/ardupilot/modules/PX4Firmware/Build/px4io-v2_default.build/nuttx-export/libs/libnuttx.a(sched-irq_initialize.o)
                0x08006af4                irq_initialize
 .text.irq_unexpected_isr
                0x08006b10       0x14 /home/apmsel4/ardupilot/modules/PX4Firmware/Build/px4io-v2_default.build/nuttx-export/libs/libnuttx.a(sched-irq_unexpectedisr.o)
                0x08006b10                irq_unexpected_isr
 .text.sched_lock
                0x08006b24       0x30 /home/apmsel4/ardupilot/modules/PX4Firmware/Build/px4io-v2_default.build/nuttx-export/libs/libnuttx.a(sched-sched_lock.o)
                0x08006b24                sched_lock
 .text.sched_unlock
                0x08006b54       0x48 /home/apmsel4/ardupilot/modules/PX4Firmware/Build/px4io-v2_default.build/nuttx-export/libs/libnuttx.a(sched-sched_unlock.o)
                0x08006b54                sched_unlock
 .text.thread_create
                0x08006b9c       0xa8 /home/apmsel4/ardupilot/modules/PX4Firmware/Build/px4io-v2_default.build/nuttx-export/libs/libnuttx.a(sched-task_create.o)
 .text.task_create
                0x08006c44       0x1a /home/apmsel4/ardupilot/modules/PX4Firmware/Build/px4io-v2_default.build/nuttx-export/libs/libnuttx.a(sched-task_create.o)
                0x08006c44                task_create
 *fill*         0x08006c5e        0x2 
 .text.task_schedsetup
                0x08006c60       0xa4 /home/apmsel4/ardupilot/modules/PX4Firmware/Build/px4io-v2_default.build/nuttx-export/libs/libnuttx.a(sched-task_setup.o)
                0x08006c60                task_schedsetup
 .text.task_argsetup
                0x08006d04       0x5c /home/apmsel4/ardupilot/modules/PX4Firmware/Build/px4io-v2_default.build/nuttx-export/libs/libnuttx.a(sched-task_setup.o)
                0x08006d04                task_argsetup
 .text.task_start
                0x08006d60       0x28 /home/apmsel4/ardupilot/modules/PX4Firmware/Build/px4io-v2_default.build/nuttx-export/libs/libnuttx.a(sched-task_start.o)
                0x08006d60                task_start
 .text.task_terminate
                0x08006d88       0x78 /home/apmsel4/ardupilot/modules/PX4Firmware/Build/px4io-v2_default.build/nuttx-export/libs/libnuttx.a(sched-task_terminate.o)
                0x08006d88                task_terminate
 .text.dq_addfirst
                0x08006e00       0x18 /home/apmsel4/ardupilot/modules/PX4Firmware/Build/px4io-v2_default.build/nuttx-export/libs/libnuttx.a(c-dq_addfirst.o)
                0x08006e00                dq_addfirst
 .text.dq_rem   0x08006e18       0x1c /home/apmsel4/ardupilot/modules/PX4Firmware/Build/px4io-v2_default.build/nuttx-export/libs/libnuttx.a(c-dq_rem.o)
                0x08006e18                dq_rem
 .text.abort    0x08006e34        0x8 /home/apmsel4/ardupilot/modules/PX4Firmware/Build/px4io-v2_default.build/nuttx-export/libs/libnuttx.a(c-lib_abort.o)
                0x08006e34                abort
 .text.cfsetspeed
                0x08006e3c        0x6 /home/apmsel4/ardupilot/modules/PX4Firmware/Build/px4io-v2_default.build/nuttx-export/libs/libnuttx.a(c-lib_cfsetspeed.o)
                0x08006e3c                cfsetspeed
 *fill*         0x08006e42        0x2 
 .text.crc32part
                0x08006e44       0x24 /home/apmsel4/ardupilot/modules/PX4Firmware/Build/px4io-v2_default.build/nuttx-export/libs/libnuttx.a(c-lib_crc32.o)
                0x08006e44                crc32part
 .text.lowvsyslog
                0x08006e68       0x1a /home/apmsel4/ardupilot/modules/PX4Firmware/Build/px4io-v2_default.build/nuttx-export/libs/libnuttx.a(c-lib_lowsyslog.o)
                0x08006e68                lowvsyslog
 .text.lowsyslog
                0x08006e82       0x1a /home/apmsel4/ardupilot/modules/PX4Firmware/Build/px4io-v2_default.build/nuttx-export/libs/libnuttx.a(c-lib_lowsyslog.o)
                0x08006e82                lowsyslog
 .text.memchr   0x08006e9c       0x1e /home/apmsel4/ardupilot/modules/PX4Firmware/Build/px4io-v2_default.build/nuttx-export/libs/libnuttx.a(c-lib_memchr.o)
                0x08006e9c                memchr
 .text.memcpy   0x08006eba       0x16 /home/apmsel4/ardupilot/modules/PX4Firmware/Build/px4io-v2_default.build/nuttx-export/libs/libnuttx.a(c-lib_memcpy.o)
                0x08006eba                memcpy
 .text.memset   0x08006ed0       0x10 /home/apmsel4/ardupilot/modules/PX4Firmware/Build/px4io-v2_default.build/nuttx-export/libs/libnuttx.a(c-lib_memset.o)
                0x08006ed0                memset
 .text.printf   0x08006ee0       0x1a /home/apmsel4/ardupilot/modules/PX4Firmware/Build/px4io-v2_default.build/nuttx-export/libs/libnuttx.a(c-lib_printf.o)
                0x08006ee0                printf
 *fill*         0x08006efa        0x2 
 .text.findwidth
                0x08006efc       0x34 /home/apmsel4/ardupilot/modules/PX4Firmware/Build/px4io-v2_default.build/nuttx-export/libs/libnuttx.a(c-lib_sscanf.o)
 .text.vsscanf  0x08006f30      0x314 /home/apmsel4/ardupilot/modules/PX4Firmware/Build/px4io-v2_default.build/nuttx-export/libs/libnuttx.a(c-lib_sscanf.o)
                0x08006f30                vsscanf
 .text.sscanf   0x08007244       0x1a /home/apmsel4/ardupilot/modules/PX4Firmware/Build/px4io-v2_default.build/nuttx-export/libs/libnuttx.a(c-lib_sscanf.o)
                0x08007244                sscanf
 .text.strchr   0x0800725e       0x16 /home/apmsel4/ardupilot/modules/PX4Firmware/Build/px4io-v2_default.build/nuttx-export/libs/libnuttx.a(c-lib_strchr.o)
                0x0800725e                strchr
 .text.strcmp   0x08007274       0x1a /home/apmsel4/ardupilot/modules/PX4Firmware/Build/px4io-v2_default.build/nuttx-export/libs/libnuttx.a(c-lib_strcmp.o)
                0x08007274                strcmp
 .text.strcspn  0x0800728e       0x1e /home/apmsel4/ardupilot/modules/PX4Firmware/Build/px4io-v2_default.build/nuttx-export/libs/libnuttx.a(c-lib_strcspn.o)
                0x0800728e                strcspn
 .text.strdup   0x080072ac       0x1c /home/apmsel4/ardupilot/modules/PX4Firmware/Build/px4io-v2_default.build/nuttx-export/libs/libnuttx.a(c-lib_strdup.o)
                0x080072ac                strdup
 .text.strlen   0x080072c8       0x10 /home/apmsel4/ardupilot/modules/PX4Firmware/Build/px4io-v2_default.build/nuttx-export/libs/libnuttx.a(c-lib_strlen.o)
                0x080072c8                strlen
 .text.strncpy  0x080072d8       0x24 /home/apmsel4/ardupilot/modules/PX4Firmware/Build/px4io-v2_default.build/nuttx-export/libs/libnuttx.a(c-lib_strncpy.o)
                0x080072d8                strncpy
 .text.strtol   0x080072fc       0x3c /home/apmsel4/ardupilot/modules/PX4Firmware/Build/px4io-v2_default.build/nuttx-export/libs/libnuttx.a(c-lib_strtol.o)
                0x080072fc                strtol
 .text.strtoul  0x08007338       0x48 /home/apmsel4/ardupilot/modules/PX4Firmware/Build/px4io-v2_default.build/nuttx-export/libs/libnuttx.a(c-lib_strtoul.o)
                0x08007338                strtoul
 .text.vsyslog  0x08007380       0x1e /home/apmsel4/ardupilot/modules/PX4Firmware/Build/px4io-v2_default.build/nuttx-export/libs/libnuttx.a(c-lib_syslog.o)
                0x08007380                vsyslog
 .text.tcgetattr
                0x0800739e        0xa /home/apmsel4/ardupilot/modules/PX4Firmware/Build/px4io-v2_default.build/nuttx-export/libs/libnuttx.a(c-lib_tcgetattr.o)
                0x0800739e                tcgetattr
 .text.tcsetattr
                0x080073a8       0x10 /home/apmsel4/ardupilot/modules/PX4Firmware/Build/px4io-v2_default.build/nuttx-export/libs/libnuttx.a(c-lib_tcsetattr.o)
                0x080073a8                tcsetattr
 .text.vsnprintf
                0x080073b8       0x24 /home/apmsel4/ardupilot/modules/PX4Firmware/Build/px4io-v2_default.build/nuttx-export/libs/libnuttx.a(c-lib_vsnprintf.o)
                0x080073b8                vsnprintf
 .text.sq_addafter
                0x080073dc       0x1c /home/apmsel4/ardupilot/modules/PX4Firmware/Build/px4io-v2_default.build/nuttx-export/libs/libnuttx.a(c-sq_addafter.o)
                0x080073dc                sq_addafter
 .text.sq_addfirst
                0x080073f8        0xe /home/apmsel4/ardupilot/modules/PX4Firmware/Build/px4io-v2_default.build/nuttx-export/libs/libnuttx.a(c-sq_addfirst.o)
                0x080073f8                sq_addfirst
 .text.sq_addlast
                0x08007406       0x14 /home/apmsel4/ardupilot/modules/PX4Firmware/Build/px4io-v2_default.build/nuttx-export/libs/libnuttx.a(c-sq_addlast.o)
                0x08007406                sq_addlast
 .text.sq_rem   0x0800741a       0x2c /home/apmsel4/ardupilot/modules/PX4Firmware/Build/px4io-v2_default.build/nuttx-export/libs/libnuttx.a(c-sq_rem.o)
                0x0800741a                sq_rem
 .text.sq_remafter
                0x08007446       0x22 /home/apmsel4/ardupilot/modules/PX4Firmware/Build/px4io-v2_default.build/nuttx-export/libs/libnuttx.a(c-sq_remafter.o)
                0x08007446                sq_remafter
 .text.calloc   0x08007468        0xe /home/apmsel4/ardupilot/modules/PX4Firmware/Build/px4io-v2_default.build/nuttx-export/libs/libnuttx.a(mm-mm_calloc.o)
                0x08007468                calloc
 *fill*         0x08007476        0x2 
 .text.free     0x08007478       0xa8 /home/apmsel4/ardupilot/modules/PX4Firmware/Build/px4io-v2_default.build/nuttx-export/libs/libnuttx.a(mm-mm_free.o)
                0x08007478                free
 .text.mallinfo
                0x08007520       0x5c /home/apmsel4/ardupilot/modules/PX4Firmware/Build/px4io-v2_default.build/nuttx-export/libs/libnuttx.a(mm-mm_mallinfo.o)
                0x08007520                mallinfo
 .text.malloc   0x0800757c       0x94 /home/apmsel4/ardupilot/modules/PX4Firmware/Build/px4io-v2_default.build/nuttx-export/libs/libnuttx.a(mm-mm_malloc.o)
                0x0800757c                malloc
 .text.mm_seminitialize
                0x08007610       0x18 /home/apmsel4/ardupilot/modules/PX4Firmware/Build/px4io-v2_default.build/nuttx-export/libs/libnuttx.a(mm-mm_sem.o)
                0x08007610                mm_seminitialize
 .text.mm_trysemaphore
                0x08007628       0x32 /home/apmsel4/ardupilot/modules/PX4Firmware/Build/px4io-v2_default.build/nuttx-export/libs/libnuttx.a(mm-mm_sem.o)
                0x08007628                mm_trysemaphore
 *fill*         0x0800765a        0x2 
 .text.mm_takesemaphore
                0x0800765c       0x40 /home/apmsel4/ardupilot/modules/PX4Firmware/Build/px4io-v2_default.build/nuttx-export/libs/libnuttx.a(mm-mm_sem.o)
                0x0800765c                mm_takesemaphore
 .text.mm_givesemaphore
                0x0800769c       0x2c /home/apmsel4/ardupilot/modules/PX4Firmware/Build/px4io-v2_default.build/nuttx-export/libs/libnuttx.a(mm-mm_sem.o)
                0x0800769c                mm_givesemaphore
 .text.mm_size2ndx
                0x080076c8       0x1a /home/apmsel4/ardupilot/modules/PX4Firmware/Build/px4io-v2_default.build/nuttx-export/libs/libnuttx.a(mm-mm_size2ndx.o)
                0x080076c8                mm_size2ndx
 *fill*         0x080076e2        0x2 
 .text.umm_initialize
                0x080076e4       0x10 /home/apmsel4/ardupilot/modules/PX4Firmware/Build/px4io-v2_default.build/nuttx-export/libs/libnuttx.a(mm-mm_user.o)
                0x080076e4                umm_initialize
 .text.umm_trysemaphore
                0x080076f4        0xc /home/apmsel4/ardupilot/modules/PX4Firmware/Build/px4io-v2_default.build/nuttx-export/libs/libnuttx.a(mm-mm_user.o)
                0x080076f4                umm_trysemaphore
 .text.umm_givesemaphore
                0x08007700        0xc /home/apmsel4/ardupilot/modules/PX4Firmware/Build/px4io-v2_default.build/nuttx-export/libs/libnuttx.a(mm-mm_user.o)
                0x08007700                umm_givesemaphore
 .text.zalloc   0x0800770c       0x18 /home/apmsel4/ardupilot/modules/PX4Firmware/Build/px4io-v2_default.build/nuttx-export/libs/libnuttx.a(mm-mm_zalloc.o)
                0x0800770c                zalloc
 .text.stm32_dmachandisable
                0x08007724       0x20 /home/apmsel4/ardupilot/modules/PX4Firmware/Build/px4io-v2_default.build/nuttx-export/libs/libnuttx.a(arch-stm32_dma.o)
 .text.stm32_dmainterrupt
                0x08007744       0x54 /home/apmsel4/ardupilot/modules/PX4Firmware/Build/px4io-v2_default.build/nuttx-export/libs/libnuttx.a(arch-stm32_dma.o)
 .text.up_dmainitialize
                0x08007798       0x3c /home/apmsel4/ardupilot/modules/PX4Firmware/Build/px4io-v2_default.build/nuttx-export/libs/libnuttx.a(arch-stm32_dma.o)
                0x08007798                up_dmainitialize
 .text.stm32_dmachannel
                0x080077d4       0x34 /home/apmsel4/ardupilot/modules/PX4Firmware/Build/px4io-v2_default.build/nuttx-export/libs/libnuttx.a(arch-stm32_dma.o)
                0x080077d4                stm32_dmachannel
 .text.stm32_dmafree
                0x08007808        0x6 /home/apmsel4/ardupilot/modules/PX4Firmware/Build/px4io-v2_default.build/nuttx-export/libs/libnuttx.a(arch-stm32_dma.o)
                0x08007808                stm32_dmafree
 .text.stm32_dmasetup
                0x0800780e       0x2a /home/apmsel4/ardupilot/modules/PX4Firmware/Build/px4io-v2_default.build/nuttx-export/libs/libnuttx.a(arch-stm32_dma.o)
                0x0800780e                stm32_dmasetup
 .text.stm32_dmastart
                0x08007838       0x28 /home/apmsel4/ardupilot/modules/PX4Firmware/Build/px4io-v2_default.build/nuttx-export/libs/libnuttx.a(arch-stm32_dma.o)
                0x08007838                stm32_dmastart
 .text.stm32_dmastop
                0x08007860        0x4 /home/apmsel4/ardupilot/modules/PX4Firmware/Build/px4io-v2_default.build/nuttx-export/libs/libnuttx.a(arch-stm32_dma.o)
                0x08007860                stm32_dmastop
 .text.stm32_dmaresidual
                0x08007864        0x6 /home/apmsel4/ardupilot/modules/PX4Firmware/Build/px4io-v2_default.build/nuttx-export/libs/libnuttx.a(arch-stm32_dma.o)
                0x08007864                stm32_dmaresidual
 *fill*         0x0800786a        0x2 
 .text.stm32_gpioinit
                0x0800786c       0x10 /home/apmsel4/ardupilot/modules/PX4Firmware/Build/px4io-v2_default.build/nuttx-export/libs/libnuttx.a(arch-stm32_gpio.o)
                0x0800786c                stm32_gpioinit
 .text.stm32_configgpio
                0x0800787c       0xc4 /home/apmsel4/ardupilot/modules/PX4Firmware/Build/px4io-v2_default.build/nuttx-export/libs/libnuttx.a(arch-stm32_gpio.o)
                0x0800787c                stm32_configgpio
 .text.stm32_gpiowrite
                0x08007940       0x28 /home/apmsel4/ardupilot/modules/PX4Firmware/Build/px4io-v2_default.build/nuttx-export/libs/libnuttx.a(arch-stm32_gpio.o)
                0x08007940                stm32_gpiowrite
 .text.stm32_gpioread
                0x08007968       0x2c /home/apmsel4/ardupilot/modules/PX4Firmware/Build/px4io-v2_default.build/nuttx-export/libs/libnuttx.a(arch-stm32_gpio.o)
                0x08007968                stm32_gpioread
 .text.stm32_irqinfo
                0x08007994       0x68 /home/apmsel4/ardupilot/modules/PX4Firmware/Build/px4io-v2_default.build/nuttx-export/libs/libnuttx.a(arch-stm32_irq.o)
 .text.up_irqinitialize
                0x080079fc       0x68 /home/apmsel4/ardupilot/modules/PX4Firmware/Build/px4io-v2_default.build/nuttx-export/libs/libnuttx.a(arch-stm32_irq.o)
                0x080079fc                up_irqinitialize
 .text.up_disable_irq
                0x08007a64       0x1e /home/apmsel4/ardupilot/modules/PX4Firmware/Build/px4io-v2_default.build/nuttx-export/libs/libnuttx.a(arch-stm32_irq.o)
                0x08007a64                up_disable_irq
 .text.up_enable_irq
                0x08007a82       0x1c /home/apmsel4/ardupilot/modules/PX4Firmware/Build/px4io-v2_default.build/nuttx-export/libs/libnuttx.a(arch-stm32_irq.o)
                0x08007a82                up_enable_irq
 .text.up_maskack_irq
                0x08007a9e        0x4 /home/apmsel4/ardupilot/modules/PX4Firmware/Build/px4io-v2_default.build/nuttx-export/libs/libnuttx.a(arch-stm32_irq.o)
                0x08007a9e                up_maskack_irq
 .text.up_restoreusartint
                0x08007aa2       0x26 /home/apmsel4/ardupilot/modules/PX4Firmware/Build/px4io-v2_default.build/nuttx-export/libs/libnuttx.a(arch-stm32_serial.o)
 .text.up_set_format
                0x08007ac8       0x72 /home/apmsel4/ardupilot/modules/PX4Firmware/Build/px4io-v2_default.build/nuttx-export/libs/libnuttx.a(arch-stm32_serial.o)
 .text.up_receive
                0x08007b3a       0x16 /home/apmsel4/ardupilot/modules/PX4Firmware/Build/px4io-v2_default.build/nuttx-export/libs/libnuttx.a(arch-stm32_serial.o)
 .text.up_rxint
                0x08007b50       0x2c /home/apmsel4/ardupilot/modules/PX4Firmware/Build/px4io-v2_default.build/nuttx-export/libs/libnuttx.a(arch-stm32_serial.o)
 .text.up_rxavailable
                0x08007b7c        0xc /home/apmsel4/ardupilot/modules/PX4Firmware/Build/px4io-v2_default.build/nuttx-export/libs/libnuttx.a(arch-stm32_serial.o)
 .text.up_dma_rxint
                0x08007b88        0x8 /home/apmsel4/ardupilot/modules/PX4Firmware/Build/px4io-v2_default.build/nuttx-export/libs/libnuttx.a(arch-stm32_serial.o)
 .text.up_send  0x08007b90        0x8 /home/apmsel4/ardupilot/modules/PX4Firmware/Build/px4io-v2_default.build/nuttx-export/libs/libnuttx.a(arch-stm32_serial.o)
 .text.up_txready
                0x08007b98        0xc /home/apmsel4/ardupilot/modules/PX4Firmware/Build/px4io-v2_default.build/nuttx-export/libs/libnuttx.a(arch-stm32_serial.o)
 .text.up_txint
                0x08007ba4       0x38 /home/apmsel4/ardupilot/modules/PX4Firmware/Build/px4io-v2_default.build/nuttx-export/libs/libnuttx.a(arch-stm32_serial.o)
 .text.up_interrupt_common
                0x08007bdc       0x4e /home/apmsel4/ardupilot/modules/PX4Firmware/Build/px4io-v2_default.build/nuttx-export/libs/libnuttx.a(arch-stm32_serial.o)
 *fill*         0x08007c2a        0x2 
 .text.up_interrupt_usart3
                0x08007c2c        0xc /home/apmsel4/ardupilot/modules/PX4Firmware/Build/px4io-v2_default.build/nuttx-export/libs/libnuttx.a(arch-stm32_serial.o)
 .text.up_interrupt_usart2
                0x08007c38        0xc /home/apmsel4/ardupilot/modules/PX4Firmware/Build/px4io-v2_default.build/nuttx-export/libs/libnuttx.a(arch-stm32_serial.o)
 .text.up_interrupt_usart1
                0x08007c44        0xc /home/apmsel4/ardupilot/modules/PX4Firmware/Build/px4io-v2_default.build/nuttx-export/libs/libnuttx.a(arch-stm32_serial.o)
 .text.up_dma_receive
                0x08007c50       0x28 /home/apmsel4/ardupilot/modules/PX4Firmware/Build/px4io-v2_default.build/nuttx-export/libs/libnuttx.a(arch-stm32_serial.o)
 .text.up_ioctl
                0x08007c78       0xa0 /home/apmsel4/ardupilot/modules/PX4Firmware/Build/px4io-v2_default.build/nuttx-export/libs/libnuttx.a(arch-stm32_serial.o)
 .text.up_detach
                0x08007d18       0x1a /home/apmsel4/ardupilot/modules/PX4Firmware/Build/px4io-v2_default.build/nuttx-export/libs/libnuttx.a(arch-stm32_serial.o)
 .text.up_attach
                0x08007d32       0x1e /home/apmsel4/ardupilot/modules/PX4Firmware/Build/px4io-v2_default.build/nuttx-export/libs/libnuttx.a(arch-stm32_serial.o)
 .text.up_setup
                0x08007d50       0x58 /home/apmsel4/ardupilot/modules/PX4Firmware/Build/px4io-v2_default.build/nuttx-export/libs/libnuttx.a(arch-stm32_serial.o)
 .text.up_dma_setup
                0x08007da8       0x50 /home/apmsel4/ardupilot/modules/PX4Firmware/Build/px4io-v2_default.build/nuttx-export/libs/libnuttx.a(arch-stm32_serial.o)
 .text.up_shutdown
                0x08007df8       0x1c /home/apmsel4/ardupilot/modules/PX4Firmware/Build/px4io-v2_default.build/nuttx-export/libs/libnuttx.a(arch-stm32_serial.o)
 .text.up_dma_shutdown
                0x08007e14       0x1a /home/apmsel4/ardupilot/modules/PX4Firmware/Build/px4io-v2_default.build/nuttx-export/libs/libnuttx.a(arch-stm32_serial.o)
 .text.up_dma_rxavailable
                0x08007e2e       0x18 /home/apmsel4/ardupilot/modules/PX4Firmware/Build/px4io-v2_default.build/nuttx-export/libs/libnuttx.a(arch-stm32_serial.o)
 .text.up_dma_rxcallback
                0x08007e46       0x1e /home/apmsel4/ardupilot/modules/PX4Firmware/Build/px4io-v2_default.build/nuttx-export/libs/libnuttx.a(arch-stm32_serial.o)
 .text.up_earlyserialinit
                0x08007e64       0x34 /home/apmsel4/ardupilot/modules/PX4Firmware/Build/px4io-v2_default.build/nuttx-export/libs/libnuttx.a(arch-stm32_serial.o)
                0x08007e64                up_earlyserialinit
 .text.up_serialinit
                0x08007e98       0x60 /home/apmsel4/ardupilot/modules/PX4Firmware/Build/px4io-v2_default.build/nuttx-export/libs/libnuttx.a(arch-stm32_serial.o)
                0x08007e98                up_serialinit
 .text.stm32_serial_dma_poll
                0x08007ef8       0x34 /home/apmsel4/ardupilot/modules/PX4Firmware/Build/px4io-v2_default.build/nuttx-export/libs/libnuttx.a(arch-stm32_serial.o)
                0x08007ef8                stm32_serial_dma_poll
 .text.up_putc  0x08007f2c       0x3c /home/apmsel4/ardupilot/modules/PX4Firmware/Build/px4io-v2_default.build/nuttx-export/libs/libnuttx.a(arch-stm32_serial.o)
                0x08007f2c                up_putc
 .text.__start  0x08007f68       0x54 /home/apmsel4/ardupilot/modules/PX4Firmware/Build/px4io-v2_default.build/nuttx-export/libs/libnuttx.a(arch-stm32_start.o)
                0x08007f68                __start
 .text.up_assert
                0x08007fbc      0x144 /home/apmsel4/ardupilot/modules/PX4Firmware/Build/px4io-v2_default.build/nuttx-export/libs/libnuttx.a(arch-up_assert.o)
                0x08007fbc                up_assert
 .text.up_create_stack
                0x08008100       0x42 /home/apmsel4/ardupilot/modules/PX4Firmware/Build/px4io-v2_default.build/nuttx-export/libs/libnuttx.a(arch-up_createstack.o)
                0x08008100                up_create_stack
 *fill*         0x08008142        0x2 
 .text.up_hardfault
                0x08008144       0x40 /home/apmsel4/ardupilot/modules/PX4Firmware/Build/px4io-v2_default.build/nuttx-export/libs/libnuttx.a(arch-up_hardfault.o)
                0x08008144                up_hardfault
 .text.up_initial_state
                0x08008184       0x34 /home/apmsel4/ardupilot/modules/PX4Firmware/Build/px4io-v2_default.build/nuttx-export/libs/libnuttx.a(arch-up_initialstate.o)
                0x08008184                up_initial_state
 .text.up_interrupt_context
                0x080081b8       0x10 /home/apmsel4/ardupilot/modules/PX4Firmware/Build/px4io-v2_default.build/nuttx-export/libs/libnuttx.a(arch-up_interruptcontext.o)
                0x080081b8                up_interrupt_context
 .text.modifyreg32
                0x080081c8       0x1c /home/apmsel4/ardupilot/modules/PX4Firmware/Build/px4io-v2_default.build/nuttx-export/libs/libnuttx.a(arch-up_modifyreg32.o)
                0x080081c8                modifyreg32
 .text.up_release_pending
                0x080081e4       0x38 /home/apmsel4/ardupilot/modules/PX4Firmware/Build/px4io-v2_default.build/nuttx-export/libs/libnuttx.a(arch-up_releasepending.o)
                0x080081e4                up_release_pending
 .text.up_release_stack
                0x0800821c       0x16 /home/apmsel4/ardupilot/modules/PX4Firmware/Build/px4io-v2_default.build/nuttx-export/libs/libnuttx.a(arch-up_releasestack.o)
                0x0800821c                up_release_stack
 *fill*         0x08008232        0x2 
 .text.up_svcall
                0x08008234       0x34 /home/apmsel4/ardupilot/modules/PX4Firmware/Build/px4io-v2_default.build/nuttx-export/libs/libnuttx.a(arch-up_svcall.o)
                0x08008234                up_svcall
 .text          0x08008268        0xc /home/apmsel4/ardupilot/modules/PX4Firmware/Build/px4io-v2_default.build/nuttx-export/libs/libnuttx.a(arch-up_switchcontext.o)
                0x08008268                up_switchcontext
 .text.up_systemreset
                0x08008274       0x1c /home/apmsel4/ardupilot/modules/PX4Firmware/Build/px4io-v2_default.build/nuttx-export/libs/libnuttx.a(arch-up_systemreset.o)
                0x08008274                up_systemreset
 .text.up_udelay
                0x08008290       0x64 /home/apmsel4/ardupilot/modules/PX4Firmware/Build/px4io-v2_default.build/nuttx-export/libs/libnuttx.a(arch-up_udelay.o)
                0x08008290                up_udelay
 .text.__cxa_atexit
                0x080082f4        0x4 /home/apmsel4/ardupilot/modules/PX4Firmware/Build/px4io-v2_default.build/nuttx-export/libs/libnuttx.a(cxx-libxx_cxa_atexit.o)
                0x080082f4                __cxa_atexit
 .text.__cxa_pure_virtual
                0x080082f8       0x10 /home/apmsel4/ardupilot/modules/PX4Firmware/Build/px4io-v2_default.build/nuttx-export/libs/libnuttx.a(cxx-libxx_cxapurevirtual.o)
                0x080082f8                __cxa_pure_virtual
 .text._ZdlPv   0x08008308        0x4 /home/apmsel4/ardupilot/modules/PX4Firmware/Build/px4io-v2_default.build/nuttx-export/libs/libnuttx.a(cxx-libxx_delete.o)
                0x08008308                operator delete(void*)
 .text.__aeabi_atexit
                0x0800830c        0xa /home/apmsel4/ardupilot/modules/PX4Firmware/Build/px4io-v2_default.build/nuttx-export/libs/libnuttx.a(cxx-libxx_eabi_atexit.o)
                0x0800830c                __aeabi_atexit
 .text._Znwj    0x08008316        0xa /home/apmsel4/ardupilot/modules/PX4Firmware/Build/px4io-v2_default.build/nuttx-export/libs/libnuttx.a(cxx-libxx_new.o)
                0x08008316                operator new(unsigned int)
 .text.ioctl    0x08008320       0x48 /home/apmsel4/ardupilot/modules/PX4Firmware/Build/px4io-v2_default.build/nuttx-export/libs/libnuttx.a(fs-fs_ioctl.o)
                0x08008320                ioctl
 .text.inode_checkflags
                0x08008368       0x28 /home/apmsel4/ardupilot/modules/PX4Firmware/Build/px4io-v2_default.build/nuttx-export/libs/libnuttx.a(fs-fs_open.o)
                0x08008368                inode_checkflags
 .text.open     0x08008390       0x90 /home/apmsel4/ardupilot/modules/PX4Firmware/Build/px4io-v2_default.build/nuttx-export/libs/libnuttx.a(fs-fs_open.o)
                0x08008390                open
 .text.read     0x08008420       0x62 /home/apmsel4/ardupilot/modules/PX4Firmware/Build/px4io-v2_default.build/nuttx-export/libs/libnuttx.a(fs-fs_read.o)
                0x08008420                read
 .text.write    0x08008482       0x54 /home/apmsel4/ardupilot/modules/PX4Firmware/Build/px4io-v2_default.build/nuttx-export/libs/libnuttx.a(fs-fs_write.o)
                0x08008482                write
 .text.uart_ioctl
                0x080084d6       0xca /home/apmsel4/ardupilot/modules/PX4Firmware/Build/px4io-v2_default.build/nuttx-export/libs/libnuttx.a(drivers-serial.o)
 .text.uart_takesem
                0x080085a0       0x30 /home/apmsel4/ardupilot/modules/PX4Firmware/Build/px4io-v2_default.build/nuttx-export/libs/libnuttx.a(drivers-serial.o)
 .text.uart_putxmitchar
                0x080085d0       0x7e /home/apmsel4/ardupilot/modules/PX4Firmware/Build/px4io-v2_default.build/nuttx-export/libs/libnuttx.a(drivers-serial.o)
 .text.uart_write
                0x0800864e       0xe8 /home/apmsel4/ardupilot/modules/PX4Firmware/Build/px4io-v2_default.build/nuttx-export/libs/libnuttx.a(drivers-serial.o)
 .text.uart_read
                0x08008736       0xf4 /home/apmsel4/ardupilot/modules/PX4Firmware/Build/px4io-v2_default.build/nuttx-export/libs/libnuttx.a(drivers-serial.o)
 .text.uart_open
                0x0800882a       0xa2 /home/apmsel4/ardupilot/modules/PX4Firmware/Build/px4io-v2_default.build/nuttx-export/libs/libnuttx.a(drivers-serial.o)
 .text.uart_close
                0x080088cc       0x7e /home/apmsel4/ardupilot/modules/PX4Firmware/Build/px4io-v2_default.build/nuttx-export/libs/libnuttx.a(drivers-serial.o)
 *fill*         0x0800894a        0x2 
 .text.uart_register
                0x0800894c       0x54 /home/apmsel4/ardupilot/modules/PX4Firmware/Build/px4io-v2_default.build/nuttx-export/libs/libnuttx.a(drivers-serial.o)
                0x0800894c                uart_register
 .text.uart_datareceived
                0x080089a0       0x10 /home/apmsel4/ardupilot/modules/PX4Firmware/Build/px4io-v2_default.build/nuttx-export/libs/libnuttx.a(drivers-serial.o)
                0x080089a0                uart_datareceived
 .text.uart_datasent
                0x080089b0       0x10 /home/apmsel4/ardupilot/modules/PX4Firmware/Build/px4io-v2_default.build/nuttx-export/libs/libnuttx.a(drivers-serial.o)
                0x080089b0                uart_datasent
 .text.uart_xmitchars
                0x080089c0       0x70 /home/apmsel4/ardupilot/modules/PX4Firmware/Build/px4io-v2_default.build/nuttx-export/libs/libnuttx.a(drivers-serialirq.o)
                0x080089c0                uart_xmitchars
 .text.uart_recvchars
                0x08008a30       0x5c /home/apmsel4/ardupilot/modules/PX4Firmware/Build/px4io-v2_default.build/nuttx-export/libs/libnuttx.a(drivers-serialirq.o)
                0x08008a30                uart_recvchars
 .text.get_errno_ptr
                0x08008a8c       0x24 /home/apmsel4/ardupilot/modules/PX4Firmware/Build/px4io-v2_default.build/nuttx-export/libs/libnuttx.a(sched-errno_getptr.o)
                0x08008a8c                get_errno_ptr
 .text.exit     0x08008ab0       0x1c /home/apmsel4/ardupilot/modules/PX4Firmware/Build/px4io-v2_default.build/nuttx-export/libs/libnuttx.a(sched-exit.o)
                0x08008ab0                exit
 .text.getpid   0x08008acc       0x10 /home/apmsel4/ardupilot/modules/PX4Firmware/Build/px4io-v2_default.build/nuttx-export/libs/libnuttx.a(sched-getpid.o)
                0x08008acc                getpid
 .text.group_allocate
                0x08008adc       0x18 /home/apmsel4/ardupilot/modules/PX4Firmware/Build/px4io-v2_default.build/nuttx-export/libs/libnuttx.a(sched-group_create.o)
                0x08008adc                group_allocate
 .text.group_initialize
                0x08008af4        0xa /home/apmsel4/ardupilot/modules/PX4Firmware/Build/px4io-v2_default.build/nuttx-export/libs/libnuttx.a(sched-group_create.o)
                0x08008af4                group_initialize
 .text.group_setuptaskfiles
                0x08008afe        0xe /home/apmsel4/ardupilot/modules/PX4Firmware/Build/px4io-v2_default.build/nuttx-export/libs/libnuttx.a(sched-group_setuptaskfiles.o)
                0x08008afe                group_setuptaskfiles
 .text.os_start
                0x08008b0c      0x12c /home/apmsel4/ardupilot/modules/PX4Firmware/Build/px4io-v2_default.build/nuttx-export/libs/libnuttx.a(sched-os_start.o)
                0x08008b0c                os_start
 .text.sched_ufree
                0x08008c38       0x3c /home/apmsel4/ardupilot/modules/PX4Firmware/Build/px4io-v2_default.build/nuttx-export/libs/libnuttx.a(sched-sched_free.o)
                0x08008c38                sched_ufree
 .text.sched_garbagecollection
                0x08008c74       0x2c /home/apmsel4/ardupilot/modules/PX4Firmware/Build/px4io-v2_default.build/nuttx-export/libs/libnuttx.a(sched-sched_garbage.o)
                0x08008c74                sched_garbagecollection
 .text.sched_getfiles
                0x08008ca0       0x10 /home/apmsel4/ardupilot/modules/PX4Firmware/Build/px4io-v2_default.build/nuttx-export/libs/libnuttx.a(sched-sched_getfiles.o)
                0x08008ca0                sched_getfiles
 .text.sched_gettcb
                0x08008cb0       0x24 /home/apmsel4/ardupilot/modules/PX4Firmware/Build/px4io-v2_default.build/nuttx-export/libs/libnuttx.a(sched-sched_gettcb.o)
                0x08008cb0                sched_gettcb
 .text.sched_mergepending
                0x08008cd4       0x64 /home/apmsel4/ardupilot/modules/PX4Firmware/Build/px4io-v2_default.build/nuttx-export/libs/libnuttx.a(sched-sched_mergepending.o)
                0x08008cd4                sched_mergepending
 .text.sched_releasetcb
                0x08008d38       0x54 /home/apmsel4/ardupilot/modules/PX4Firmware/Build/px4io-v2_default.build/nuttx-export/libs/libnuttx.a(sched-sched_releasetcb.o)
                0x08008d38                sched_releasetcb
 .text.sem_post
                0x08008d8c       0x58 /home/apmsel4/ardupilot/modules/PX4Firmware/Build/px4io-v2_default.build/nuttx-export/libs/libnuttx.a(sched-sem_post.o)
                0x08008d8c                sem_post
 .text.sem_trywait
                0x08008de4       0x4c /home/apmsel4/ardupilot/modules/PX4Firmware/Build/px4io-v2_default.build/nuttx-export/libs/libnuttx.a(sched-sem_trywait.o)
                0x08008de4                sem_trywait
 .text.sem_wait
                0x08008e30       0x84 /home/apmsel4/ardupilot/modules/PX4Firmware/Build/px4io-v2_default.build/nuttx-export/libs/libnuttx.a(sched-sem_wait.o)
                0x08008e30                sem_wait
 .text.task_activate
                0x08008eb4       0x18 /home/apmsel4/ardupilot/modules/PX4Firmware/Build/px4io-v2_default.build/nuttx-export/libs/libnuttx.a(sched-task_activate.o)
                0x08008eb4                task_activate
 .text.task_exithook
                0x08008ecc       0x1e /home/apmsel4/ardupilot/modules/PX4Firmware/Build/px4io-v2_default.build/nuttx-export/libs/libnuttx.a(sched-task_exithook.o)
                0x08008ecc                task_exithook
 .text.task_recover
                0x08008eea       0x26 /home/apmsel4/ardupilot/modules/PX4Firmware/Build/px4io-v2_default.build/nuttx-export/libs/libnuttx.a(sched-task_recover.o)
                0x08008eea                task_recover
 .text.wd_cancel
                0x08008f10       0x64 /home/apmsel4/ardupilot/modules/PX4Firmware/Build/px4io-v2_default.build/nuttx-export/libs/libnuttx.a(sched-wd_cancel.o)
                0x08008f10                wd_cancel
 .text.wd_delete
                0x08008f74       0x3c /home/apmsel4/ardupilot/modules/PX4Firmware/Build/px4io-v2_default.build/nuttx-export/libs/libnuttx.a(sched-wd_delete.o)
                0x08008f74                wd_delete
 .text.wd_initialize
                0x08008fb0       0x44 /home/apmsel4/ardupilot/modules/PX4Firmware/Build/px4io-v2_default.build/nuttx-export/libs/libnuttx.a(sched-wd_initialize.o)
                0x08008fb0                wd_initialize
 .text.cfgetspeed
                0x08008ff4        0x4 /home/apmsel4/ardupilot/modules/PX4Firmware/Build/px4io-v2_default.build/nuttx-export/libs/libnuttx.a(c-lib_cfgetspeed.o)
                0x08008ff4                cfgetspeed
 .text.lib_checkbase
                0x08008ff8       0x52 /home/apmsel4/ardupilot/modules/PX4Firmware/Build/px4io-v2_default.build/nuttx-export/libs/libnuttx.a(c-lib_checkbase.o)
                0x08008ff8                lib_checkbase
 .text.lib_isbasedigit
                0x0800904a       0x4e /home/apmsel4/ardupilot/modules/PX4Firmware/Build/px4io-v2_default.build/nuttx-export/libs/libnuttx.a(c-lib_isbasedigit.o)
                0x0800904a                lib_isbasedigit
 .text.utodec   0x08009098       0x24 /home/apmsel4/ardupilot/modules/PX4Firmware/Build/px4io-v2_default.build/nuttx-export/libs/libnuttx.a(c-lib_libvsprintf.o)
 .text.utooct   0x080090bc       0x1e /home/apmsel4/ardupilot/modules/PX4Firmware/Build/px4io-v2_default.build/nuttx-export/libs/libnuttx.a(c-lib_libvsprintf.o)
 .text.utobin   0x080090da       0x1e /home/apmsel4/ardupilot/modules/PX4Firmware/Build/px4io-v2_default.build/nuttx-export/libs/libnuttx.a(c-lib_libvsprintf.o)
 .text.llutodec
                0x080090f8       0x42 /home/apmsel4/ardupilot/modules/PX4Firmware/Build/px4io-v2_default.build/nuttx-export/libs/libnuttx.a(c-lib_libvsprintf.o)
 .text.llutooct
                0x0800913a       0x2e /home/apmsel4/ardupilot/modules/PX4Firmware/Build/px4io-v2_default.build/nuttx-export/libs/libnuttx.a(c-lib_libvsprintf.o)
 .text.llutobin
                0x08009168       0x26 /home/apmsel4/ardupilot/modules/PX4Firmware/Build/px4io-v2_default.build/nuttx-export/libs/libnuttx.a(c-lib_libvsprintf.o)
 .text.prejustify
                0x0800918e       0x8a /home/apmsel4/ardupilot/modules/PX4Firmware/Build/px4io-v2_default.build/nuttx-export/libs/libnuttx.a(c-lib_libvsprintf.o)
 .text.utohex   0x08009218       0x4c /home/apmsel4/ardupilot/modules/PX4Firmware/Build/px4io-v2_default.build/nuttx-export/libs/libnuttx.a(c-lib_libvsprintf.o)
 .text.utoascii
                0x08009264       0x88 /home/apmsel4/ardupilot/modules/PX4Firmware/Build/px4io-v2_default.build/nuttx-export/libs/libnuttx.a(c-lib_libvsprintf.o)
 .text.llutohex
                0x080092ec       0x5c /home/apmsel4/ardupilot/modules/PX4Firmware/Build/px4io-v2_default.build/nuttx-export/libs/libnuttx.a(c-lib_libvsprintf.o)
 .text.llutoascii
                0x08009348       0x92 /home/apmsel4/ardupilot/modules/PX4Firmware/Build/px4io-v2_default.build/nuttx-export/libs/libnuttx.a(c-lib_libvsprintf.o)
 .text.postjustify
                0x080093da       0x26 /home/apmsel4/ardupilot/modules/PX4Firmware/Build/px4io-v2_default.build/nuttx-export/libs/libnuttx.a(c-lib_libvsprintf.o)
 .text.lib_vsprintf
                0x08009400      0x2ac /home/apmsel4/ardupilot/modules/PX4Firmware/Build/px4io-v2_default.build/nuttx-export/libs/libnuttx.a(c-lib_libvsprintf.o)
                0x08009400                lib_vsprintf
 .text.lowoutstream_putc
                0x080096ac       0x16 /home/apmsel4/ardupilot/modules/PX4Firmware/Build/px4io-v2_default.build/nuttx-export/libs/libnuttx.a(c-lib_lowoutstream.o)
 *fill*         0x080096c2        0x2 
 .text.lib_lowoutstream
                0x080096c4       0x10 /home/apmsel4/ardupilot/modules/PX4Firmware/Build/px4io-v2_default.build/nuttx-export/libs/libnuttx.a(c-lib_lowoutstream.o)
                0x080096c4                lib_lowoutstream
 .text.memoutstream_putc
                0x080096d4       0x1a /home/apmsel4/ardupilot/modules/PX4Firmware/Build/px4io-v2_default.build/nuttx-export/libs/libnuttx.a(c-lib_memoutstream.o)
 *fill*         0x080096ee        0x2 
 .text.lib_memoutstream
                0x080096f0       0x18 /home/apmsel4/ardupilot/modules/PX4Firmware/Build/px4io-v2_default.build/nuttx-export/libs/libnuttx.a(c-lib_memoutstream.o)
                0x080096f0                lib_memoutstream
 .text.nulloutstream_putc
                0x08009708        0x8 /home/apmsel4/ardupilot/modules/PX4Firmware/Build/px4io-v2_default.build/nuttx-export/libs/libnuttx.a(c-lib_nulloutstream.o)
 .text.lib_nulloutstream
                0x08009710       0x10 /home/apmsel4/ardupilot/modules/PX4Firmware/Build/px4io-v2_default.build/nuttx-export/libs/libnuttx.a(c-lib_nulloutstream.o)
                0x08009710                lib_nulloutstream
 .text.rawoutstream_putc
                0x08009720       0x2e /home/apmsel4/ardupilot/modules/PX4Firmware/Build/px4io-v2_default.build/nuttx-export/libs/libnuttx.a(c-lib_rawoutstream.o)
 *fill*         0x0800974e        0x2 
 .text.lib_rawoutstream
                0x08009750       0x10 /home/apmsel4/ardupilot/modules/PX4Firmware/Build/px4io-v2_default.build/nuttx-export/libs/libnuttx.a(c-lib_rawoutstream.o)
                0x08009750                lib_rawoutstream
 .text.lib_skipspace
                0x08009760       0x16 /home/apmsel4/ardupilot/modules/PX4Firmware/Build/px4io-v2_default.build/nuttx-export/libs/libnuttx.a(c-lib_skipspace.o)
                0x08009760                lib_skipspace
 .text.strcpy   0x08009776       0x10 /home/apmsel4/ardupilot/modules/PX4Firmware/Build/px4io-v2_default.build/nuttx-export/libs/libnuttx.a(c-lib_strcpy.o)
                0x08009776                strcpy
 .text.sem_init
                0x08009786       0x1e /home/apmsel4/ardupilot/modules/PX4Firmware/Build/px4io-v2_default.build/nuttx-export/libs/libnuttx.a(c-sem_init.o)
                0x08009786                sem_init
 .text.sq_remfirst
                0x080097a4       0x14 /home/apmsel4/ardupilot/modules/PX4Firmware/Build/px4io-v2_default.build/nuttx-export/libs/libnuttx.a(c-sq_remfirst.o)
                0x080097a4                sq_remfirst
 .text.mm_addfreechunk
                0x080097b8       0x36 /home/apmsel4/ardupilot/modules/PX4Firmware/Build/px4io-v2_default.build/nuttx-export/libs/libnuttx.a(mm-mm_addfreechunk.o)
                0x080097b8                mm_addfreechunk
 .text.mm_addregion
                0x080097ee       0x50 /home/apmsel4/ardupilot/modules/PX4Firmware/Build/px4io-v2_default.build/nuttx-export/libs/libnuttx.a(mm-mm_initialize.o)
                0x080097ee                mm_addregion
 .text.mm_initialize
                0x0800983e       0x40 /home/apmsel4/ardupilot/modules/PX4Firmware/Build/px4io-v2_default.build/nuttx-export/libs/libnuttx.a(mm-mm_initialize.o)
                0x0800983e                mm_initialize
 *fill*         0x0800987e        0x2 
 .text.up_allocate_heap
                0x08009880       0x14 /home/apmsel4/ardupilot/modules/PX4Firmware/Build/px4io-v2_default.build/nuttx-export/libs/libnuttx.a(arch-stm32_allocateheap.o)
                0x08009880                up_allocate_heap
 .text.up_idle  0x08009894        0x4 /home/apmsel4/ardupilot/modules/PX4Firmware/Build/px4io-v2_default.build/nuttx-export/libs/libnuttx.a(arch-stm32_idle.o)
                0x08009894                up_idle
 .text.up_lowputc
                0x08009898       0x18 /home/apmsel4/ardupilot/modules/PX4Firmware/Build/px4io-v2_default.build/nuttx-export/libs/libnuttx.a(arch-stm32_lowputc.o)
                0x08009898                up_lowputc
 .text.stm32_lowsetup
                0x080098b0       0x6c /home/apmsel4/ardupilot/modules/PX4Firmware/Build/px4io-v2_default.build/nuttx-export/libs/libnuttx.a(arch-stm32_lowputc.o)
                0x080098b0                stm32_lowsetup
 .text.stm32_clockconfig
                0x0800991c       0xe8 /home/apmsel4/ardupilot/modules/PX4Firmware/Build/px4io-v2_default.build/nuttx-export/libs/libnuttx.a(arch-stm32_rcc.o)
                0x0800991c                stm32_clockconfig
 .text.up_block_task
                0x08009a04       0x74 /home/apmsel4/ardupilot/modules/PX4Firmware/Build/px4io-v2_default.build/nuttx-export/libs/libnuttx.a(arch-up_blocktask.o)
                0x08009a04                up_block_task
 .text.up_copystate
                0x08009a78       0x16 /home/apmsel4/ardupilot/modules/PX4Firmware/Build/px4io-v2_default.build/nuttx-export/libs/libnuttx.a(arch-up_copystate.o)
                0x08009a78                up_copystate
 .text          0x08009a8e       0x5e /home/apmsel4/ardupilot/modules/PX4Firmware/Build/px4io-v2_default.build/nuttx-export/libs/libnuttx.a(arch-up_exception.o)
                0x08009a8e                exception_common
 .text._exit    0x08009aec       0x1c /home/apmsel4/ardupilot/modules/PX4Firmware/Build/px4io-v2_default.build/nuttx-export/libs/libnuttx.a(arch-up_exit.o)
                0x08009aec                _exit
 .text          0x08009b08        0xa /home/apmsel4/ardupilot/modules/PX4Firmware/Build/px4io-v2_default.build/nuttx-export/libs/libnuttx.a(arch-up_fullcontextrestore.o)
                0x08009b08                up_fullcontextrestore
 *fill*         0x08009b12        0x2 
 .text.up_initialize
                0x08009b14       0x28 /home/apmsel4/ardupilot/modules/PX4Firmware/Build/px4io-v2_default.build/nuttx-export/libs/libnuttx.a(arch-up_initialize.o)
                0x08009b14                up_initialize
 .text.up_mdelay
                0x08009b3c       0x28 /home/apmsel4/ardupilot/modules/PX4Firmware/Build/px4io-v2_default.build/nuttx-export/libs/libnuttx.a(arch-up_mdelay.o)
                0x08009b3c                up_mdelay
 .text.up_unblock_task
                0x08009b64       0x54 /home/apmsel4/ardupilot/modules/PX4Firmware/Build/px4io-v2_default.build/nuttx-export/libs/libnuttx.a(arch-up_unblocktask.o)
                0x08009b64                up_unblock_task
 .text._files_close
                0x08009bb8       0x2a /home/apmsel4/ardupilot/modules/PX4Firmware/Build/px4io-v2_default.build/nuttx-export/libs/libnuttx.a(fs-fs_files.o)
 *fill*         0x08009be2        0x2 
 .text._files_semtake
                0x08009be4       0x24 /home/apmsel4/ardupilot/modules/PX4Firmware/Build/px4io-v2_default.build/nuttx-export/libs/libnuttx.a(fs-fs_files.o)
 .text.files_initialize
                0x08009c08        0x2 /home/apmsel4/ardupilot/modules/PX4Firmware/Build/px4io-v2_default.build/nuttx-export/libs/libnuttx.a(fs-fs_files.o)
                0x08009c08                files_initialize
 .text.files_initlist
                0x08009c0a        0x8 /home/apmsel4/ardupilot/modules/PX4Firmware/Build/px4io-v2_default.build/nuttx-export/libs/libnuttx.a(fs-fs_files.o)
                0x08009c0a                files_initlist
 .text.files_releaselist
                0x08009c12       0x20 /home/apmsel4/ardupilot/modules/PX4Firmware/Build/px4io-v2_default.build/nuttx-export/libs/libnuttx.a(fs-fs_files.o)
                0x08009c12                files_releaselist
 .text.files_dup
                0x08009c32       0x80 /home/apmsel4/ardupilot/modules/PX4Firmware/Build/px4io-v2_default.build/nuttx-export/libs/libnuttx.a(fs-fs_files.o)
                0x08009c32                files_dup
 .text.files_allocate
                0x08009cb2       0x56 /home/apmsel4/ardupilot/modules/PX4Firmware/Build/px4io-v2_default.build/nuttx-export/libs/libnuttx.a(fs-fs_files.o)
                0x08009cb2                files_allocate
 .text.files_close
                0x08009d08       0x3a /home/apmsel4/ardupilot/modules/PX4Firmware/Build/px4io-v2_default.build/nuttx-export/libs/libnuttx.a(fs-fs_files.o)
                0x08009d08                files_close
 .text.files_release
                0x08009d42       0x2e /home/apmsel4/ardupilot/modules/PX4Firmware/Build/px4io-v2_default.build/nuttx-export/libs/libnuttx.a(fs-fs_files.o)
                0x08009d42                files_release
 .text.inode_addref
                0x08009d70       0x1a /home/apmsel4/ardupilot/modules/PX4Firmware/Build/px4io-v2_default.build/nuttx-export/libs/libnuttx.a(fs-fs_inodeaddref.o)
                0x08009d70                inode_addref
 .text.inode_find
                0x08009d8a       0x34 /home/apmsel4/ardupilot/modules/PX4Firmware/Build/px4io-v2_default.build/nuttx-export/libs/libnuttx.a(fs-fs_inodefind.o)
                0x08009d8a                inode_find
 .text.inode_release
                0x08009dbe       0x3e /home/apmsel4/ardupilot/modules/PX4Firmware/Build/px4io-v2_default.build/nuttx-export/libs/libnuttx.a(fs-fs_inoderelease.o)
                0x08009dbe                inode_release
 .text.register_driver
                0x08009dfc       0x32 /home/apmsel4/ardupilot/modules/PX4Firmware/Build/px4io-v2_default.build/nuttx-export/libs/libnuttx.a(fs-fs_registerdriver.o)
                0x08009dfc                register_driver
 .text.group_leave
                0x08009e2e       0x26 /home/apmsel4/ardupilot/modules/PX4Firmware/Build/px4io-v2_default.build/nuttx-export/libs/libnuttx.a(sched-group_leave.o)
                0x08009e2e                group_leave
 .text.group_setupidlefiles
                0x08009e54       0x38 /home/apmsel4/ardupilot/modules/PX4Firmware/Build/px4io-v2_default.build/nuttx-export/libs/libnuttx.a(sched-group_setupidlefiles.o)
                0x08009e54                group_setupidlefiles
 .text.os_bringup
                0x08009e8c       0x34 /home/apmsel4/ardupilot/modules/PX4Firmware/Build/px4io-v2_default.build/nuttx-export/libs/libnuttx.a(sched-os_bringup.o)
                0x08009e8c                os_bringup
 .text.sched_addblocked
                0x08009ec0       0x38 /home/apmsel4/ardupilot/modules/PX4Firmware/Build/px4io-v2_default.build/nuttx-export/libs/libnuttx.a(sched-sched_addblocked.o)
                0x08009ec0                sched_addblocked
 .text.sched_addprioritized
                0x08009ef8       0x54 /home/apmsel4/ardupilot/modules/PX4Firmware/Build/px4io-v2_default.build/nuttx-export/libs/libnuttx.a(sched-sched_addprioritized.o)
                0x08009ef8                sched_addprioritized
 .text.sched_addreadytorun
                0x08009f4c       0x60 /home/apmsel4/ardupilot/modules/PX4Firmware/Build/px4io-v2_default.build/nuttx-export/libs/libnuttx.a(sched-sched_addreadytorun.o)
                0x08009f4c                sched_addreadytorun
 .text.sched_removeblocked
                0x08009fac       0x2c /home/apmsel4/ardupilot/modules/PX4Firmware/Build/px4io-v2_default.build/nuttx-export/libs/libnuttx.a(sched-sched_removeblocked.o)
                0x08009fac                sched_removeblocked
 .text.sched_removereadytorun
                0x08009fd8       0x38 /home/apmsel4/ardupilot/modules/PX4Firmware/Build/px4io-v2_default.build/nuttx-export/libs/libnuttx.a(sched-sched_removereadytorun.o)
                0x08009fd8                sched_removereadytorun
 .text.sem_destroy
                0x0800a010       0x26 /home/apmsel4/ardupilot/modules/PX4Firmware/Build/px4io-v2_default.build/nuttx-export/libs/libnuttx.a(sched-sem_destroy.o)
                0x0800a010                sem_destroy
 *fill*         0x0800a036        0x2 
 .text.task_exit
                0x0800a038       0x4c /home/apmsel4/ardupilot/modules/PX4Firmware/Build/px4io-v2_default.build/nuttx-export/libs/libnuttx.a(sched-task_exit.o)
                0x0800a038                task_exit
 .text.dq_addlast
                0x0800a084       0x18 /home/apmsel4/ardupilot/modules/PX4Firmware/Build/px4io-v2_default.build/nuttx-export/libs/libnuttx.a(c-dq_addlast.o)
                0x0800a084                dq_addlast
 .text.up_timerisr
                0x0800a09c        0xa /home/apmsel4/ardupilot/modules/PX4Firmware/Build/px4io-v2_default.build/nuttx-export/libs/libnuttx.a(arch-stm32_timerisr.o)
                0x0800a09c                up_timerisr
 *fill*         0x0800a0a6        0x2 
 .text.up_timerinit
                0x0800a0a8       0x40 /home/apmsel4/ardupilot/modules/PX4Firmware/Build/px4io-v2_default.build/nuttx-export/libs/libnuttx.a(arch-stm32_timerisr.o)
                0x0800a0a8                up_timerinit
 .text.up_doirq
                0x0800a0e8       0x2c /home/apmsel4/ardupilot/modules/PX4Firmware/Build/px4io-v2_default.build/nuttx-export/libs/libnuttx.a(arch-up_doirq.o)
                0x0800a0e8                up_doirq
 .text.close    0x0800a114       0x24 /home/apmsel4/ardupilot/modules/PX4Firmware/Build/px4io-v2_default.build/nuttx-export/libs/libnuttx.a(fs-fs_close.o)
                0x0800a114                close
 .text.dup2     0x0800a138       0x4a /home/apmsel4/ardupilot/modules/PX4Firmware/Build/px4io-v2_default.build/nuttx-export/libs/libnuttx.a(fs-fs_filedup2.o)
                0x0800a138                dup2
 *fill*         0x0800a182        0x2 
 .text.fs_initialize
                0x0800a184       0x20 /home/apmsel4/ardupilot/modules/PX4Firmware/Build/px4io-v2_default.build/nuttx-export/libs/libnuttx.a(fs-fs_inode.o)
                0x0800a184                fs_initialize
 .text.inode_semtake
                0x0800a1a4       0x28 /home/apmsel4/ardupilot/modules/PX4Firmware/Build/px4io-v2_default.build/nuttx-export/libs/libnuttx.a(fs-fs_inode.o)
                0x0800a1a4                inode_semtake
 .text.inode_semgive
                0x0800a1cc        0xc /home/apmsel4/ardupilot/modules/PX4Firmware/Build/px4io-v2_default.build/nuttx-export/libs/libnuttx.a(fs-fs_inode.o)
                0x0800a1cc                inode_semgive
 .text.inode_free
                0x0800a1d8       0x1e /home/apmsel4/ardupilot/modules/PX4Firmware/Build/px4io-v2_default.build/nuttx-export/libs/libnuttx.a(fs-fs_inode.o)
                0x0800a1d8                inode_free
 .text.inode_nextname
                0x0800a1f6       0x12 /home/apmsel4/ardupilot/modules/PX4Firmware/Build/px4io-v2_default.build/nuttx-export/libs/libnuttx.a(fs-fs_inode.o)
                0x0800a1f6                inode_nextname
 .text.inode_search
                0x0800a208       0xa4 /home/apmsel4/ardupilot/modules/PX4Firmware/Build/px4io-v2_default.build/nuttx-export/libs/libnuttx.a(fs-fs_inode.o)
                0x0800a208                inode_search
 .text.inode_alloc
                0x0800a2ac       0x3c /home/apmsel4/ardupilot/modules/PX4Firmware/Build/px4io-v2_default.build/nuttx-export/libs/libnuttx.a(fs-fs_inodereserve.o)
 .text.inode_reserve
                0x0800a2e8       0xa4 /home/apmsel4/ardupilot/modules/PX4Firmware/Build/px4io-v2_default.build/nuttx-export/libs/libnuttx.a(fs-fs_inodereserve.o)
                0x0800a2e8                inode_reserve
 .text.irq_dispatch
                0x0800a38c       0x20 /home/apmsel4/ardupilot/modules/PX4Firmware/Build/px4io-v2_default.build/nuttx-export/libs/libnuttx.a(sched-irq_dispatch.o)
                0x0800a38c                irq_dispatch
 .text.sched_process_timer
                0x0800a3ac       0x1c /home/apmsel4/ardupilot/modules/PX4Firmware/Build/px4io-v2_default.build/nuttx-export/libs/libnuttx.a(sched-sched_processtimer.o)
                0x0800a3ac                sched_process_timer
 .text          0x0800a3c8       0x18 /opt/gcc-arm-none-eabi-4_9-2015q3/bin/../lib/gcc/arm-none-eabi/4.9.3/armv7-m/libgcc.a(_lshrdi3.o)
                0x0800a3c8                __aeabi_llsr
                0x0800a3c8                __lshrdi3
 .text          0x0800a3e0      0x21c /opt/gcc-arm-none-eabi-4_9-2015q3/bin/../lib/gcc/arm-none-eabi/4.9.3/armv7-m/libgcc.a(_arm_addsubsf3.o)
                0x0800a3e0                __aeabi_frsub
                0x0800a3e8                __subsf3
                0x0800a3e8                __aeabi_fsub
                0x0800a3ec                __aeabi_fadd
                0x0800a3ec                __addsf3
                0x0800a54c                __aeabi_ui2f
                0x0800a54c                __floatunsisf
                0x0800a554                __aeabi_i2f
                0x0800a554                __floatsisf
                0x0800a570                __floatundisf
                0x0800a570                __aeabi_ul2f
                0x0800a580                __floatdisf
                0x0800a580                __aeabi_l2f
 .text          0x0800a5fc      0x2a0 /opt/gcc-arm-none-eabi-4_9-2015q3/bin/../lib/gcc/arm-none-eabi/4.9.3/armv7-m/libgcc.a(_arm_muldivsf3.o)
                0x0800a5fc                __mulsf3
                0x0800a5fc                __aeabi_fmul
                0x0800a764                __divsf3
                0x0800a764                __aeabi_fdiv
 .text          0x0800a89c       0xec /opt/gcc-arm-none-eabi-4_9-2015q3/bin/../lib/gcc/arm-none-eabi/4.9.3/armv7-m/libgcc.a(_arm_cmpsf2.o)
                0x0800a89c                __gtsf2
                0x0800a89c                __gesf2
                0x0800a8a4                __lesf2
                0x0800a8a4                __ltsf2
                0x0800a8ac                __nesf2
                0x0800a8ac                __eqsf2
                0x0800a8ac                __cmpsf2
                0x0800a90c                __aeabi_cfrcmple
                0x0800a914                __aeabi_cfcmple
                0x0800a914                __aeabi_cfcmpeq
                0x0800a924                __aeabi_fcmpeq
                0x0800a938                __aeabi_fcmplt
                0x0800a94c                __aeabi_fcmple
                0x0800a960                __aeabi_fcmpge
                0x0800a974                __aeabi_fcmpgt
 .text          0x0800a988       0x2c /opt/gcc-arm-none-eabi-4_9-2015q3/bin/../lib/gcc/arm-none-eabi/4.9.3/armv7-m/libgcc.a(_arm_unordsf2.o)
                0x0800a988                __aeabi_fcmpun
                0x0800a988                __unordsf2
 .text          0x0800a9b4       0x4c /opt/gcc-arm-none-eabi-4_9-2015q3/bin/../lib/gcc/arm-none-eabi/4.9.3/armv7-m/libgcc.a(_arm_fixsfsi.o)
                0x0800a9b4                __fixsfsi
                0x0800a9b4                __aeabi_f2iz
 .text          0x0800aa00       0x40 /opt/gcc-arm-none-eabi-4_9-2015q3/bin/../lib/gcc/arm-none-eabi/4.9.3/armv7-m/libgcc.a(_arm_fixunssfsi.o)
                0x0800aa00                __aeabi_f2uiz
                0x0800aa00                __fixunssfsi
 .text          0x0800aa40       0x30 /opt/gcc-arm-none-eabi-4_9-2015q3/bin/../lib/gcc/arm-none-eabi/4.9.3/armv7-m/libgcc.a(_aeabi_uldivmod.o)
                0x0800aa40                __aeabi_uldivmod
 .text          0x0800aa70       0x60 /opt/gcc-arm-none-eabi-4_9-2015q3/bin/../lib/gcc/arm-none-eabi/4.9.3/armv7-m/libgcc.a(bpabi.o)
                0x0800aa70                __gnu_ldivmod_helper
                0x0800aaa0                __gnu_uldivmod_helper
 .text          0x0800aad0        0x4 /opt/gcc-arm-none-eabi-4_9-2015q3/bin/../lib/gcc/arm-none-eabi/4.9.3/armv7-m/libgcc.a(_dvmd_tls.o)
                0x0800aad0                __aeabi_ldiv0
                0x0800aad0                __aeabi_idiv0
 .text          0x0800aad4      0x2ac /opt/gcc-arm-none-eabi-4_9-2015q3/bin/../lib/gcc/arm-none-eabi/4.9.3/armv7-m/libgcc.a(_divdi3.o)
                0x0800aad4                __divdi3
 .text          0x0800ad80      0x270 /opt/gcc-arm-none-eabi-4_9-2015q3/bin/../lib/gcc/arm-none-eabi/4.9.3/armv7-m/libgcc.a(_udivdi3.o)
                0x0800ad80                __udivdi3
 *(.fixup)
 *(.gnu.warning)
 *(.rodata .rodata.*)
 .rodata.pwm_channels
                0x0800aff0       0x40 /home/apmsel4/ardupilot/modules/PX4Firmware/Build/px4io-v2_default.build//home/apmsel4/ardupilot/modules/PX4Firmware/src/drivers/boards/px4io-v2/module.pre.o
                0x0800aff0                pwm_channels
 .rodata.pwm_timers
                0x0800b030       0x40 /home/apmsel4/ardupilot/modules/PX4Firmware/Build/px4io-v2_default.build//home/apmsel4/ardupilot/modules/PX4Firmware/src/drivers/boards/px4io-v2/module.pre.o
                0x0800b030                pwm_timers
 .rodata.latency_buckets
                0x0800b070       0x10 /home/apmsel4/ardupilot/modules/PX4Firmware/Build/px4io-v2_default.build//home/apmsel4/ardupilot/modules/PX4Firmware/src/drivers/stm32/module.pre.o
                0x0800b070                latency_buckets
 .rodata.str1.4
                0x0800b080      0x5c8 /home/apmsel4/ardupilot/modules/PX4Firmware/Build/px4io-v2_default.build//home/apmsel4/ardupilot/modules/PX4Firmware/src/modules/px4iofirmware/module.pre.o
                                0x5c7 (size before relaxing)
 .rodata.r_page_config
                0x0800b648       0x12 /home/apmsel4/ardupilot/modules/PX4Firmware/Build/px4io-v2_default.build//home/apmsel4/ardupilot/modules/PX4Firmware/src/modules/px4iofirmware/module.pre.o
 *fill*         0x0800b65a        0x2 
 .rodata.sbus_decoder
                0x0800b65c       0xc0 /home/apmsel4/ardupilot/modules/PX4Firmware/Build/px4io-v2_default.build//home/apmsel4/ardupilot/modules/PX4Firmware/src/modules/px4iofirmware/module.pre.o
 *fill*         0x0800b71c        0x4 
 .rodata._ZTV5Mixer
                0x0800b720       0x18 /home/apmsel4/ardupilot/modules/PX4Firmware/Build/px4io-v2_default.build//home/apmsel4/ardupilot/modules/PX4Firmware/src/modules/px4iofirmware/module.pre.o
                0x0800b720                vtable for Mixer
 .rodata._ZTV9NullMixer
                0x0800b738       0x18 /home/apmsel4/ardupilot/modules/PX4Firmware/Build/px4io-v2_default.build//home/apmsel4/ardupilot/modules/PX4Firmware/src/modules/px4iofirmware/module.pre.o
                0x0800b738                vtable for NullMixer
 .rodata._ZTV10MixerGroup
                0x0800b750       0x18 /home/apmsel4/ardupilot/modules/PX4Firmware/Build/px4io-v2_default.build//home/apmsel4/ardupilot/modules/PX4Firmware/src/modules/px4iofirmware/module.pre.o
                0x0800b750                vtable for MixerGroup
 .rodata._ZN12_GLOBAL__N_1L13_config_tri_yE
                0x0800b768       0x30 /home/apmsel4/ardupilot/modules/PX4Firmware/Build/px4io-v2_default.build//home/apmsel4/ardupilot/modules/PX4Firmware/src/modules/px4iofirmware/module.pre.o
 .rodata._ZN12_GLOBAL__N_1L19_config_twin_engineE
                0x0800b798       0x20 /home/apmsel4/ardupilot/modules/PX4Firmware/Build/px4io-v2_default.build//home/apmsel4/ardupilot/modules/PX4Firmware/src/modules/px4iofirmware/module.pre.o
 .rodata._ZN12_GLOBAL__N_1L13_config_hex_xE
                0x0800b7b8       0x60 /home/apmsel4/ardupilot/modules/PX4Firmware/Build/px4io-v2_default.build//home/apmsel4/ardupilot/modules/PX4Firmware/src/modules/px4iofirmware/module.pre.o
 .rodata._ZN12_GLOBAL__N_1L15_config_hex_coxE
                0x0800b818       0x60 /home/apmsel4/ardupilot/modules/PX4Firmware/Build/px4io-v2_default.build//home/apmsel4/ardupilot/modules/PX4Firmware/src/modules/px4iofirmware/module.pre.o
 .rodata._ZN12_GLOBAL__N_1L14_config_octa_xE
                0x0800b878       0x80 /home/apmsel4/ardupilot/modules/PX4Firmware/Build/px4io-v2_default.build//home/apmsel4/ardupilot/modules/PX4Firmware/src/modules/px4iofirmware/module.pre.o
 .rodata._ZN12_GLOBAL__N_1L19_config_rotor_countE
                0x0800b8f8       0x34 /home/apmsel4/ardupilot/modules/PX4Firmware/Build/px4io-v2_default.build//home/apmsel4/ardupilot/modules/PX4Firmware/src/modules/px4iofirmware/module.pre.o
 .rodata._ZN12_GLOBAL__N_1L20_config_quad_deadcatE
                0x0800b92c       0x40 /home/apmsel4/ardupilot/modules/PX4Firmware/Build/px4io-v2_default.build//home/apmsel4/ardupilot/modules/PX4Firmware/src/modules/px4iofirmware/module.pre.o
 .rodata._ZN12_GLOBAL__N_1L16_config_hex_plusE
                0x0800b96c       0x60 /home/apmsel4/ardupilot/modules/PX4Firmware/Build/px4io-v2_default.build//home/apmsel4/ardupilot/modules/PX4Firmware/src/modules/px4iofirmware/module.pre.o
 .rodata._ZN12_GLOBAL__N_1L17_config_octa_plusE
                0x0800b9cc       0x80 /home/apmsel4/ardupilot/modules/PX4Firmware/Build/px4io-v2_default.build//home/apmsel4/ardupilot/modules/PX4Firmware/src/modules/px4iofirmware/module.pre.o
 .rodata._ZN12_GLOBAL__N_1L17_config_quad_plusE
                0x0800ba4c       0x40 /home/apmsel4/ardupilot/modules/PX4Firmware/Build/px4io-v2_default.build//home/apmsel4/ardupilot/modules/PX4Firmware/src/modules/px4iofirmware/module.pre.o
 .rodata._ZN12_GLOBAL__N_113_config_indexE
                0x0800ba8c       0x34 /home/apmsel4/ardupilot/modules/PX4Firmware/Build/px4io-v2_default.build//home/apmsel4/ardupilot/modules/PX4Firmware/src/modules/px4iofirmware/module.pre.o
 .rodata._ZN12_GLOBAL__N_1L17_config_quad_wideE
                0x0800bac0       0x40 /home/apmsel4/ardupilot/modules/PX4Firmware/Build/px4io-v2_default.build//home/apmsel4/ardupilot/modules/PX4Firmware/src/modules/px4iofirmware/module.pre.o
 .rodata._ZN12_GLOBAL__N_1L16_config_octa_coxE
                0x0800bb00       0x80 /home/apmsel4/ardupilot/modules/PX4Firmware/Build/px4io-v2_default.build//home/apmsel4/ardupilot/modules/PX4Firmware/src/modules/px4iofirmware/module.pre.o
 .rodata._ZN12_GLOBAL__N_1L14_config_quad_vE
                0x0800bb80       0x40 /home/apmsel4/ardupilot/modules/PX4Firmware/Build/px4io-v2_default.build//home/apmsel4/ardupilot/modules/PX4Firmware/src/modules/px4iofirmware/module.pre.o
 .rodata._ZN12_GLOBAL__N_1L14_config_quad_xE
                0x0800bbc0       0x40 /home/apmsel4/ardupilot/modules/PX4Firmware/Build/px4io-v2_default.build//home/apmsel4/ardupilot/modules/PX4Firmware/src/modules/px4iofirmware/module.pre.o
 .rodata._ZTV15MultirotorMixer
                0x0800bc00       0x18 /home/apmsel4/ardupilot/modules/PX4Firmware/Build/px4io-v2_default.build//home/apmsel4/ardupilot/modules/PX4Firmware/src/modules/px4iofirmware/module.pre.o
                0x0800bc00                vtable for MultirotorMixer
 .rodata._ZTV11SimpleMixer
                0x0800bc18       0x18 /home/apmsel4/ardupilot/modules/PX4Firmware/Build/px4io-v2_default.build//home/apmsel4/ardupilot/modules/PX4Firmware/src/modules/px4iofirmware/module.pre.o
                0x0800bc18                vtable for SimpleMixer
 .rodata.crc8_tab
                0x0800bc30      0x100 /home/apmsel4/ardupilot/modules/PX4Firmware/Build/px4io-v2_default.build//home/apmsel4/ardupilot/modules/PX4Firmware/src/modules/px4iofirmware/module.pre.o
 .rodata.str1.1
                0x0800bd30       0x14 /home/apmsel4/ardupilot/modules/PX4Firmware/Build/px4io-v2_default.build/nuttx-export/libs/libnuttx.a(sched-irq_unexpectedisr.o)
 .rodata.str1.1
                0x0800bd44        0xd /home/apmsel4/ardupilot/modules/PX4Firmware/Build/px4io-v2_default.build/nuttx-export/libs/libnuttx.a(sched-sched_lock.o)
 .rodata.g_noname
                0x0800bd51        0x9 /home/apmsel4/ardupilot/modules/PX4Firmware/Build/px4io-v2_default.build/nuttx-export/libs/libnuttx.a(sched-task_setup.o)
 .rodata.str1.1
                0x0800bd5a       0x11 /home/apmsel4/ardupilot/modules/PX4Firmware/Build/px4io-v2_default.build/nuttx-export/libs/libnuttx.a(sched-task_terminate.o)
 *fill*         0x0800bd6b        0x1 
 .rodata.crc32_tab
                0x0800bd6c      0x400 /home/apmsel4/ardupilot/modules/PX4Firmware/Build/px4io-v2_default.build/nuttx-export/libs/libnuttx.a(c-lib_crc32.o)
 .rodata.str1.1
                0x0800c16c       0x14 /home/apmsel4/ardupilot/modules/PX4Firmware/Build/px4io-v2_default.build/nuttx-export/libs/libnuttx.a(c-lib_sscanf.o)
 .rodata.spaces
                0x0800c180        0x7 /home/apmsel4/ardupilot/modules/PX4Firmware/Build/px4io-v2_default.build/nuttx-export/libs/libnuttx.a(c-lib_sscanf.o)
 .rodata.str1.1
                0x0800c187        0x9 /home/apmsel4/ardupilot/modules/PX4Firmware/Build/px4io-v2_default.build/nuttx-export/libs/libnuttx.a(mm-mm_sem.o)
 .rodata.str1.1
                0x0800c190       0x17 /home/apmsel4/ardupilot/modules/PX4Firmware/Build/px4io-v2_default.build/nuttx-export/libs/libnuttx.a(arch-stm32_dma.o)
 *fill*         0x0800c1a7        0x1 
 .rodata.g_gpiobase
                0x0800c1a8       0x10 /home/apmsel4/ardupilot/modules/PX4Firmware/Build/px4io-v2_default.build/nuttx-export/libs/libnuttx.a(arch-stm32_gpio.o)
                0x0800c1a8                g_gpiobase
 .rodata.str1.1
                0x0800c1b8       0x23 /home/apmsel4/ardupilot/modules/PX4Firmware/Build/px4io-v2_default.build/nuttx-export/libs/libnuttx.a(arch-stm32_serial.o)
 *fill*         0x0800c1db        0x1 
 .rodata.uart_devs
                0x0800c1dc        0xc /home/apmsel4/ardupilot/modules/PX4Firmware/Build/px4io-v2_default.build/nuttx-export/libs/libnuttx.a(arch-stm32_serial.o)
 .rodata.g_uart_ops
                0x0800c1e8       0x34 /home/apmsel4/ardupilot/modules/PX4Firmware/Build/px4io-v2_default.build/nuttx-export/libs/libnuttx.a(arch-stm32_serial.o)
 .rodata.g_uart_dma_ops
                0x0800c21c       0x34 /home/apmsel4/ardupilot/modules/PX4Firmware/Build/px4io-v2_default.build/nuttx-export/libs/libnuttx.a(arch-stm32_serial.o)
 .rodata.str1.1
                0x0800c250      0x160 /home/apmsel4/ardupilot/modules/PX4Firmware/Build/px4io-v2_default.build/nuttx-export/libs/libnuttx.a(arch-up_assert.o)
 .rodata.str1.1
                0x0800c3b0       0x17 /home/apmsel4/ardupilot/modules/PX4Firmware/Build/px4io-v2_default.build/nuttx-export/libs/libnuttx.a(arch-up_hardfault.o)
 .rodata.str1.1
                0x0800c3c7       0x19 /home/apmsel4/ardupilot/modules/PX4Firmware/Build/px4io-v2_default.build/nuttx-export/libs/libnuttx.a(cxx-libxx_cxapurevirtual.o)
 .rodata.str1.1
                0x0800c3e0       0x10 /home/apmsel4/ardupilot/modules/PX4Firmware/Build/px4io-v2_default.build/nuttx-export/libs/libnuttx.a(drivers-serial.o)
 .rodata.g_serialops
                0x0800c3f0       0x18 /home/apmsel4/ardupilot/modules/PX4Firmware/Build/px4io-v2_default.build/nuttx-export/libs/libnuttx.a(drivers-serial.o)
 .rodata.g_idlename
                0x0800c408        0xa /home/apmsel4/ardupilot/modules/PX4Firmware/Build/px4io-v2_default.build/nuttx-export/libs/libnuttx.a(sched-os_start.o)
 *fill*         0x0800c412        0x2 
 .rodata.g_tasklisttable
                0x0800c414       0x30 /home/apmsel4/ardupilot/modules/PX4Firmware/Build/px4io-v2_default.build/nuttx-export/libs/libnuttx.a(sched-os_start.o)
                0x0800c414                g_tasklisttable
 .rodata.str1.1
                0x0800c444       0x15 /home/apmsel4/ardupilot/modules/PX4Firmware/Build/px4io-v2_default.build/nuttx-export/libs/libnuttx.a(sched-sched_mergepending.o)
 .rodata.str1.1
                0x0800c459        0xb /home/apmsel4/ardupilot/modules/PX4Firmware/Build/px4io-v2_default.build/nuttx-export/libs/libnuttx.a(sched-sem_post.o)
 .rodata.str1.1
                0x0800c464        0xb /home/apmsel4/ardupilot/modules/PX4Firmware/Build/px4io-v2_default.build/nuttx-export/libs/libnuttx.a(sched-sem_wait.o)
 .rodata.str1.1
                0x0800c46f        0xc /home/apmsel4/ardupilot/modules/PX4Firmware/Build/px4io-v2_default.build/nuttx-export/libs/libnuttx.a(sched-wd_cancel.o)
 .rodata.g_nullstring
                0x0800c47b        0x7 /home/apmsel4/ardupilot/modules/PX4Firmware/Build/px4io-v2_default.build/nuttx-export/libs/libnuttx.a(c-lib_libvsprintf.o)
 .rodata.str1.1
                0x0800c482       0x1c /home/apmsel4/ardupilot/modules/PX4Firmware/Build/px4io-v2_default.build/nuttx-export/libs/libnuttx.a(c-lib_libvsprintf.o)
 .rodata        0x0800c49e        0x4 /home/apmsel4/ardupilot/modules/PX4Firmware/Build/px4io-v2_default.build/nuttx-export/libs/libnuttx.a(arch-stm32_vectors.o)
                0x0800c49e                g_idle_topstack
 .rodata.str1.1
                0x0800c4a2       0x17 /home/apmsel4/ardupilot/modules/PX4Firmware/Build/px4io-v2_default.build/nuttx-export/libs/libnuttx.a(arch-up_blocktask.o)
 .rodata.str1.1
                0x0800c4b9       0x19 /home/apmsel4/ardupilot/modules/PX4Firmware/Build/px4io-v2_default.build/nuttx-export/libs/libnuttx.a(arch-up_unblocktask.o)
 .rodata.str1.1
                0x0800c4d2        0xb /home/apmsel4/ardupilot/modules/PX4Firmware/Build/px4io-v2_default.build/nuttx-export/libs/libnuttx.a(fs-fs_files.o)
 .rodata.str1.1
                0x00000000        0xd /home/apmsel4/ardupilot/modules/PX4Firmware/Build/px4io-v2_default.build/nuttx-export/libs/libnuttx.a(sched-group_setupidlefiles.o)
 .rodata.str1.1
                0x0800c4dd       0x12 /home/apmsel4/ardupilot/modules/PX4Firmware/Build/px4io-v2_default.build/nuttx-export/libs/libnuttx.a(sched-os_bringup.o)
 .rodata.str1.1
                0x0800c4ef       0x13 /home/apmsel4/ardupilot/modules/PX4Firmware/Build/px4io-v2_default.build/nuttx-export/libs/libnuttx.a(sched-sched_addblocked.o)
 .rodata.str1.1
                0x0800c502       0x17 /home/apmsel4/ardupilot/modules/PX4Firmware/Build/px4io-v2_default.build/nuttx-export/libs/libnuttx.a(sched-sched_addprioritized.o)
 .rodata.str1.1
                0x0800c519       0x16 /home/apmsel4/ardupilot/modules/PX4Firmware/Build/px4io-v2_default.build/nuttx-export/libs/libnuttx.a(sched-sched_addreadytorun.o)
 .rodata.str1.1
                0x0800c52f       0x16 /home/apmsel4/ardupilot/modules/PX4Firmware/Build/px4io-v2_default.build/nuttx-export/libs/libnuttx.a(sched-sched_removeblocked.o)
 .rodata.str1.1
                0x0800c545       0x19 /home/apmsel4/ardupilot/modules/PX4Firmware/Build/px4io-v2_default.build/nuttx-export/libs/libnuttx.a(sched-sched_removereadytorun.o)
 .rodata.str1.1
                0x0800c55e        0xb /home/apmsel4/ardupilot/modules/PX4Firmware/Build/px4io-v2_default.build/nuttx-export/libs/libnuttx.a(fs-fs_inode.o)
 *(.gnu.linkonce.t.*)
 *(.glue_7)
 .glue_7        0x00000000        0x0 linker stubs
 *(.glue_7t)
 .glue_7t       0x00000000        0x0 linker stubs
 *(.got)
 *(.gcc_except_table)
 *(.gnu.linkonce.r.*)
                0x0800c569                _etext = ABSOLUTE (.)
